HERCULES is running
Intialising 
	 Reading input file 
	 Run name: Earth_correct_params_S3.20c_L1.3_N100_Nm1000_k6_f121_p10_l1_0_1.5
	 Input file read successful
	 Initialisation by reading start file ../../../Corotating_planet_grid/M1.0_fcore0.3_S4.0c/M1.0_fcore0.3_S4.0c_AM0.0/Output/M1.0_fcore0.3_S4.0c_L0_N100_Nm1000_k6_f121_p10_l1_0_1.5_final
	 Initialisation complete
Itterating
	 Main Itteration # 	 convergence 	 a 	 aspect 	 ellipticity 	 l 	 omega_rot 	 Mass error 	 AM error 
		 Mass/AM Itteration # 	 convergence 	 p_core 	 a 	 omega_rot 	 edge corot 	 AM error 
	 	 	1	1	3.89596e+11	6.59137e+06	0.000522881	0	-4.01977e-16
	 	 	2	0.0548498	3.69338e+11	6.56787e+06	0.000539726	0	-2.61285e-15
	 	 	3	0.0368937	3.56196e+11	6.55908e+06	0.000547113	0	-8.03955e-16
	 	 	4	0.0209858	3.48875e+11	6.55423e+06	0.000550906	0	1.20593e-15
	 	 	5	0.0111949	3.45013e+11	6.5513e+06	0.000553069	0	-4.01977e-16
	 	 	6	0.00609053	3.42924e+11	6.54949e+06	0.000554271	0	1.40692e-15
	 	 	7	0.00321709	3.41824e+11	6.54832e+06	0.000554992	0	8.03955e-16
	 	 	8	0.00174779	3.41228e+11	6.54784e+06	0.000555404	0	-2.00989e-16
	 	 	9	0.00112041	3.40846e+11	6.54774e+06	0.000555566	0	-4.01977e-16
	 	 	10	0.000628901	3.40632e+11	6.54767e+06	0.000555647	0	-2.61285e-15
	 	 	11	0.000308466	3.40527e+11	6.54758e+06	0.000555704	0	2.00989e-16
	 	 	12	0.000157647	3.40473e+11	6.54753e+06	0.000555739	0	-1.00494e-15
	 	 	13	8.53733e-05	3.40444e+11	6.54749e+06	0.000555759	0	2.81384e-15
	 	 	14	4.76036e-05	3.40428e+11	6.54748e+06	0.00055577	0	-2.00989e-16
	 	 	15	2.67388e-05	3.40419e+11	6.54747e+06	0.000555776	0	-3.01483e-15
	 	 	16	1.5011e-05	3.40414e+11	6.54746e+06	0.00055578	0	2.21088e-15
	 	 	17	8.41404e-06	3.40411e+11	6.54746e+06	0.000555782	0	-6.02966e-16
	 	 	18	4.71221e-06	3.40409e+11	6.54745e+06	0.000555783	0	8.03955e-16
	 	 	19	2.63831e-06	3.40408e+11	6.54745e+06	0.000555784	0	-1.60791e-15
	 	 	20	1.47712e-06	3.40408e+11	6.54745e+06	0.000555784	0	1.20593e-15
	 	 	21	8.27021e-07	3.40407e+11	6.54745e+06	0.000555784	0	2.61285e-15
	 	 	22	4.6305e-07	3.40407e+11	6.54745e+06	0.000555784	0	-1.20593e-15
	 	 	23	2.59265e-07	3.40407e+11	6.54745e+06	0.000555784	0	0
	 	 	24	1.45165e-07	3.40407e+11	6.54745e+06	0.000555784	0	2.41186e-15
	 	 	25	8.12787e-08	3.40407e+11	6.54745e+06	0.000555784	0	-2.00989e-15
	 	 	26	4.55084e-08	3.40407e+11	6.54745e+06	0.000555784	0	-6.02966e-16
	 	 	27	2.54808e-08	3.40407e+11	6.54745e+06	0.000555784	0	-2.00989e-16
	 	 	28	1.42668e-08	3.40407e+11	6.54745e+06	0.000555784	0	-2.81384e-15
	 	 	29	7.98811e-09	3.40407e+11	6.54745e+06	0.000555784	0	-1.20593e-15
	 1	0.0394337	6.54745e+06	1	0.000284972	0.000284972	0.000555784	3.12554e-09	-1.20593e-15
		 Mass/AM Itteration # 	 convergence 	 p_core 	 a 	 omega_rot 	 edge corot 	 AM error 
	 	 	1	1	3.27985e+11	6.78414e+06	0.000527357	0	-2.21088e-15
	 	 	2	0.0425933	3.42576e+11	6.77565e+06	0.000526226	0	-1.40692e-15
	 	 	3	0.0181608	3.48913e+11	6.77568e+06	0.000524852	0	0
	 	 	4	0.00800239	3.51728e+11	6.77719e+06	0.000523791	0	6.02966e-16
	 	 	5	0.003692	3.53031e+11	6.77849e+06	0.000523063	0	-6.02966e-16
	 	 	6	0.0018846	3.53698e+11	6.78115e+06	0.000521928	0	2.00989e-16
	 	 	7	0.00157693	3.54256e+11	6.78011e+06	0.000522124	0	-8.03955e-16
	 	 	8	0.000564277	3.54456e+11	6.77978e+06	0.000522192	0	4.01977e-16
	 	 	9	0.000194775	3.54525e+11	6.77968e+06	0.000522213	0	-1.00494e-15
	 	 	10	6.52249e-05	3.54548e+11	6.77965e+06	0.00052222	0	-1.40692e-15
	 	 	11	2.11473e-05	3.54556e+11	6.77965e+06	0.000522222	0	-2.00989e-15
	 	 	12	6.64655e-06	3.54558e+11	6.77964e+06	0.000522222	0	3.81879e-15
	 	 	13	2.03885e-06	3.54559e+11	6.77964e+06	0.000522222	0	4.01977e-16
	 	 	14	6.1511e-07	3.54559e+11	6.77964e+06	0.000522222	0	0
	 	 	15	1.83617e-07	3.54559e+11	6.77964e+06	0.000522222	0	-4.01977e-16
	 	 	16	5.44532e-08	3.54559e+11	6.77964e+06	0.000522222	0	-2.00989e-15
	 	 	17	1.60838e-08	3.54559e+11	6.77964e+06	0.000522222	0	8.03955e-16
	 	 	18	4.73903e-09	3.54559e+11	6.77964e+06	0.000522222	0	1.00494e-15
	 2	0.010058	6.77964e+06	0.891915	0.452203	0.507003	0.000522222	0	1.00494e-15
		 Mass/AM Itteration # 	 convergence 	 p_core 	 a 	 omega_rot 	 edge corot 	 AM error 
	 	 	1	1	3.47427e+11	6.87937e+06	0.000509127	0	-8.03955e-16
	 	 	2	0.0233077	3.55718e+11	6.87173e+06	0.000509737	0	-2.00989e-16
	 	 	3	0.00817375	3.58649e+11	6.87031e+06	0.000509762	0	2.00989e-16
	 	 	4	0.00282012	3.59664e+11	6.87237e+06	0.000508885	0	1.20593e-15
	 	 	5	0.00161439	3.60245e+11	6.87168e+06	0.000509014	0	1.8089e-15
	 	 	6	0.000504419	3.60427e+11	6.87153e+06	0.000509044	0	8.03955e-16
	 	 	7	0.000141804	3.60478e+11	6.8715e+06	0.000509051	0	3.21582e-15
	 	 	8	3.66889e-05	3.60491e+11	6.8715e+06	0.000509053	0	2.21088e-15
	 	 	9	8.96198e-06	3.60495e+11	6.8715e+06	0.000509053	0	3.41681e-15
	 	 	10	2.10046e-06	3.60495e+11	6.8715e+06	0.000509053	0	-1.00494e-15
	 	 	11	4.77716e-07	3.60496e+11	6.8715e+06	0.000509053	0	-1.00494e-15
	 	 	12	1.0634e-07	3.60496e+11	6.8715e+06	0.000509053	0	8.03955e-16
	 	 	13	2.33182e-08	3.60496e+11	6.8715e+06	0.000509053	0	4.01977e-16
	 	 	14	5.06013e-09	3.60496e+11	6.8715e+06	0.000509053	0	8.03955e-16
	 3	0.00508207	6.8715e+06	0.85523	0.518249	0.605976	0.000509053	-1.79787e-16	8.03955e-16
		 Mass/AM Itteration # 	 convergence 	 p_core 	 a 	 omega_rot 	 edge corot 	 AM error 
	 	 	1	1	3.56899e+11	6.91504e+06	0.000502513	0	0
	 	 	2	0.0122671	3.61332e+11	6.90971e+06	0.000503418	0	-4.01977e-16
	 	 	3	0.00351941	3.62608e+11	6.90836e+06	0.000503682	0	2.00989e-16
	 	 	4	0.00100911	3.62974e+11	6.90794e+06	0.000503767	0	-4.01977e-16
	 	 	5	0.00030147	3.63084e+11	6.90781e+06	0.000503794	0	-1.60791e-15
	 	 	6	9.27202e-05	3.63117e+11	6.90778e+06	0.000503802	0	1.8089e-15
	 	 	7	2.86573e-05	3.63128e+11	6.90776e+06	0.000503804	0	-4.01977e-16
	 	 	8	8.78439e-06	3.63131e+11	6.90776e+06	0.000503805	0	-2.00989e-15
	 	 	9	2.66436e-06	3.63132e+11	6.90776e+06	0.000503805	0	4.01977e-16
	 	 	10	8.01312e-07	3.63132e+11	6.90776e+06	0.000503805	0	-2.00989e-15
	 	 	11	2.39616e-07	3.63132e+11	6.90776e+06	0.000503805	0	-1.00494e-15
	 	 	12	7.13906e-08	3.63132e+11	6.90776e+06	0.000503805	0	1.40692e-15
	 	 	13	2.12215e-08	3.63132e+11	6.90776e+06	0.000503805	0	2.21088e-15
	 	 	14	6.29941e-09	3.63132e+11	6.90776e+06	0.000503805	0	1.20593e-15
	 4	0.0021943	6.90776e+06	0.841252	0.540644	0.642666	0.000503805	5.39361e-16	1.20593e-15
		 Mass/AM Itteration # 	 convergence 	 p_core 	 a 	 omega_rot 	 edge corot 	 AM error 
	 	 	1	1	3.61432e+11	6.92618e+06	0.000500964	0	8.03955e-16
	 	 	2	0.00554837	3.63449e+11	6.92338e+06	0.00050144	0	-1.20593e-15
	 	 	3	0.0016125	3.64036e+11	6.92271e+06	0.00050157	0	1.20593e-15
	 	 	4	0.000476243	3.64209e+11	6.92259e+06	0.000501598	0	2.00989e-16
	 	 	5	0.000132192	3.64258e+11	6.92256e+06	0.000501603	0	3.01483e-15
	 	 	6	3.3998e-05	3.6427e+11	6.92256e+06	0.000501605	0	-4.01977e-16
	 	 	7	8.19559e-06	3.64273e+11	6.92256e+06	0.000501605	0	2.81384e-15
	 	 	8	1.88716e-06	3.64274e+11	6.92256e+06	0.000501605	0	-1.20593e-15
	 	 	9	4.2161e-07	3.64274e+11	6.92256e+06	0.000501605	0	-2.00989e-16
	 	 	10	9.2354e-08	3.64274e+11	6.92256e+06	0.000501605	0	2.41186e-15
	 	 	11	1.99684e-08	3.64274e+11	6.92256e+06	0.000501605	0	2.00989e-16
	 	 	12	4.27979e-09	3.64274e+11	6.92256e+06	0.000501605	0	0
	 5	0.000930269	6.92256e+06	0.835644	0.549271	0.657303	0.000501605	0	0
		 Mass/AM Itteration # 	 convergence 	 p_core 	 a 	 omega_rot 	 edge corot 	 AM error 
	 	 	1	1	3.63501e+11	6.93007e+06	0.000500423	0	-4.01977e-16
	 	 	2	0.00250585	3.64414e+11	6.92897e+06	0.000500609	0	-1.20593e-15
	 	 	3	0.000695322	3.64667e+11	6.92876e+06	0.000500652	0	-1.40692e-15
	 	 	4	0.000189001	3.64736e+11	6.92871e+06	0.000500662	0	2.00989e-15
	 	 	5	4.94367e-05	3.64754e+11	6.9287e+06	0.000500664	0	2.00989e-16
	 	 	6	1.22739e-05	3.64759e+11	6.9287e+06	0.000500664	0	-5.22571e-15
	 	 	7	2.90626e-06	3.6476e+11	6.9287e+06	0.000500664	0	6.02966e-16
	 	 	8	6.63653e-07	3.6476e+11	6.9287e+06	0.000500664	0	1.60791e-15
	 	 	9	1.47688e-07	3.6476e+11	6.9287e+06	0.000500664	0	-1.60791e-15
	 	 	10	3.22861e-08	3.6476e+11	6.9287e+06	0.000500664	0	1.20593e-15
	 	 	11	6.9726e-09	3.6476e+11	6.9287e+06	0.000500664	0	-3.6178e-15
	 6	0.000404355	6.9287e+06	0.833335	0.552768	0.66332	0.000500664	1.79787e-16	-3.6178e-15
		 Mass/AM Itteration # 	 convergence 	 p_core 	 a 	 omega_rot 	 edge corot 	 AM error 
	 	 	1	1	3.64417e+11	6.93179e+06	0.000500171	0	2.81384e-15
	 	 	2	0.00111137	3.64822e+11	6.93135e+06	0.000500244	0	1.60791e-15
	 	 	3	0.00029815	3.64931e+11	6.93127e+06	0.000500261	0	4.01977e-16
	 	 	4	7.88201e-05	3.6496e+11	6.93125e+06	0.000500265	0	-1.8089e-15
	 	 	5	2.02776e-05	3.64967e+11	6.93125e+06	0.000500266	0	2.21088e-15
	 	 	6	4.99371e-06	3.64969e+11	6.93124e+06	0.000500266	0	6.02966e-16
	 	 	7	1.17796e-06	3.64969e+11	6.93124e+06	0.000500266	0	8.03955e-16
	 	 	8	2.68421e-07	3.6497e+11	6.93124e+06	0.000500266	0	2.00989e-15
	 	 	9	5.96367e-08	3.6497e+11	6.93124e+06	0.000500266	0	2.00989e-16
	 	 	10	1.30169e-08	3.6497e+11	6.93124e+06	0.000500266	0	1.60791e-15
	 	 	11	2.80665e-09	3.6497e+11	6.93124e+06	0.000500266	0	1.20593e-15
	 7	0.00016889	6.93124e+06	0.832372	0.554217	0.665829	0.000500266	-1.79787e-16	1.20593e-15
		 Mass/AM Itteration # 	 convergence 	 p_core 	 a 	 omega_rot 	 edge corot 	 AM error 
	 	 	1	1	3.64819e+11	6.93254e+06	0.000500056	0	-6.02966e-16
	 	 	2	0.000484634	3.64996e+11	6.93235e+06	0.000500088	0	2.21088e-15
	 	 	3	0.000128839	3.65043e+11	6.93231e+06	0.000500095	0	-1.60791e-15
	 	 	4	3.38744e-05	3.65055e+11	6.93231e+06	0.000500097	0	2.00989e-16
	 	 	5	8.70161e-06	3.65059e+11	6.93231e+06	0.000500097	0	-8.03955e-16
	 	 	6	2.14318e-06	3.65059e+11	6.93231e+06	0.000500097	0	-6.02966e-16
	 	 	7	5.05764e-07	3.6506e+11	6.93231e+06	0.000500097	0	2.41186e-15
	 	 	8	1.15291e-07	3.6506e+11	6.93231e+06	0.000500097	0	-1.40692e-15
	 	 	9	2.56222e-08	3.6506e+11	6.93231e+06	0.000500097	0	-4.01977e-16
	 	 	10	5.59376e-09	3.6506e+11	6.93231e+06	0.000500097	0	-2.81384e-15
	 8	7.09062e-05	6.93231e+06	0.831966	0.554826	0.666885	0.000500097	-3.59574e-16	-2.81384e-15
		 Mass/AM Itteration # 	 convergence 	 p_core 	 a 	 omega_rot 	 edge corot 	 AM error 
	 	 	1	1	3.64994e+11	6.93285e+06	0.000500008	0	8.03955e-16
	 	 	2	0.000210061	3.65071e+11	6.93277e+06	0.000500021	0	1.60791e-15
	 	 	3	5.54919e-05	3.65091e+11	6.93275e+06	0.000500025	0	-8.03955e-16
	 	 	4	1.45397e-05	3.65096e+11	6.93275e+06	0.000500025	0	6.02966e-16
	 	 	5	3.732e-06	3.65098e+11	6.93275e+06	0.000500026	0	-6.02966e-16
	 	 	6	9.19272e-07	3.65098e+11	6.93275e+06	0.000500026	0	4.01977e-16
	 	 	7	2.16988e-07	3.65098e+11	6.93275e+06	0.000500026	0	1.20593e-15
	 	 	8	4.94731e-08	3.65098e+11	6.93275e+06	0.000500026	0	1.60791e-15
	 	 	9	1.09964e-08	3.65098e+11	6.93275e+06	0.000500026	0	-2.21088e-15
	 	 	10	2.40096e-09	3.65098e+11	6.93275e+06	0.000500026	0	1.20593e-15
	 9	2.99179e-05	6.93275e+06	0.831795	0.555083	0.667332	0.000500026	1.79787e-16	1.20593e-15
		 Mass/AM Itteration # 	 convergence 	 p_core 	 a 	 omega_rot 	 edge corot 	 AM error 
	 	 	1	1	3.6507e+11	6.93298e+06	0.000499987	0	-1.00494e-15
	 	 	2	9.06886e-05	3.65103e+11	6.93295e+06	0.000499993	0	-4.01977e-16
	 	 	3	2.38615e-05	3.65112e+11	6.93294e+06	0.000499995	0	-6.02966e-16
	 	 	4	6.23858e-06	3.65114e+11	6.93294e+06	0.000499995	0	-1.20593e-15
	 	 	5	1.60041e-06	3.65115e+11	6.93294e+06	0.000499995	0	6.02966e-16
	 	 	6	3.94219e-07	3.65115e+11	6.93294e+06	0.000499995	0	1.20593e-15
	 	 	7	9.30624e-08	3.65115e+11	6.93294e+06	0.000499995	0	1.60791e-15
	 	 	8	2.122e-08	3.65115e+11	6.93294e+06	0.000499995	0	-8.03955e-16
	 	 	9	4.7169e-09	3.65115e+11	6.93294e+06	0.000499995	0	-4.01977e-16
	 10	1.26757e-05	6.93294e+06	0.831722	0.555192	0.667522	0.000499995	-1.79787e-16	-4.01977e-16
		 Mass/AM Itteration # 	 convergence 	 p_core 	 a 	 omega_rot 	 edge corot 	 AM error 
	 	 	1	1	3.65103e+11	6.93304e+06	0.000499979	0	8.03955e-16
	 	 	2	3.90562e-05	3.65117e+11	6.93302e+06	0.000499981	0	-2.00989e-16
	 	 	3	1.0248e-05	3.65121e+11	6.93302e+06	0.000499982	0	-2.21088e-15
	 	 	4	2.67535e-06	3.65122e+11	6.93302e+06	0.000499982	0	-1.40692e-15
	 	 	5	6.86055e-07	3.65122e+11	6.93302e+06	0.000499982	0	-4.01977e-16
	 	 	6	1.68991e-07	3.65122e+11	6.93302e+06	0.000499982	0	-2.61285e-15
	 	 	7	3.98961e-08	3.65122e+11	6.93302e+06	0.000499982	0	-1.8089e-15
	 	 	8	9.0976e-09	3.65122e+11	6.93302e+06	0.000499982	0	-8.03955e-16
	 11	5.38759e-06	6.93302e+06	0.831691	0.555239	0.667602	0.000499982	-1.79787e-16	-8.03955e-16
		 Mass/AM Itteration # 	 convergence 	 p_core 	 a 	 omega_rot 	 edge corot 	 AM error 
	 	 	1	1	3.65117e+11	6.93306e+06	0.000499975	0	1.40692e-15
	 	 	2	1.67933e-05	3.65123e+11	6.93305e+06	0.000499976	0	-1.00494e-15
	 	 	3	4.39807e-06	3.65124e+11	6.93305e+06	0.000499976	0	8.03955e-16
	 	 	4	1.14697e-06	3.65125e+11	6.93305e+06	0.000499976	0	-1.40692e-15
	 	 	5	2.94045e-07	3.65125e+11	6.93305e+06	0.000499976	0	-1.00494e-15
	 	 	6	7.24297e-08	3.65125e+11	6.93305e+06	0.000499976	0	2.00989e-16
	 	 	7	1.71002e-08	3.65125e+11	6.93305e+06	0.000499976	0	-2.21088e-15
	 	 	8	3.89954e-09	3.65125e+11	6.93305e+06	0.000499976	0	-4.01977e-16
	 12	2.29525e-06	6.93305e+06	0.831678	0.555259	0.667637	0.000499976	3.59574e-16	-4.01977e-16
		 Mass/AM Itteration # 	 convergence 	 p_core 	 a 	 omega_rot 	 edge corot 	 AM error 
	 	 	1	1	3.65123e+11	6.93307e+06	0.000499973	0	4.01977e-15
	 	 	2	7.21284e-06	3.65125e+11	6.93307e+06	0.000499974	0	-2.41186e-15
	 	 	3	1.88653e-06	3.65126e+11	6.93307e+06	0.000499974	0	-1.00494e-15
	 	 	4	4.91638e-07	3.65126e+11	6.93307e+06	0.000499974	0	4.01977e-16
	 	 	5	1.26016e-07	3.65126e+11	6.93307e+06	0.000499974	0	0
	 	 	6	3.10405e-08	3.65126e+11	6.93307e+06	0.000499974	0	2.21088e-15
	 	 	7	7.32867e-09	3.65126e+11	6.93307e+06	0.000499974	0	6.02966e-16
	 13	9.79594e-07	6.93307e+06	0.831672	0.555267	0.667652	0.000499974	-1.79787e-16	6.02966e-16
		 Mass/AM Itteration # 	 convergence 	 p_core 	 a 	 omega_rot 	 edge corot 	 AM error 
	 	 	1	1	3.65125e+11	6.93307e+06	0.000499973	0	2.41186e-15
	 	 	2	3.09604e-06	3.65126e+11	6.93307e+06	0.000499973	0	-2.21088e-15
	 	 	3	8.09031e-07	3.65127e+11	6.93307e+06	0.000499973	0	0
	 	 	4	2.10729e-07	3.65127e+11	6.93307e+06	0.000499973	0	-2.00989e-15
	 	 	5	5.40064e-08	3.65127e+11	6.93307e+06	0.000499973	0	8.03955e-16
	 	 	6	1.33028e-08	3.65127e+11	6.93307e+06	0.000499973	0	2.41186e-15
	 	 	7	3.14085e-09	3.65127e+11	6.93307e+06	0.000499973	0	2.21088e-15
	 14	4.18513e-07	6.93307e+06	0.83167	0.555271	0.667658	0.000499973	1.79787e-16	2.21088e-15
		 Mass/AM Itteration # 	 convergence 	 p_core 	 a 	 omega_rot 	 edge corot 	 AM error 
	 	 	1	1	3.65126e+11	6.93308e+06	0.000499972	0	1.8089e-15
	 	 	2	1.32816e-06	3.65127e+11	6.93308e+06	0.000499972	0	6.02966e-16
	 	 	3	3.46848e-07	3.65127e+11	6.93308e+06	0.000499972	0	2.00989e-15
	 	 	4	9.03133e-08	3.65127e+11	6.93308e+06	0.000499972	0	-1.8089e-15
	 	 	5	2.31437e-08	3.65127e+11	6.93308e+06	0.000499972	0	1.8089e-15
	 	 	6	5.70074e-09	3.65127e+11	6.93308e+06	0.000499972	0	-1.00494e-15
	 15	1.79034e-07	6.93308e+06	0.831669	0.555272	0.667661	0.000499972	1.79787e-16	-1.00494e-15
		 Mass/AM Itteration # 	 convergence 	 p_core 	 a 	 omega_rot 	 edge corot 	 AM error 
	 	 	1	1	3.65127e+11	6.93308e+06	0.000499972	0	-1.00494e-15
	 	 	2	5.69828e-07	3.65127e+11	6.93308e+06	0.000499972	0	1.20593e-15
	 	 	3	1.48735e-07	3.65127e+11	6.93308e+06	0.000499972	0	8.03955e-16
	 	 	4	3.87166e-08	3.65127e+11	6.93308e+06	0.000499972	0	4.62274e-15
	 	 	5	9.92045e-09	3.65127e+11	6.93308e+06	0.000499972	0	3.41681e-15
	 16	7.66668e-08	6.93308e+06	0.831668	0.555273	0.667662	0.000499972	3.59574e-16	3.41681e-15
		 Mass/AM Itteration # 	 convergence 	 p_core 	 a 	 omega_rot 	 edge corot 	 AM error 
	 	 	1	1	3.65127e+11	6.93308e+06	0.000499972	0	-6.02966e-16
	 	 	2	2.44758e-07	3.65127e+11	6.93308e+06	0.000499972	0	-2.00989e-16
	 	 	3	6.38534e-08	3.65127e+11	6.93308e+06	0.000499972	0	-2.61285e-15
	 	 	4	1.66149e-08	3.65127e+11	6.93308e+06	0.000499972	0	1.40692e-15
	 	 	5	4.25625e-09	3.65127e+11	6.93308e+06	0.000499972	0	-1.60791e-15
	 17	3.27185e-08	6.93308e+06	0.831668	0.555273	0.667662	0.000499972	0	-1.60791e-15
		 Mass/AM Itteration # 	 convergence 	 p_core 	 a 	 omega_rot 	 edge corot 	 AM error 
	 	 	1	1	3.65127e+11	6.93308e+06	0.000499972	0	-4.01977e-16
	 	 	2	1.04919e-07	3.65127e+11	6.93308e+06	0.000499972	0	6.02966e-16
	 	 	3	2.7366e-08	3.65127e+11	6.93308e+06	0.000499972	0	0
	 	 	4	7.11996e-09	3.65127e+11	6.93308e+06	0.000499972	0	1.20593e-15
	 18	1.40995e-08	6.93308e+06	0.831668	0.555273	0.667662	0.000499972	-3.59574e-16	1.20593e-15
		 Mass/AM Itteration # 	 convergence 	 p_core 	 a 	 omega_rot 	 edge corot 	 AM error 
	 	 	1	1	3.65127e+11	6.93308e+06	0.000499972	0	4.01977e-16
	 	 	2	4.53321e-08	3.65127e+11	6.93308e+06	0.000499972	0	-3.81879e-15
	 	 	3	1.18155e-08	3.65127e+11	6.93308e+06	0.000499972	0	1.40692e-15
	 	 	4	3.07149e-09	3.65127e+11	6.93308e+06	0.000499972	0	-6.02966e-16
	 19	5.9547e-09	6.93308e+06	0.831668	0.555273	0.667663	0.000499972	0	-6.02966e-16
Back to main
run time (s) 2850.42
