HERCULES is running
Intialising 
	 Reading input file 
	 Run name: Earth_correct_params_S3.20c_L0_N100_Nm1000_k6_f121_p10_l1_0_1.5
	 Input file read successful
	 Initialisation by reading start file ../../../Corotating_planet_grid/M1.0_fcore0.3_S4.0c/M1.0_fcore0.3_S4.0c_AM0.0/Output/M1.0_fcore0.3_S4.0c_L0_N100_Nm1000_k6_f121_p10_l1_0_1.5_final
	 Initialisation complete
Itterating
	 Main Itteration # 	 convergence 	 a 	 aspect 	 ellipticity 	 l 	 omega_rot 	 Mass error 	 AM error 
		 Mass/AM Itteration # 	 convergence 	 p_core 	 a 	 omega_rot 	 edge corot 	 AM error 
	 	 	1	1	3.89596e+11	6.59137e+06	0	0	-nan
	 	 	2	0.043871	4.07472e+11	6.50948e+06	0	0	-nan
	 	 	3	0.00662257	4.10189e+11	6.47804e+06	0	0	-nan
	 	 	4	0.00326338	4.08854e+11	6.46528e+06	0	0	-nan
	 	 	5	0.00380598	4.07304e+11	6.45963e+06	0	0	-nan
	 	 	6	0.00272687	4.06197e+11	6.45685e+06	0	0	-nan
	 	 	7	0.00156155	4.05563e+11	6.4553e+06	0	0	-nan
	 	 	8	0.000842949	4.05222e+11	6.45442e+06	0	0	-nan
	 	 	9	0.00045449	4.05038e+11	6.45392e+06	0	0	-nan
	 	 	10	0.000247636	4.04937e+11	6.45365e+06	0	0	-nan
	 	 	11	0.000135901	4.04882e+11	6.4535e+06	0	0	-nan
	 	 	12	7.48145e-05	4.04852e+11	6.45342e+06	0	0	-nan
	 	 	13	4.12334e-05	4.04835e+11	6.45337e+06	0	0	-nan
	 	 	14	2.2733e-05	4.04826e+11	6.45334e+06	0	0	-nan
	 	 	15	1.25343e-05	4.04821e+11	6.45333e+06	0	0	-nan
	 	 	16	6.91128e-06	4.04818e+11	6.45332e+06	0	0	-nan
	 	 	17	3.81085e-06	4.04817e+11	6.45332e+06	0	0	-nan
	 	 	18	2.10131e-06	4.04816e+11	6.45332e+06	0	0	-nan
	 	 	19	1.15868e-06	4.04815e+11	6.45332e+06	0	0	-nan
	 	 	20	6.38906e-07	4.04815e+11	6.45331e+06	0	0	-nan
	 	 	21	3.523e-07	4.04815e+11	6.45331e+06	0	0	-nan
	 	 	22	1.94262e-07	4.04815e+11	6.45331e+06	0	0	-nan
	 	 	23	1.07119e-07	4.04815e+11	6.45331e+06	0	0	-nan
	 	 	24	5.90666e-08	4.04815e+11	6.45331e+06	0	0	-nan
	 	 	25	3.257e-08	4.04815e+11	6.45331e+06	0	0	-nan
	 	 	26	1.79597e-08	4.04815e+11	6.45331e+06	0	0	-nan
	 	 	27	9.90295e-09	4.04815e+11	6.45331e+06	0	0	-nan
	 1	0.0105144	6.45331e+06	1	0.000284972	0.000284972	0	7.27638e-09	-nan
		 Mass/AM Itteration # 	 convergence 	 p_core 	 a 	 omega_rot 	 edge corot 	 AM error 
	 	 	1	1	4.04815e+11	6.45331e+06	0	0	-nan
	 	 	2	1.90076e-08	4.04815e+11	6.45331e+06	0	0	-nan
	 	 	3	5.5431e-09	4.04815e+11	6.45331e+06	0	0	-nan
	 2	5.04002e-09	6.45331e+06	1	0.000201111	0.000201111	0	-3.59574e-16	-nan
Back to main
run time (s) 71.14
