HERCULES is running
Intialising 
	 Reading input file 
	 Run name: Earth_correct_params_S3.20c_L3.3_N100_Nm1000_k6_f121_p10_l1_0_1.5
	 Input file read successful
	 Initialisation by reading start file ../../Earth_correct_params_S3.20c/Earth_correct_params_S3.20c_AM3.0/Output/Earth_correct_params_S3.20c_L3_N100_Nm1000_k6_f121_p10_l1_0_1.5_final
	 Initialisation complete
Itterating
	 Main Itteration # 	 convergence 	 a 	 aspect 	 ellipticity 	 l 	 omega_rot 	 Mass error 	 AM error 
		 Mass/AM Itteration # 	 convergence 	 p_core 	 a 	 omega_rot 	 edge corot 	 AM error 
	 	 	1	1	2.66012e+11	8.91991e+06	0.000819616	0	0
	 	 	2	0.100717	2.41671e+11	9.02699e+06	0.000796817	0	-2.21697e-15
	 	 	3	0.0240335	2.35999e+11	9.03323e+06	0.000794266	0	0
	 	 	4	0.00693854	2.34373e+11	9.03247e+06	0.000794147	0	1.26684e-15
	 	 	5	0.00192542	2.33923e+11	9.03216e+06	0.000794168	0	1.42519e-15
	 	 	6	0.000468045	2.33813e+11	9.0321e+06	0.000794175	0	9.50128e-16
	 	 	7	9.95144e-05	2.3379e+11	9.03209e+06	0.000794177	0	-1.10848e-15
	 	 	8	1.89374e-05	2.33786e+11	9.03209e+06	0.000794177	0	1.26684e-15
	 	 	9	3.3032e-06	2.33785e+11	9.03209e+06	0.000794177	0	3.4838e-15
	 	 	10	5.39774e-07	2.33785e+11	9.03209e+06	0.000794177	0	-1.58355e-15
	 	 	11	8.42633e-08	2.33785e+11	9.03209e+06	0.000794177	0	-7.91774e-16
	 	 	12	1.27757e-08	2.33785e+11	9.03209e+06	0.000794177	0	9.50128e-16
	 	 	13	1.90509e-09	2.33785e+11	9.03209e+06	0.000794177	0	1.10848e-15
	 1	0.00948072	9.03209e+06	0.487345	0.87321	1.79177	0.000794177	1.79787e-16	1.10848e-15
		 Mass/AM Itteration # 	 convergence 	 p_core 	 a 	 omega_rot 	 edge corot 	 AM error 
	 	 	1	1	2.22715e+11	9.39062e+06	0.000803645	1	0
	 	 	2	0.020778	2.18181e+11	9.51409e+06	0.000761093	3	-4.27558e-15
	 	 	3	0.0497497	2.29604e+11	9.50748e+06	0.000754052	0	1.7419e-15
	 	 	4	0.0412426	2.39481e+11	9.48482e+06	0.000754721	0	-4.43393e-15
	 	 	5	0.0220937	2.44891e+11	9.47445e+06	0.000756204	0	-7.91774e-16
	 	 	6	0.00889789	2.4709e+11	9.47284e+06	0.000756332	0	7.91774e-16
	 	 	7	0.00368676	2.48004e+11	9.47505e+06	0.000755262	0	1.7419e-15
	 	 	8	0.00314613	2.48787e+11	9.4725e+06	0.000755773	0	-1.42519e-15
	 	 	9	0.000829967	2.48994e+11	9.47236e+06	0.000755835	0	3.16709e-16
	 	 	10	0.000225177	2.4905e+11	9.47239e+06	0.000755837	0	2.53368e-15
	 	 	11	5.72953e-05	2.49064e+11	9.4724e+06	0.000755836	0	-6.33419e-16
	 	 	12	1.298e-05	2.49067e+11	9.4724e+06	0.000755835	0	2.53368e-15
	 	 	13	2.5855e-06	2.49068e+11	9.4724e+06	0.000755835	0	-4.75064e-16
	 	 	14	4.54808e-07	2.49068e+11	9.4724e+06	0.000755835	0	-9.50128e-16
	 	 	15	7.13079e-08	2.49068e+11	9.4724e+06	0.000755835	0	0
	 	 	16	1.00706e-08	2.49068e+11	9.4724e+06	0.000755835	0	1.58355e-16
	 	 	17	1.29817e-09	2.49068e+11	9.4724e+06	0.000755835	0	7.91774e-16
	 2	0.0210587	9.4724e+06	0.444705	0.895677	2.01409	0.000755835	0	7.91774e-16
		 Mass/AM Itteration # 	 convergence 	 p_core 	 a 	 omega_rot 	 edge corot 	 AM error 
	 	 	1	1	2.46652e+11	9.5591e+06	0.000764317	0	-4.75064e-16
	 	 	2	0.0130822	2.43467e+11	9.60537e+06	0.00075093	0	-2.21697e-15
	 	 	3	0.0115132	2.46303e+11	9.60574e+06	0.00074725	0	-1.90026e-15
	 	 	4	0.0127689	2.49489e+11	9.60059e+06	0.000746672	0	9.50128e-16
	 	 	5	0.00830046	2.51577e+11	9.59391e+06	0.000748062	0	-4.11722e-15
	 	 	6	0.00228516	2.52153e+11	9.59017e+06	0.000749555	0	-3.16709e-16
	 	 	7	0.00141759	2.51796e+11	9.59632e+06	0.000747749	0	6.33419e-16
	 	 	8	0.0016654	2.52216e+11	9.59402e+06	0.000748142	0	9.50128e-16
	 	 	9	0.000428332	2.52324e+11	9.59382e+06	0.0007482	0	1.42519e-15
	 	 	10	0.00012237	2.52355e+11	9.59383e+06	0.000748203	0	-6.33419e-16
	 	 	11	3.37725e-05	2.52364e+11	9.59384e+06	0.000748203	0	-1.42519e-15
	 	 	12	8.21211e-06	2.52366e+11	9.59384e+06	0.000748203	0	2.05861e-15
	 	 	13	1.7187e-06	2.52366e+11	9.59384e+06	0.000748203	0	2.37532e-15
	 	 	14	3.1053e-07	2.52366e+11	9.59384e+06	0.000748203	0	1.42519e-15
	 	 	15	4.88069e-08	2.52366e+11	9.59384e+06	0.000748203	0	9.50128e-16
	 	 	16	6.71118e-09	2.52366e+11	9.59384e+06	0.000748203	0	-4.75064e-16
	 3	0.00478794	9.59384e+06	0.436829	0.899545	2.05926	0.000748203	-3.59574e-16	-4.75064e-16
		 Mass/AM Itteration # 	 convergence 	 p_core 	 a 	 omega_rot 	 edge corot 	 AM error 
	 	 	1	1	2.51838e+11	9.62466e+06	0.000754514	0	1.42519e-15
	 	 	2	0.0095162	2.49464e+11	9.65e+06	0.000747759	0	1.10848e-15
	 	 	3	0.00414947	2.50504e+11	9.65124e+06	0.000745718	0	0
	 	 	4	0.00586768	2.51982e+11	9.64844e+06	0.000745492	0	3.16709e-16
	 	 	5	0.00385919	2.52959e+11	9.6452e+06	0.000746158	0	-6.33419e-16
	 	 	6	0.0010652	2.53228e+11	9.64508e+06	0.000746232	0	-9.50128e-16
	 	 	7	0.000296593	2.53303e+11	9.64514e+06	0.000746232	0	-9.50128e-16
	 	 	8	7.56126e-05	2.53323e+11	9.64515e+06	0.00074623	0	-2.05861e-15
	 	 	9	1.68748e-05	2.53327e+11	9.64516e+06	0.00074623	0	-3.4838e-15
	 	 	10	3.26794e-06	2.53328e+11	9.64516e+06	0.00074623	0	1.10848e-15
	 	 	11	5.5108e-07	2.53328e+11	9.64516e+06	0.00074623	0	-1.10848e-15
	 	 	12	8.13367e-08	2.53328e+11	9.64516e+06	0.00074623	0	-1.7419e-15
	 	 	13	1.05543e-08	2.53328e+11	9.64516e+06	0.00074623	0	-7.91774e-16
	 	 	14	1.21387e-09	2.53328e+11	9.64516e+06	0.00074623	0	-1.26684e-15
	 4	0.00147791	9.64516e+06	0.434346	0.900746	2.0738	0.00074623	3.59574e-16	-1.26684e-15
		 Mass/AM Itteration # 	 convergence 	 p_core 	 a 	 omega_rot 	 edge corot 	 AM error 
	 	 	1	1	2.53194e+11	9.66083e+06	0.000751136	0	7.91774e-16
	 	 	2	0.00746711	2.51318e+11	9.67873e+06	0.000746538	0	-2.05861e-15
	 	 	3	0.00229434	2.51896e+11	9.68238e+06	0.000744145	0	-4.75064e-16
	 	 	4	0.00526849	2.5323e+11	9.67596e+06	0.000745318	0	-6.33419e-16
	 	 	5	0.00142984	2.53592e+11	9.67555e+06	0.00074547	0	-1.26684e-15
	 	 	6	0.000411624	2.53697e+11	9.67562e+06	0.000745475	0	-1.58355e-15
	 	 	7	0.000110747	2.53725e+11	9.67565e+06	0.000745473	0	-1.90026e-15
	 	 	8	2.59957e-05	2.53732e+11	9.67565e+06	0.000745472	0	-1.42519e-15
	 	 	9	5.24324e-06	2.53733e+11	9.67566e+06	0.000745472	0	1.10848e-15
	 	 	10	9.11603e-07	2.53733e+11	9.67566e+06	0.000745472	0	9.50128e-16
	 	 	11	1.37359e-07	2.53733e+11	9.67566e+06	0.000745472	0	2.85039e-15
	 	 	12	1.80003e-08	2.53733e+11	9.67566e+06	0.000745472	0	-4.75064e-16
	 	 	13	2.06285e-09	2.53733e+11	9.67566e+06	0.000745472	0	-4.75064e-16
	 5	0.000701657	9.67566e+06	0.433042	0.901374	2.08149	0.000745472	1.79787e-16	-4.75064e-16
		 Mass/AM Itteration # 	 convergence 	 p_core 	 a 	 omega_rot 	 edge corot 	 AM error 
	 	 	1	1	2.5368e+11	9.68474e+06	0.000749623	0	-6.33419e-16
	 	 	2	0.00634381	2.52081e+11	9.69941e+06	0.000745898	0	1.58355e-15
	 	 	3	0.00170717	2.52512e+11	9.70232e+06	0.000743991	0	-1.42519e-15
	 	 	4	0.00415684	2.53566e+11	9.69717e+06	0.000744927	0	-1.58355e-15
	 	 	5	0.00112892	2.53853e+11	9.69684e+06	0.000745048	0	-3.16709e-16
	 	 	6	0.000325189	2.53935e+11	9.6969e+06	0.000745052	0	-9.50128e-16
	 	 	7	8.7546e-05	2.53958e+11	9.69692e+06	0.00074505	0	0
	 	 	8	2.0557e-05	2.53963e+11	9.69693e+06	0.000745049	0	-1.26684e-15
	 	 	9	4.1438e-06	2.53964e+11	9.69693e+06	0.000745049	0	9.50128e-16
	 	 	10	7.189e-07	2.53964e+11	9.69693e+06	0.000745049	0	7.91774e-16
	 	 	11	1.07867e-07	2.53964e+11	9.69693e+06	0.000745049	0	3.16709e-16
	 	 	12	1.40413e-08	2.53964e+11	9.69693e+06	0.000745049	0	-3.16709e-16
	 	 	13	1.59504e-09	2.53964e+11	9.69693e+06	0.000745049	0	9.50128e-16
	 6	0.000412666	9.69693e+06	0.432151	0.901801	2.08678	0.000745049	-1.79787e-16	9.50128e-16
		 Mass/AM Itteration # 	 convergence 	 p_core 	 a 	 omega_rot 	 edge corot 	 AM error 
	 	 	1	1	2.5393e+11	9.70347e+06	0.000748176	0	-1.10848e-15
	 	 	2	0.00475776	2.52727e+11	9.71444e+06	0.000745411	0	-6.33419e-16
	 	 	3	0.00122987	2.53039e+11	9.71662e+06	0.000743991	0	-1.10848e-15
	 	 	4	0.0030772	2.5382e+11	9.71278e+06	0.000744686	0	-1.7419e-15
	 	 	5	0.000835413	2.54032e+11	9.71253e+06	0.000744777	0	0
	 	 	6	0.000240575	2.54093e+11	9.71258e+06	0.00074478	0	-1.42519e-15
	 	 	7	6.47129e-05	2.54109e+11	9.7126e+06	0.000744778	0	-1.58355e-16
	 	 	8	1.51913e-05	2.54113e+11	9.7126e+06	0.000744778	0	1.58355e-16
	 	 	9	3.0589e-06	2.54114e+11	9.7126e+06	0.000744778	0	-4.27558e-15
	 	 	10	5.29368e-07	2.54114e+11	9.7126e+06	0.000744778	0	1.7419e-15
	 	 	11	7.90828e-08	2.54114e+11	9.7126e+06	0.000744778	0	3.16709e-16
	 	 	12	1.02248e-08	2.54114e+11	9.7126e+06	0.000744778	0	1.26684e-15
	 	 	13	1.15065e-09	2.54114e+11	9.7126e+06	0.000744778	0	2.05861e-15
	 7	0.000283739	9.7126e+06	0.431487	0.902119	2.09072	0.000744778	-1.79787e-16	2.05861e-15
		 Mass/AM Itteration # 	 convergence 	 p_core 	 a 	 omega_rot 	 edge corot 	 AM error 
	 	 	1	1	2.54085e+11	9.71766e+06	0.000747125	0	2.69203e-15
	 	 	2	0.00355487	2.53184e+11	9.72945e+06	0.000743718	0	-1.26684e-15
	 	 	3	0.00297407	2.5394e+11	9.72482e+06	0.000744477	0	4.75064e-16
	 	 	4	0.000782412	2.54139e+11	9.72442e+06	0.000744592	0	3.16709e-16
	 	 	5	0.000226002	2.54196e+11	9.72445e+06	0.000744598	0	2.37532e-15
	 	 	6	6.30264e-05	2.54212e+11	9.72447e+06	0.000744597	0	3.16709e-16
	 	 	7	1.54349e-05	2.54216e+11	9.72447e+06	0.000744596	0	-1.90026e-15
	 	 	8	3.23021e-06	2.54217e+11	9.72447e+06	0.000744596	0	-1.26684e-15
	 	 	9	5.77959e-07	2.54217e+11	9.72447e+06	0.000744596	0	-3.32545e-15
	 	 	10	8.88566e-08	2.54217e+11	9.72447e+06	0.000744596	0	-4.75064e-16
	 	 	11	1.17725e-08	2.54217e+11	9.72447e+06	0.000744596	0	4.75064e-16
	 	 	12	1.34917e-09	2.54217e+11	9.72447e+06	0.000744596	0	-2.05861e-15
	 8	0.000250968	9.72447e+06	0.430976	0.902363	2.09376	0.000744596	0	-2.05861e-15
		 Mass/AM Itteration # 	 convergence 	 p_core 	 a 	 omega_rot 	 edge corot 	 AM error 
	 	 	1	1	2.54187e+11	9.72647e+06	0.000747169	0	2.05861e-15
	 	 	2	0.0039177	2.53195e+11	9.73541e+06	0.000744918	0	-2.21697e-15
	 	 	3	0.000985463	2.53445e+11	9.73703e+06	0.00074381	0	9.50128e-16
	 	 	4	0.00243856	2.54065e+11	9.73396e+06	0.000744365	0	7.91774e-16
	 	 	5	0.000662463	2.54233e+11	9.73376e+06	0.000744437	0	1.26684e-15
	 	 	6	0.000190621	2.54282e+11	9.7338e+06	0.000744439	0	2.37532e-15
	 	 	7	5.13602e-05	2.54295e+11	9.73381e+06	0.000744437	0	2.37532e-15
	 	 	8	1.20607e-05	2.54298e+11	9.73382e+06	0.000744437	0	2.21697e-15
	 	 	9	2.42604e-06	2.54298e+11	9.73382e+06	0.000744437	0	-2.53368e-15
	 	 	10	4.18743e-07	2.54298e+11	9.73382e+06	0.000744437	0	1.90026e-15
	 	 	11	6.22681e-08	2.54298e+11	9.73382e+06	0.000744437	0	-1.42519e-15
	 	 	12	7.99532e-09	2.54298e+11	9.73382e+06	0.000744437	0	-1.58355e-16
	 9	0.000131507	9.73382e+06	0.430576	0.902554	2.09615	0.000744437	-3.59574e-16	-1.58355e-16
		 Mass/AM Itteration # 	 convergence 	 p_core 	 a 	 omega_rot 	 edge corot 	 AM error 
	 	 	1	1	2.54277e+11	9.73667e+06	0.000745915	0	-3.16709e-16
	 	 	2	0.00221663	2.53714e+11	9.74403e+06	0.0007438	0	-1.90026e-15
	 	 	3	0.00183719	2.54181e+11	9.74115e+06	0.000744271	0	1.42519e-15
	 	 	4	0.000482664	2.54304e+11	9.7409e+06	0.000744342	0	-3.00874e-15
	 	 	5	0.000139284	2.54339e+11	9.74092e+06	0.000744346	0	-3.32545e-15
	 	 	6	3.88879e-05	2.54349e+11	9.74093e+06	0.000744345	0	-1.26684e-15
	 	 	7	9.53182e-06	2.54352e+11	9.74093e+06	0.000744344	0	1.26684e-15
	 	 	8	1.99474e-06	2.54352e+11	9.74093e+06	0.000744344	0	0
	 	 	9	3.56422e-07	2.54352e+11	9.74093e+06	0.000744344	0	-4.75064e-16
	 	 	10	5.46315e-08	2.54352e+11	9.74093e+06	0.000744344	0	3.16709e-16
	 	 	11	7.20127e-09	2.54352e+11	9.74093e+06	0.000744344	0	6.33419e-16
	 10	0.000140027	9.74093e+06	0.430263	0.902704	2.09803	0.000744344	-1.79787e-16	6.33419e-16
		 Mass/AM Itteration # 	 convergence 	 p_core 	 a 	 omega_rot 	 edge corot 	 AM error 
	 	 	1	1	2.5433e+11	9.7422e+06	0.000745919	0	1.26684e-15
	 	 	2	0.00238208	2.53726e+11	9.74997e+06	0.000743681	0	4.75064e-16
	 	 	3	0.00193118	2.54217e+11	9.7469e+06	0.000744182	0	-1.7419e-15
	 	 	4	0.000506993	2.54346e+11	9.74664e+06	0.000744257	0	2.05861e-15
	 	 	5	0.00014669	2.54383e+11	9.74666e+06	0.000744261	0	1.7419e-15
	 	 	6	4.10697e-05	2.54394e+11	9.74667e+06	0.00074426	0	-4.75064e-16
	 	 	7	1.00836e-05	2.54396e+11	9.74667e+06	0.00074426	0	1.10848e-15
	 	 	8	2.11108e-06	2.54397e+11	9.74667e+06	0.00074426	0	1.26684e-15
	 	 	9	3.77149e-07	2.54397e+11	9.74667e+06	0.00074426	0	2.85039e-15
	 	 	10	5.77545e-08	2.54397e+11	9.74667e+06	0.00074426	0	2.69203e-15
	 	 	11	7.59932e-09	2.54397e+11	9.74667e+06	0.00074426	0	1.58355e-16
	 11	0.000104651	9.74667e+06	0.430013	0.902823	2.09953	0.00074426	-5.39361e-16	1.58355e-16
		 Mass/AM Itteration # 	 convergence 	 p_core 	 a 	 omega_rot 	 edge corot 	 AM error 
	 	 	1	1	2.54379e+11	9.74723e+06	0.000745678	0	-1.90026e-15
	 	 	2	0.00214603	2.53834e+11	9.75418e+06	0.000743678	0	6.33419e-16
	 	 	3	0.00171782	2.54271e+11	9.75143e+06	0.000744126	0	-1.58355e-15
	 	 	4	0.000450765	2.54386e+11	9.75119e+06	0.000744193	0	-3.16709e-16
	 	 	5	0.000130532	2.54419e+11	9.75121e+06	0.000744197	0	-3.80051e-15
	 	 	6	3.65837e-05	2.54428e+11	9.75122e+06	0.000744196	0	1.58355e-16
	 	 	7	8.99057e-06	2.5443e+11	9.75122e+06	0.000744196	0	4.75064e-16
	 	 	8	1.88377e-06	2.54431e+11	9.75122e+06	0.000744196	0	-2.05861e-15
	 	 	9	3.36546e-07	2.54431e+11	9.75122e+06	0.000744196	0	-6.33419e-16
	 	 	10	5.15012e-08	2.54431e+11	9.75122e+06	0.000744196	0	7.91774e-16
	 	 	11	6.76535e-09	2.54431e+11	9.75122e+06	0.000744196	0	-6.33419e-16
	 12	7.57447e-05	9.75122e+06	0.429813	0.902918	2.10073	0.000744196	-5.39361e-16	-6.33419e-16
		 Mass/AM Itteration # 	 convergence 	 p_core 	 a 	 omega_rot 	 edge corot 	 AM error 
	 	 	1	1	2.54416e+11	9.75477e+06	0.000744158	0	7.91774e-16
	 	 	2	9.81522e-05	2.54441e+11	9.75481e+06	0.000744157	0	-1.58355e-16
	 	 	3	4.02446e-05	2.54451e+11	9.75482e+06	0.000744156	0	3.95887e-15
	 	 	4	1.11648e-05	2.54454e+11	9.75482e+06	0.000744156	0	-4.75064e-16
	 	 	5	2.36936e-06	2.54455e+11	9.75482e+06	0.000744156	0	-2.05861e-15
	 	 	6	4.25414e-07	2.54455e+11	9.75482e+06	0.000744156	0	-7.91774e-16
	 	 	7	6.80793e-08	2.54455e+11	9.75482e+06	0.000744156	0	-4.75064e-16
	 	 	8	9.9734e-09	2.54455e+11	9.75482e+06	0.000744156	0	-7.91774e-16
	 13	9.47503e-05	9.75482e+06	0.429652	0.902995	2.10169	0.000744156	-1.79787e-16	-7.91774e-16
		 Mass/AM Itteration # 	 convergence 	 p_core 	 a 	 omega_rot 	 edge corot 	 AM error 
	 	 	1	1	2.5444e+11	9.75315e+06	0.000745857	0	6.33419e-16
	 	 	2	0.00260538	2.53779e+11	9.76138e+06	0.000743487	0	1.90026e-15
	 	 	3	0.00201472	2.54291e+11	9.75809e+06	0.000744019	0	-7.91774e-16
	 	 	4	0.000528586	2.54426e+11	9.75781e+06	0.000744099	0	-2.05861e-15
	 	 	5	0.000153528	2.54465e+11	9.75783e+06	0.000744104	0	1.58355e-15
	 	 	6	4.3187e-05	2.54476e+11	9.75784e+06	0.000744103	0	-1.90026e-15
	 	 	7	1.06418e-05	2.54478e+11	9.75784e+06	0.000744103	0	2.37532e-15
	 	 	8	2.23317e-06	2.54479e+11	9.75784e+06	0.000744103	0	3.16709e-15
	 	 	9	3.99221e-07	2.54479e+11	9.75784e+06	0.000744103	0	-1.26684e-15
	 	 	10	6.10798e-08	2.54479e+11	9.75784e+06	0.000744103	0	4.75064e-16
	 	 	11	8.01487e-09	2.54479e+11	9.75784e+06	0.000744103	0	-4.75064e-16
	 14	2.91383e-05	9.75784e+06	0.429521	0.903057	2.10247	0.000744103	-5.39361e-16	-4.75064e-16
		 Mass/AM Itteration # 	 convergence 	 p_core 	 a 	 omega_rot 	 edge corot 	 AM error 
	 	 	1	1	2.5447e+11	9.76009e+06	0.000744087	0	2.37532e-15
	 	 	2	5.61601e-05	2.54484e+11	9.76012e+06	0.000744084	0	1.90026e-15
	 	 	3	2.38405e-05	2.54491e+11	9.76013e+06	0.000744083	0	-1.90026e-15
	 	 	4	6.56591e-06	2.54492e+11	9.76013e+06	0.000744083	0	1.26684e-15
	 	 	5	1.35336e-06	2.54493e+11	9.76013e+06	0.000744083	0	-2.21697e-15
	 	 	6	2.3241e-07	2.54493e+11	9.76013e+06	0.000744083	0	1.58355e-15
	 	 	7	3.52545e-08	2.54493e+11	9.76013e+06	0.000744083	0	-9.50128e-16
	 	 	8	4.90016e-09	2.54493e+11	9.76013e+06	0.000744083	0	1.10848e-15
	 15	5.7083e-05	9.76013e+06	0.429417	0.903106	2.1031	0.000744083	5.39361e-16	1.10848e-15
		 Mass/AM Itteration # 	 convergence 	 p_core 	 a 	 omega_rot 	 edge corot 	 AM error 
	 	 	1	1	2.54483e+11	9.75822e+06	0.000745505	0	-1.7419e-15
	 	 	2	0.00218032	2.53929e+11	9.76506e+06	0.000743536	0	1.10848e-15
	 	 	3	0.00166692	2.54353e+11	9.76232e+06	0.000743977	0	-3.16709e-16
	 	 	4	0.00043717	2.54464e+11	9.76209e+06	0.000744044	0	3.16709e-16
	 	 	5	0.000127091	2.54497e+11	9.7621e+06	0.000744048	0	-7.91774e-16
	 	 	6	3.57947e-05	2.54506e+11	9.76211e+06	0.000744047	0	3.32545e-15
	 	 	7	8.828e-06	2.54508e+11	9.76212e+06	0.000744047	0	-2.05861e-15
	 	 	8	1.85344e-06	2.54508e+11	9.76212e+06	0.000744047	0	-6.33419e-16
	 	 	9	3.31351e-07	2.54508e+11	9.76212e+06	0.000744047	0	3.16709e-16
	 	 	10	5.0673e-08	2.54509e+11	9.76212e+06	0.000744047	0	3.16709e-16
	 	 	11	6.64243e-09	2.54509e+11	9.76212e+06	0.000744047	0	-1.10848e-15
	 16	9.07616e-06	9.76212e+06	0.429331	0.903147	2.10361	0.000744047	-3.59574e-16	-1.10848e-15
		 Mass/AM Itteration # 	 convergence 	 p_core 	 a 	 omega_rot 	 edge corot 	 AM error 
	 	 	1	1	2.54503e+11	9.76357e+06	0.00074404	0	0
	 	 	2	3.33563e-05	2.54512e+11	9.7636e+06	0.000744037	0	3.16709e-16
	 	 	3	1.4631e-05	2.54515e+11	9.7636e+06	0.000744037	0	3.16709e-15
	 	 	4	4.00795e-06	2.54516e+11	9.7636e+06	0.000744037	0	9.50128e-16
	 	 	5	8.0566e-07	2.54516e+11	9.7636e+06	0.000744037	0	-1.10848e-15
	 	 	6	1.32761e-07	2.54517e+11	9.7636e+06	0.000744037	0	-7.91774e-16
	 	 	7	1.9071e-08	2.54517e+11	9.7636e+06	0.000744037	0	-1.90026e-15
	 	 	8	2.49814e-09	2.54517e+11	9.7636e+06	0.000744037	0	-7.91774e-16
	 17	3.56874e-05	9.7636e+06	0.429263	0.90318	2.10403	0.000744037	-1.79787e-16	-7.91774e-16
		 Mass/AM Itteration # 	 convergence 	 p_core 	 a 	 omega_rot 	 edge corot 	 AM error 
	 	 	1	1	2.5451e+11	9.76488e+06	0.000744021	0	-7.91774e-16
	 	 	2	3.86881e-05	2.5452e+11	9.76488e+06	0.000744021	0	-2.05861e-15
	 	 	3	1.52191e-05	2.54524e+11	9.76489e+06	0.000744021	0	-4.75064e-16
	 	 	4	4.21477e-06	2.54525e+11	9.76489e+06	0.000744021	0	1.58355e-16
	 	 	5	9.07838e-07	2.54525e+11	9.76489e+06	0.000744021	0	1.7419e-15
	 	 	6	1.66662e-07	2.54525e+11	9.76489e+06	0.000744021	0	-2.53368e-15
	 	 	7	2.7293e-08	2.54525e+11	9.76489e+06	0.000744021	0	1.58355e-16
	 	 	8	4.07025e-09	2.54525e+11	9.76489e+06	0.000744021	0	1.42519e-15
	 18	3.48506e-05	9.76489e+06	0.429206	0.903207	2.10437	0.000744021	-1.79787e-16	1.42519e-15
		 Mass/AM Itteration # 	 convergence 	 p_core 	 a 	 omega_rot 	 edge corot 	 AM error 
	 	 	1	1	2.54519e+11	9.76594e+06	0.000744007	0	1.58355e-15
	 	 	2	3.26558e-05	2.54527e+11	9.76594e+06	0.000744008	0	4.75064e-16
	 	 	3	1.27106e-05	2.54531e+11	9.76594e+06	0.000744007	0	-7.91774e-16
	 	 	4	3.51866e-06	2.54532e+11	9.76595e+06	0.000744007	0	1.7419e-15
	 	 	5	7.61029e-07	2.54532e+11	9.76595e+06	0.000744007	0	-2.69203e-15
	 	 	6	1.40575e-07	2.54532e+11	9.76595e+06	0.000744007	0	3.4838e-15
	 	 	7	2.31718e-08	2.54532e+11	9.76595e+06	0.000744007	0	1.7419e-15
	 	 	8	3.47462e-09	2.54532e+11	9.76595e+06	0.000744007	0	-4.75064e-16
	 19	2.87837e-05	9.76595e+06	0.429159	0.903229	2.10465	0.000744007	-1.79787e-16	-4.75064e-16
		 Mass/AM Itteration # 	 convergence 	 p_core 	 a 	 omega_rot 	 edge corot 	 AM error 
	 	 	1	1	2.54527e+11	9.76309e+06	0.000745393	0	-1.7419e-15
	 	 	2	0.00213646	2.53984e+11	9.76971e+06	0.000743491	0	6.33419e-16
	 	 	3	0.00159841	2.54391e+11	9.76705e+06	0.000743918	0	-2.69203e-15
	 	 	4	0.000419025	2.54498e+11	9.76682e+06	0.000743983	0	1.7419e-15
	 	 	5	0.000121997	2.54529e+11	9.76684e+06	0.000743987	0	-1.90026e-15
	 	 	6	3.44232e-05	2.54538e+11	9.76685e+06	0.000743986	0	2.21697e-15
	 	 	7	8.50136e-06	2.5454e+11	9.76685e+06	0.000743986	0	3.80051e-15
	 	 	8	1.7855e-06	2.5454e+11	9.76685e+06	0.000743986	0	1.26684e-15
	 	 	9	3.18742e-07	2.5454e+11	9.76685e+06	0.000743986	0	9.50128e-16
	 	 	10	4.8524e-08	2.5454e+11	9.76685e+06	0.000743986	0	1.26684e-15
	 	 	11	6.29823e-09	2.5454e+11	9.76685e+06	0.000743986	0	-1.58355e-16
	 20	1.88688e-05	9.76685e+06	0.429121	0.903247	2.10488	0.000743986	-3.59574e-16	-1.58355e-16
		 Mass/AM Itteration # 	 convergence 	 p_core 	 a 	 omega_rot 	 edge corot 	 AM error 
	 	 	1	1	2.54539e+11	9.76744e+06	0.000743991	0	1.58355e-16
	 	 	2	6.66462e-06	2.54541e+11	9.76746e+06	0.000743987	0	-1.26684e-15
	 	 	3	4.15919e-06	2.54542e+11	9.76747e+06	0.000743987	0	2.53368e-15
	 	 	4	1.10325e-06	2.54542e+11	9.76747e+06	0.000743987	0	-1.42519e-15
	 	 	5	1.76399e-07	2.54542e+11	9.76747e+06	0.000743987	0	-3.16709e-16
	 	 	6	1.61341e-08	2.54542e+11	9.76747e+06	0.000743987	0	-3.16709e-15
	 	 	7	2.63581e-10	2.54542e+11	9.76747e+06	0.000743987	0	1.10848e-15
	 21	1.18678e-05	9.76747e+06	0.429091	0.903261	2.10506	0.000743987	1.79787e-16	1.10848e-15
		 Mass/AM Itteration # 	 convergence 	 p_core 	 a 	 omega_rot 	 edge corot 	 AM error 
	 	 	1	1	2.54539e+11	9.76803e+06	0.000743981	0	4.75064e-16
	 	 	2	1.64002e-05	2.54543e+11	9.76804e+06	0.00074398	0	1.42519e-15
	 	 	3	6.57014e-06	2.54545e+11	9.76804e+06	0.00074398	0	9.50128e-16
	 	 	4	1.81606e-06	2.54546e+11	9.76804e+06	0.00074398	0	-7.91774e-16
	 	 	5	3.86533e-07	2.54546e+11	9.76804e+06	0.00074398	0	1.58355e-16
	 	 	6	6.97236e-08	2.54546e+11	9.76804e+06	0.00074398	0	0
	 	 	7	1.11956e-08	2.54546e+11	9.76804e+06	0.00074398	0	-1.58355e-15
	 	 	8	1.63993e-09	2.54546e+11	9.76804e+06	0.00074398	0	1.58355e-16
	 22	1.53254e-05	9.76804e+06	0.429066	0.903273	2.10521	0.00074398	1.79787e-16	1.58355e-16
		 Mass/AM Itteration # 	 convergence 	 p_core 	 a 	 omega_rot 	 edge corot 	 AM error 
	 	 	1	1	2.54543e+11	9.76852e+06	0.000743975	0	0
	 	 	2	1.44869e-05	2.54547e+11	9.76852e+06	0.000743975	0	-3.00874e-15
	 	 	3	5.67676e-06	2.54548e+11	9.76852e+06	0.000743974	0	4.75064e-16
	 	 	4	1.56933e-06	2.54549e+11	9.76852e+06	0.000743974	0	-2.21697e-15
	 	 	5	3.37522e-07	2.54549e+11	9.76852e+06	0.000743974	0	1.90026e-15
	 	 	6	6.18497e-08	2.54549e+11	9.76852e+06	0.000743974	0	-9.50128e-16
	 	 	7	1.01057e-08	2.54549e+11	9.76852e+06	0.000743974	0	-1.58355e-15
	 	 	8	1.50326e-09	2.54549e+11	9.76852e+06	0.000743974	0	1.42519e-15
	 23	1.29524e-05	9.76852e+06	0.429044	0.903283	2.10534	0.000743974	1.79787e-16	1.42519e-15
		 Mass/AM Itteration # 	 convergence 	 p_core 	 a 	 omega_rot 	 edge corot 	 AM error 
	 	 	1	1	2.54547e+11	9.76891e+06	0.00074397	0	6.33419e-16
	 	 	2	1.22073e-05	2.5455e+11	9.76892e+06	0.00074397	0	3.16709e-16
	 	 	3	4.74441e-06	2.54551e+11	9.76892e+06	0.00074397	0	-9.50128e-16
	 	 	4	1.3113e-06	2.54551e+11	9.76892e+06	0.00074397	0	-4.11722e-15
	 	 	5	2.8299e-07	2.54551e+11	9.76892e+06	0.00074397	0	1.10848e-15
	 	 	6	5.21232e-08	2.54551e+11	9.76892e+06	0.00074397	0	0
	 	 	7	8.5635e-09	2.54551e+11	9.76892e+06	0.00074397	0	1.7419e-15
	 24	1.07214e-05	9.76892e+06	0.429027	0.903292	2.10544	0.00074397	1.79787e-16	1.7419e-15
		 Mass/AM Itteration # 	 convergence 	 p_core 	 a 	 omega_rot 	 edge corot 	 AM error 
	 	 	1	1	2.54549e+11	9.76924e+06	0.000743965	0	3.16709e-16
	 	 	2	1.0131e-05	2.54552e+11	9.76924e+06	0.000743966	0	-6.33419e-16
	 	 	3	3.92286e-06	2.54553e+11	9.76924e+06	0.000743966	0	-2.05861e-15
	 	 	4	1.08403e-06	2.54553e+11	9.76924e+06	0.000743965	0	6.33419e-16
	 	 	5	2.34268e-07	2.54553e+11	9.76924e+06	0.000743965	0	-1.58355e-16
	 	 	6	4.32399e-08	2.54553e+11	9.76924e+06	0.000743965	0	4.75064e-16
	 	 	7	7.11986e-09	2.54553e+11	9.76924e+06	0.000743965	0	1.58355e-16
	 25	8.82538e-06	9.76924e+06	0.429012	0.903299	2.10553	0.000743965	3.59574e-16	1.58355e-16
		 Mass/AM Itteration # 	 convergence 	 p_core 	 a 	 omega_rot 	 edge corot 	 AM error 
	 	 	1	1	2.54552e+11	9.76951e+06	0.000743962	0	-2.53368e-15
	 	 	2	8.3516e-06	2.54554e+11	9.76951e+06	0.000743962	0	3.16709e-16
	 	 	3	3.22856e-06	2.54555e+11	9.76951e+06	0.000743962	0	7.91774e-16
	 	 	4	8.92034e-07	2.54555e+11	9.76951e+06	0.000743962	0	1.10848e-15
	 	 	5	1.92872e-07	2.54555e+11	9.76951e+06	0.000743962	0	6.33419e-16
	 	 	6	3.56263e-08	2.54555e+11	9.76951e+06	0.000743962	0	6.33419e-16
	 	 	7	5.87088e-09	2.54555e+11	9.76951e+06	0.000743962	0	3.16709e-16
	 26	7.24881e-06	9.76951e+06	0.429	0.903304	2.1056	0.000743962	-1.79787e-16	3.16709e-16
		 Mass/AM Itteration # 	 convergence 	 p_core 	 a 	 omega_rot 	 edge corot 	 AM error 
	 	 	1	1	2.54554e+11	9.76973e+06	0.000743959	0	6.33419e-16
	 	 	2	6.86621e-06	2.54556e+11	9.76973e+06	0.000743959	0	0
	 	 	3	2.65243e-06	2.54556e+11	9.76973e+06	0.000743959	0	6.33419e-16
	 	 	4	7.32766e-07	2.54557e+11	9.76973e+06	0.000743959	0	-1.58355e-15
	 	 	5	1.58454e-07	2.54557e+11	9.76973e+06	0.000743959	0	9.50128e-16
	 	 	6	2.92749e-08	2.54557e+11	9.76973e+06	0.000743959	0	-7.91774e-16
	 	 	7	4.8252e-09	2.54557e+11	9.76973e+06	0.000743959	0	-1.10848e-15
	 27	5.94985e-06	9.76973e+06	0.428991	0.903309	2.10566	0.000743959	1.79787e-16	-1.10848e-15
		 Mass/AM Itteration # 	 convergence 	 p_core 	 a 	 omega_rot 	 edge corot 	 AM error 
	 	 	1	1	2.54556e+11	9.76991e+06	0.000743957	0	-1.26684e-15
	 	 	2	5.63959e-06	2.54557e+11	9.76991e+06	0.000743957	0	1.90026e-15
	 	 	3	2.17791e-06	2.54558e+11	9.76991e+06	0.000743957	0	-2.21697e-15
	 	 	4	6.01619e-07	2.54558e+11	9.76991e+06	0.000743957	0	-7.91774e-16
	 	 	5	1.30092e-07	2.54558e+11	9.76991e+06	0.000743957	0	2.21697e-15
	 	 	6	2.40347e-08	2.54558e+11	9.76991e+06	0.000743957	0	9.50128e-16
	 	 	7	3.96139e-09	2.54558e+11	9.76991e+06	0.000743957	0	6.33419e-16
	 28	4.88338e-06	9.76991e+06	0.428983	0.903313	2.10571	0.000743957	-3.59574e-16	6.33419e-16
		 Mass/AM Itteration # 	 convergence 	 p_core 	 a 	 omega_rot 	 edge corot 	 AM error 
	 	 	1	1	2.54557e+11	9.77006e+06	0.000743955	0	-7.91774e-16
	 	 	2	4.63101e-06	2.54558e+11	9.77006e+06	0.000743955	0	-9.50128e-16
	 	 	3	1.78817e-06	2.54559e+11	9.77006e+06	0.000743955	0	3.16709e-16
	 	 	4	4.93924e-07	2.54559e+11	9.77006e+06	0.000743955	0	3.4838e-15
	 	 	5	1.06798e-07	2.54559e+11	9.77006e+06	0.000743955	0	3.16709e-15
	 	 	6	1.97293e-08	2.54559e+11	9.77006e+06	0.000743955	0	-1.26684e-15
	 	 	7	3.25145e-09	2.54559e+11	9.77006e+06	0.000743955	0	-6.33419e-16
	 29	4.00867e-06	9.77006e+06	0.428976	0.903316	2.10575	0.000743955	0	-6.33419e-16
		 Mass/AM Itteration # 	 convergence 	 p_core 	 a 	 omega_rot 	 edge corot 	 AM error 
	 	 	1	1	2.54558e+11	9.77018e+06	0.000743954	0	6.33419e-16
	 	 	2	3.80304e-06	2.54559e+11	9.77018e+06	0.000743954	0	1.58355e-16
	 	 	3	1.46837e-06	2.54559e+11	9.77018e+06	0.000743954	0	-6.33419e-16
	 	 	4	4.05565e-07	2.54559e+11	9.77018e+06	0.000743954	0	9.50128e-16
	 	 	5	8.7686e-08	2.54559e+11	9.77018e+06	0.000743954	0	9.50128e-16
	 	 	6	1.61971e-08	2.54559e+11	9.77018e+06	0.000743954	0	-1.58355e-15
	 	 	7	2.66904e-09	2.54559e+11	9.77018e+06	0.000743954	0	3.32545e-15
	 30	3.29137e-06	9.77018e+06	0.428971	0.903318	2.10578	0.000743954	-3.59574e-16	3.32545e-15
		 Mass/AM Itteration # 	 convergence 	 p_core 	 a 	 omega_rot 	 edge corot 	 AM error 
	 	 	1	1	2.54559e+11	9.77028e+06	0.000743953	0	2.53368e-15
	 	 	2	3.12344e-06	2.5456e+11	9.77028e+06	0.000743953	0	6.33419e-16
	 	 	3	1.20594e-06	2.5456e+11	9.77028e+06	0.000743953	0	1.58355e-16
	 	 	4	3.33069e-07	2.5456e+11	9.77028e+06	0.000743953	0	1.58355e-15
	 	 	5	7.20068e-08	2.5456e+11	9.77028e+06	0.000743953	0	7.91774e-16
	 	 	6	1.32996e-08	2.5456e+11	9.77028e+06	0.000743953	0	-6.33419e-16
	 	 	7	2.19133e-09	2.5456e+11	9.77028e+06	0.000743953	0	4.909e-15
	 31	2.70299e-06	9.77028e+06	0.428966	0.903321	2.10581	0.000743953	3.59574e-16	4.909e-15
		 Mass/AM Itteration # 	 convergence 	 p_core 	 a 	 omega_rot 	 edge corot 	 AM error 
	 	 	1	1	2.5456e+11	9.77036e+06	0.000743951	0	1.26684e-15
	 	 	2	2.56567e-06	2.5456e+11	9.77036e+06	0.000743952	0	1.58355e-16
	 	 	3	9.90582e-07	2.54561e+11	9.77036e+06	0.000743952	0	4.75064e-16
	 	 	4	2.73579e-07	2.54561e+11	9.77036e+06	0.000743952	0	4.75064e-16
	 	 	5	5.91418e-08	2.54561e+11	9.77036e+06	0.000743952	0	1.10848e-15
	 	 	6	1.09225e-08	2.54561e+11	9.77036e+06	0.000743952	0	-2.69203e-15
	 	 	7	1.7995e-09	2.54561e+11	9.77036e+06	0.000743952	0	-1.90026e-15
	 32	2.22019e-06	9.77036e+06	0.428962	0.903322	2.10583	0.000743952	1.79787e-16	-1.90026e-15
		 Mass/AM Itteration # 	 convergence 	 p_core 	 a 	 omega_rot 	 edge corot 	 AM error 
	 	 	1	1	2.5456e+11	9.77043e+06	0.000743951	0	1.10848e-15
	 	 	2	2.10782e-06	2.54561e+11	9.77043e+06	0.000743951	0	-1.42519e-15
	 	 	3	8.13805e-07	2.54561e+11	9.77043e+06	0.000743951	0	-1.10848e-15
	 	 	4	2.2475e-07	2.54561e+11	9.77043e+06	0.000743951	0	1.10848e-15
	 	 	5	4.85836e-08	2.54561e+11	9.77043e+06	0.000743951	0	1.7419e-15
	 	 	6	8.97196e-09	2.54561e+11	9.77043e+06	0.000743951	0	3.16709e-16
	 33	1.82393e-06	9.77043e+06	0.428959	0.903324	2.10585	0.000743951	1.79787e-16	3.16709e-16
		 Mass/AM Itteration # 	 convergence 	 p_core 	 a 	 omega_rot 	 edge corot 	 AM error 
	 	 	1	1	2.54561e+11	9.77048e+06	0.00074395	0	-4.75064e-16
	 	 	2	1.73236e-06	2.54561e+11	9.77049e+06	0.00074395	0	-9.50128e-16
	 	 	3	6.68756e-07	2.54561e+11	9.77049e+06	0.00074395	0	-1.58355e-16
	 	 	4	1.84684e-07	2.54561e+11	9.77049e+06	0.00074395	0	-1.10848e-15
	 	 	5	3.99218e-08	2.54561e+11	9.77049e+06	0.00074395	0	2.05861e-15
	 	 	6	7.37226e-09	2.54561e+11	9.77049e+06	0.00074395	0	7.91774e-16
	 34	1.49868e-06	9.77049e+06	0.428957	0.903325	2.10586	0.00074395	1.79787e-16	7.91774e-16
		 Mass/AM Itteration # 	 convergence 	 p_core 	 a 	 omega_rot 	 edge corot 	 AM error 
	 	 	1	1	2.54561e+11	9.77053e+06	0.000743949	0	9.50128e-16
	 	 	2	1.4228e-06	2.54561e+11	9.77053e+06	0.000743949	0	1.90026e-15
	 	 	3	5.49352e-07	2.54562e+11	9.77053e+06	0.000743949	0	7.91774e-16
	 	 	4	1.51706e-07	2.54562e+11	9.77053e+06	0.000743949	0	-7.91774e-16
	 	 	5	3.27888e-08	2.54562e+11	9.77053e+06	0.000743949	0	-1.58355e-15
	 	 	6	6.05387e-09	2.54562e+11	9.77053e+06	0.000743949	0	2.69203e-15
	 35	1.2313e-06	9.77053e+06	0.428955	0.903326	2.10588	0.000743949	7.19148e-16	2.69203e-15
		 Mass/AM Itteration # 	 convergence 	 p_core 	 a 	 omega_rot 	 edge corot 	 AM error 
	 	 	1	1	2.54561e+11	9.77057e+06	0.000743949	0	3.16709e-16
	 	 	2	1.16987e-06	2.54562e+11	9.77057e+06	0.000743949	0	-2.05861e-15
	 	 	3	4.51618e-07	2.54562e+11	9.77057e+06	0.000743949	0	-1.42519e-15
	 	 	4	1.24714e-07	2.54562e+11	9.77057e+06	0.000743949	0	1.58355e-16
	 	 	5	2.69566e-08	2.54562e+11	9.77057e+06	0.000743949	0	1.90026e-15
	 	 	6	4.9775e-09	2.54562e+11	9.77057e+06	0.000743949	0	-6.33419e-16
	 36	1.01205e-06	9.77057e+06	0.428953	0.903327	2.10589	0.000743949	3.59574e-16	-6.33419e-16
		 Mass/AM Itteration # 	 convergence 	 p_core 	 a 	 omega_rot 	 edge corot 	 AM error 
	 	 	1	1	2.54562e+11	9.7706e+06	0.000743949	0	2.37532e-15
	 	 	2	9.61803e-07	2.54562e+11	9.7706e+06	0.000743949	0	4.75064e-16
	 	 	3	3.71247e-07	2.54562e+11	9.7706e+06	0.000743949	0	-3.00874e-15
	 	 	4	1.02519e-07	2.54562e+11	9.7706e+06	0.000743949	0	-7.91774e-16
	 	 	5	2.21605e-08	2.54562e+11	9.7706e+06	0.000743949	0	1.42519e-15
	 	 	6	4.09224e-09	2.54562e+11	9.7706e+06	0.000743949	0	-3.4838e-15
	 37	8.31834e-07	9.7706e+06	0.428952	0.903327	2.10589	0.000743949	1.79787e-16	-3.4838e-15
		 Mass/AM Itteration # 	 convergence 	 p_core 	 a 	 omega_rot 	 edge corot 	 AM error 
	 	 	1	1	2.54562e+11	9.77062e+06	0.000743948	0	-3.16709e-16
	 	 	2	7.89434e-07	2.54562e+11	9.77062e+06	0.000743948	0	-1.7419e-15
	 	 	3	3.04857e-07	2.54562e+11	9.77062e+06	0.000743948	0	-3.16709e-16
	 	 	4	8.4183e-08	2.54562e+11	9.77062e+06	0.000743948	0	6.33419e-16
	 	 	5	1.81917e-08	2.54562e+11	9.77062e+06	0.000743948	0	3.95887e-15
	 	 	6	3.35797e-09	2.54562e+11	9.77062e+06	0.000743948	0	6.33419e-16
	 38	6.834e-07	9.77062e+06	0.428951	0.903328	2.1059	0.000743948	1.79787e-16	6.33419e-16
		 Mass/AM Itteration # 	 convergence 	 p_core 	 a 	 omega_rot 	 edge corot 	 AM error 
	 	 	1	1	2.54562e+11	9.77064e+06	0.000743948	0	9.50128e-16
	 	 	2	6.50184e-07	2.54562e+11	9.77064e+06	0.000743948	0	-1.58355e-15
	 	 	3	2.50913e-07	2.54562e+11	9.77065e+06	0.000743948	0	4.75064e-16
	 	 	4	6.92886e-08	2.54562e+11	9.77065e+06	0.000743948	0	1.10848e-15
	 	 	5	1.49785e-08	2.54562e+11	9.77065e+06	0.000743948	0	1.90026e-15
	 	 	6	2.76632e-09	2.54562e+11	9.77065e+06	0.000743948	0	2.53368e-15
	 39	5.62081e-07	9.77065e+06	0.42895	0.903328	2.10591	0.000743948	5.39361e-16	2.53368e-15
		 Mass/AM Itteration # 	 convergence 	 p_core 	 a 	 omega_rot 	 edge corot 	 AM error 
	 	 	1	1	2.54562e+11	9.77066e+06	0.000743948	0	-1.58355e-16
	 	 	2	5.32715e-07	2.54562e+11	9.77066e+06	0.000743948	0	7.91774e-16
	 	 	3	2.0581e-07	2.54563e+11	9.77066e+06	0.000743948	0	-1.10848e-15
	 	 	4	5.68307e-08	2.54563e+11	9.77066e+06	0.000743948	0	0
	 	 	5	1.22777e-08	2.54563e+11	9.77066e+06	0.000743948	0	1.58355e-16
	 	 	6	2.26545e-09	2.54563e+11	9.77066e+06	0.000743948	0	3.32545e-15
	 40	4.61562e-07	9.77066e+06	0.428949	0.903329	2.10591	0.000743948	1.79787e-16	3.32545e-15
		 Mass/AM Itteration # 	 convergence 	 p_core 	 a 	 omega_rot 	 edge corot 	 AM error 
	 	 	1	1	2.54562e+11	9.77068e+06	0.000743948	0	-9.50128e-16
	 	 	2	4.39909e-07	2.54563e+11	9.77068e+06	0.000743948	0	-1.42519e-15
	 	 	3	1.69692e-07	2.54563e+11	9.77068e+06	0.000743948	0	1.10848e-15
	 	 	4	4.68596e-08	2.54563e+11	9.77068e+06	0.000743948	0	-2.05861e-15
	 	 	5	1.01319e-08	2.54563e+11	9.77068e+06	0.000743948	0	-9.50128e-16
	 	 	6	1.87175e-09	2.54563e+11	9.77068e+06	0.000743948	0	-2.53368e-15
	 41	3.79957e-07	9.77068e+06	0.428948	0.903329	2.10592	0.000743948	0	-2.53368e-15
		 Mass/AM Itteration # 	 convergence 	 p_core 	 a 	 omega_rot 	 edge corot 	 AM error 
	 	 	1	1	2.54563e+11	9.77069e+06	0.000743947	0	1.58355e-16
	 	 	2	3.59755e-07	2.54563e+11	9.77069e+06	0.000743947	0	-1.26684e-15
	 	 	3	1.39018e-07	2.54563e+11	9.77069e+06	0.000743947	0	-3.16709e-16
	 	 	4	3.83868e-08	2.54563e+11	9.77069e+06	0.000743947	0	1.10848e-15
	 	 	5	8.2921e-09	2.54563e+11	9.77069e+06	0.000743947	0	6.33419e-16
	 42	3.11823e-07	9.77069e+06	0.428948	0.903329	2.10592	0.000743947	5.39361e-16	6.33419e-16
		 Mass/AM Itteration # 	 convergence 	 p_core 	 a 	 omega_rot 	 edge corot 	 AM error 
	 	 	1	1	2.54563e+11	9.7707e+06	0.000743947	0	-9.50128e-16
	 	 	2	2.97383e-07	2.54563e+11	9.7707e+06	0.000743947	0	-7.91774e-16
	 	 	3	1.1468e-07	2.54563e+11	9.7707e+06	0.000743947	0	0
	 	 	4	3.16626e-08	2.54563e+11	9.7707e+06	0.000743947	0	0
	 	 	5	6.84473e-09	2.54563e+11	9.7707e+06	0.000743947	0	3.16709e-16
	 43	2.56735e-07	9.7707e+06	0.428947	0.903329	2.10592	0.000743947	3.59574e-16	3.16709e-16
		 Mass/AM Itteration # 	 convergence 	 p_core 	 a 	 omega_rot 	 edge corot 	 AM error 
	 	 	1	1	2.54563e+11	9.7707e+06	0.000743947	0	2.53368e-15
	 	 	2	2.44011e-07	2.54563e+11	9.7707e+06	0.000743947	0	1.10848e-15
	 	 	3	9.41537e-08	2.54563e+11	9.7707e+06	0.000743947	0	1.58355e-16
	 	 	4	2.59957e-08	2.54563e+11	9.7707e+06	0.000743947	0	-3.00874e-15
	 	 	5	5.61816e-09	2.54563e+11	9.7707e+06	0.000743947	0	-1.58355e-15
	 44	2.10925e-07	9.7707e+06	0.428947	0.90333	2.10592	0.000743947	3.59574e-16	-1.58355e-15
		 Mass/AM Itteration # 	 convergence 	 p_core 	 a 	 omega_rot 	 edge corot 	 AM error 
	 	 	1	1	2.54563e+11	9.77071e+06	0.000743947	0	-3.16709e-16
	 	 	2	2.00159e-07	2.54563e+11	9.77071e+06	0.000743947	0	2.85039e-15
	 	 	3	7.72932e-08	2.54563e+11	9.77071e+06	0.000743947	0	1.26684e-15
	 	 	4	2.13394e-08	2.54563e+11	9.77071e+06	0.000743947	0	-7.91774e-16
	 	 	5	4.60972e-09	2.54563e+11	9.77071e+06	0.000743947	0	-6.33419e-16
	 45	1.73284e-07	9.77071e+06	0.428947	0.90333	2.10592	0.000743947	5.39361e-16	-6.33419e-16
		 Mass/AM Itteration # 	 convergence 	 p_core 	 a 	 omega_rot 	 edge corot 	 AM error 
	 	 	1	1	2.54563e+11	9.77072e+06	0.000743947	0	-1.42519e-15
	 	 	2	1.65085e-07	2.54563e+11	9.77072e+06	0.000743947	0	-2.21697e-15
	 	 	3	6.3683e-08	2.54563e+11	9.77072e+06	0.000743947	0	-3.80051e-15
	 	 	4	1.75828e-08	2.54563e+11	9.77072e+06	0.000743947	0	-1.58355e-16
	 	 	5	3.80046e-09	2.54563e+11	9.77072e+06	0.000743947	0	1.26684e-15
	 46	1.42614e-07	9.77072e+06	0.428947	0.90333	2.10593	0.000743947	-1.79787e-16	1.26684e-15
		 Mass/AM Itteration # 	 convergence 	 p_core 	 a 	 omega_rot 	 edge corot 	 AM error 
	 	 	1	1	2.54563e+11	9.77072e+06	0.000743947	0	1.10848e-15
	 	 	2	1.35968e-07	2.54563e+11	9.77072e+06	0.000743947	0	1.7419e-15
	 	 	3	5.24095e-08	2.54563e+11	9.77072e+06	0.000743947	0	1.58355e-16
	 	 	4	1.44705e-08	2.54563e+11	9.77072e+06	0.000743947	0	-3.16709e-15
	 	 	5	3.12902e-09	2.54563e+11	9.77072e+06	0.000743947	0	-7.91774e-16
	 47	1.17289e-07	9.77072e+06	0.428946	0.90333	2.10593	0.000743947	-1.79787e-16	-7.91774e-16
		 Mass/AM Itteration # 	 convergence 	 p_core 	 a 	 omega_rot 	 edge corot 	 AM error 
	 	 	1	1	2.54563e+11	9.77072e+06	0.000743947	0	-1.26684e-15
	 	 	2	1.11016e-07	2.54563e+11	9.77072e+06	0.000743947	0	-1.10848e-15
	 	 	3	4.28911e-08	2.54563e+11	9.77072e+06	0.000743947	0	1.10848e-15
	 	 	4	1.18414e-08	2.54563e+11	9.77072e+06	0.000743947	0	-1.7419e-15
	 	 	5	2.55731e-09	2.54563e+11	9.77072e+06	0.000743947	0	-1.58355e-16
	 48	9.62176e-08	9.77072e+06	0.428946	0.90333	2.10593	0.000743947	3.59574e-16	-1.58355e-16
		 Mass/AM Itteration # 	 convergence 	 p_core 	 a 	 omega_rot 	 edge corot 	 AM error 
	 	 	1	1	2.54563e+11	9.77073e+06	0.000743947	0	9.50128e-16
	 	 	2	9.17968e-08	2.54563e+11	9.77073e+06	0.000743947	0	1.7419e-15
	 	 	3	3.53998e-08	2.54563e+11	9.77073e+06	0.000743947	0	7.91774e-16
	 	 	4	9.77411e-09	2.54563e+11	9.77073e+06	0.000743947	0	2.37532e-15
	 49	7.92349e-08	9.77073e+06	0.428946	0.90333	2.10593	0.000743947	5.39361e-16	2.37532e-15
		 Mass/AM Itteration # 	 convergence 	 p_core 	 a 	 omega_rot 	 edge corot 	 AM error 
	 	 	1	1	2.54563e+11	9.77073e+06	0.000743947	0	-5.06735e-15
	 	 	2	7.53526e-08	2.54563e+11	9.77073e+06	0.000743947	0	-4.27558e-15
	 	 	3	2.90444e-08	2.54563e+11	9.77073e+06	0.000743947	0	-2.37532e-15
	 	 	4	8.01127e-09	2.54563e+11	9.77073e+06	0.000743947	0	4.75064e-16
	 50	6.50357e-08	9.77073e+06	0.428946	0.90333	2.10593	0.000743947	-1.79787e-16	4.75064e-16
		 Mass/AM Itteration # 	 convergence 	 p_core 	 a 	 omega_rot 	 edge corot 	 AM error 
	 	 	1	1	2.54563e+11	9.77073e+06	0.000743947	0	1.90026e-15
	 	 	2	6.2878e-08	2.54563e+11	9.77073e+06	0.000743947	0	1.58355e-16
	 	 	3	2.41116e-08	2.54563e+11	9.77073e+06	0.000743947	0	1.10848e-15
	 	 	4	6.65241e-09	2.54563e+11	9.77073e+06	0.000743947	0	-1.42519e-15
	 51	5.37134e-08	9.77073e+06	0.428946	0.90333	2.10593	0.000743947	0	-1.42519e-15
		 Mass/AM Itteration # 	 convergence 	 p_core 	 a 	 omega_rot 	 edge corot 	 AM error 
	 	 	1	1	2.54563e+11	9.77073e+06	0.000743947	0	3.16709e-16
	 	 	2	5.01444e-08	2.54563e+11	9.77073e+06	0.000743947	0	-9.50128e-16
	 	 	3	1.9431e-08	2.54563e+11	9.77073e+06	0.000743947	0	-4.75064e-16
	 	 	4	5.35868e-09	2.54563e+11	9.77073e+06	0.000743947	0	-1.58355e-16
	 52	4.37505e-08	9.77073e+06	0.428946	0.90333	2.10593	0.000743947	0	-1.58355e-16
		 Mass/AM Itteration # 	 convergence 	 p_core 	 a 	 omega_rot 	 edge corot 	 AM error 
	 	 	1	1	2.54563e+11	9.77073e+06	0.000743947	0	1.58355e-16
	 	 	2	4.33204e-08	2.54563e+11	9.77073e+06	0.000743947	0	-1.58355e-15
	 	 	3	1.65065e-08	2.54563e+11	9.77073e+06	0.000743947	0	-1.90026e-15
	 	 	4	4.5557e-09	2.54563e+11	9.77073e+06	0.000743947	0	4.75064e-16
	 53	3.65299e-08	9.77073e+06	0.428946	0.90333	2.10593	0.000743947	3.59574e-16	4.75064e-16
		 Mass/AM Itteration # 	 convergence 	 p_core 	 a 	 omega_rot 	 edge corot 	 AM error 
	 	 	1	1	2.54563e+11	9.77074e+06	0.000743947	0	-1.58355e-16
	 	 	2	3.31669e-08	2.54563e+11	9.77074e+06	0.000743947	0	-1.90026e-15
	 	 	3	1.29463e-08	2.54563e+11	9.77074e+06	0.000743947	0	2.53368e-15
	 	 	4	3.56956e-09	2.54563e+11	9.77074e+06	0.000743947	0	-2.53368e-15
	 54	2.93709e-08	9.77074e+06	0.428946	0.90333	2.10593	0.000743947	1.79787e-16	-2.53368e-15
		 Mass/AM Itteration # 	 convergence 	 p_core 	 a 	 omega_rot 	 edge corot 	 AM error 
	 	 	1	1	2.54563e+11	9.77074e+06	0.000743947	0	1.90026e-15
	 	 	2	2.92329e-08	2.54563e+11	9.77074e+06	0.000743947	0	6.33419e-16
	 	 	3	1.11502e-08	2.54563e+11	9.77074e+06	0.000743947	0	-1.58355e-16
	 	 	4	3.07666e-09	2.54563e+11	9.77074e+06	0.000743947	0	0
	 55	2.46897e-08	9.77074e+06	0.428946	0.90333	2.10593	0.000743947	1.79787e-16	0
		 Mass/AM Itteration # 	 convergence 	 p_core 	 a 	 omega_rot 	 edge corot 	 AM error 
	 	 	1	1	2.54563e+11	9.77074e+06	0.000743947	0	9.50128e-16
	 	 	2	2.2463e-08	2.54563e+11	9.77074e+06	0.000743947	0	-1.58355e-16
	 	 	3	8.76975e-09	2.54563e+11	9.77074e+06	0.000743947	0	4.75064e-16
	 56	1.98617e-08	9.77074e+06	0.428946	0.90333	2.10593	0.000743947	-1.79787e-16	4.75064e-16
		 Mass/AM Itteration # 	 convergence 	 p_core 	 a 	 omega_rot 	 edge corot 	 AM error 
	 	 	1	1	2.54563e+11	9.77074e+06	0.000743947	0	-6.33419e-16
	 	 	2	2.08943e-08	2.54563e+11	9.77074e+06	0.000743947	0	0
	 	 	3	7.79211e-09	2.54563e+11	9.77074e+06	0.000743947	0	9.50128e-16
	 57	1.68654e-08	9.77074e+06	0.428946	0.90333	2.10593	0.000743947	1.79787e-16	9.50128e-16
		 Mass/AM Itteration # 	 convergence 	 p_core 	 a 	 omega_rot 	 edge corot 	 AM error 
	 	 	1	1	2.54563e+11	9.77074e+06	0.000743947	0	7.91774e-16
	 	 	2	1.57947e-08	2.54563e+11	9.77074e+06	0.000743947	0	-1.10848e-15
	 	 	3	6.04537e-09	2.54563e+11	9.77074e+06	0.000743947	0	6.33419e-16
	 58	1.34652e-08	9.77074e+06	0.428946	0.90333	2.10593	0.000743947	3.59574e-16	6.33419e-16
		 Mass/AM Itteration # 	 convergence 	 p_core 	 a 	 omega_rot 	 edge corot 	 AM error 
	 	 	1	1	2.54563e+11	9.77074e+06	0.000743947	0	-2.21697e-15
	 	 	2	1.24777e-08	2.54563e+11	9.77074e+06	0.000743947	0	-2.05861e-15
	 	 	3	4.85237e-09	2.54563e+11	9.77074e+06	0.000743947	0	-1.58355e-15
	 59	1.09669e-08	9.77074e+06	0.428946	0.90333	2.10593	0.000743947	-1.79787e-16	-1.58355e-15
		 Mass/AM Itteration # 	 convergence 	 p_core 	 a 	 omega_rot 	 edge corot 	 AM error 
	 	 	1	1	2.54563e+11	9.77074e+06	0.000743947	0	6.33419e-16
	 	 	2	1.17293e-08	2.54563e+11	9.77074e+06	0.000743947	0	-2.21697e-15
	 	 	3	4.3667e-09	2.54563e+11	9.77074e+06	0.000743947	0	1.90026e-15
	 60	9.41661e-09	9.77074e+06	0.428946	0.90333	2.10593	0.000743947	-3.59574e-16	1.90026e-15
Back to main
run time (s) 26873.9
