HERCULES is running
Intialising 
	 Reading input file 
	 Run name: Earth_correct_params_S3.20c_L2_N100_Nm1000_k6_f121_p10_l1_0_1.5
	 Input file read successful
	 Initialisation by reading start file ../../../Corotating_planet_grid/M1.0_fcore0.3_S4.0c/M1.0_fcore0.3_S4.0c_AM0.0/Output/M1.0_fcore0.3_S4.0c_L0_N100_Nm1000_k6_f121_p10_l1_0_1.5_final
	 Initialisation complete
Itterating
	 Main Itteration # 	 convergence 	 a 	 aspect 	 ellipticity 	 l 	 omega_rot 	 Mass error 	 AM error 
		 Mass/AM Itteration # 	 convergence 	 p_core 	 a 	 omega_rot 	 edge corot 	 AM error 
	 	 	1	1	3.89596e+11	6.59137e+06	0.000804433	0	-2.61285e-16
	 	 	2	0.228183	3.17213e+11	6.66079e+06	0.000806985	0	-1.30643e-16
	 	 	3	0.106257	2.86745e+11	6.68724e+06	0.000804683	0	-5.22571e-16
	 	 	4	0.0448081	2.74447e+11	6.69249e+06	0.000805647	0	-2.61285e-16
	 	 	5	0.0200256	2.69059e+11	6.69198e+06	0.00080758	0	-1.30643e-16
	 	 	6	0.0101916	2.66345e+11	6.69109e+06	0.000809081	0	-6.53213e-16
	 	 	7	0.00593402	2.64774e+11	6.69065e+06	0.000809925	0	6.53213e-16
	 	 	8	0.00333745	2.63893e+11	6.69029e+06	0.000810462	0	-1.69835e-15
	 	 	9	0.00192228	2.63387e+11	6.69025e+06	0.000810748	0	1.30643e-15
	 	 	10	0.00131928	2.63039e+11	6.69041e+06	0.000810809	0	-2.61285e-16
	 	 	11	0.000720228	2.6285e+11	6.69043e+06	0.000810861	0	1.30643e-15
	 	 	12	0.000358222	2.62756e+11	6.69039e+06	0.000810916	0	-6.53213e-16
	 	 	13	0.000200821	2.62703e+11	6.69036e+06	0.000810951	0	0
	 	 	14	0.000118632	2.62672e+11	6.69035e+06	0.00081097	0	1.30643e-16
	 	 	15	6.98991e-05	2.62654e+11	6.69035e+06	0.000810981	0	-7.83856e-16
	 	 	16	4.0635e-05	2.62643e+11	6.69034e+06	0.000810987	0	5.22571e-16
	 	 	17	2.34652e-05	2.62637e+11	6.69034e+06	0.000810991	0	1.30643e-15
	 	 	18	1.35398e-05	2.62633e+11	6.69034e+06	0.000810993	0	-7.83856e-16
	 	 	19	7.82075e-06	2.62631e+11	6.69034e+06	0.000810994	0	2.61285e-16
	 	 	20	4.52063e-06	2.6263e+11	6.69034e+06	0.000810995	0	-1.56771e-15
	 	 	21	2.61351e-06	2.62629e+11	6.69034e+06	0.000810995	0	1.30643e-16
	 	 	22	1.51084e-06	2.62629e+11	6.69034e+06	0.000810995	0	1.30643e-16
	 	 	23	8.7334e-07	2.62629e+11	6.69034e+06	0.000810995	0	0
	 	 	24	5.0482e-07	2.62629e+11	6.69034e+06	0.000810996	0	6.53213e-16
	 	 	25	2.91803e-07	2.62629e+11	6.69034e+06	0.000810996	0	7.83856e-16
	 	 	26	1.68673e-07	2.62629e+11	6.69034e+06	0.000810996	0	-1.04514e-15
	 	 	27	9.74999e-08	2.62629e+11	6.69034e+06	0.000810996	0	-1.56771e-15
	 	 	28	5.6359e-08	2.62629e+11	6.69034e+06	0.000810996	0	-1.17578e-15
	 	 	29	3.25777e-08	2.62629e+11	6.69034e+06	0.000810996	0	1.04514e-15
	 	 	30	1.88314e-08	2.62629e+11	6.69034e+06	0.000810996	0	-1.04514e-15
	 	 	31	1.08853e-08	2.62629e+11	6.69034e+06	0.000810996	0	3.65799e-15
	 	 	32	6.29193e-09	2.62629e+11	6.69034e+06	0.000810996	0	7.83856e-16
	 1	0.0639338	6.69034e+06	1	0.000284972	0.000284972	0.000810996	1.59079e-09	7.83856e-16
		 Mass/AM Itteration # 	 convergence 	 p_core 	 a 	 omega_rot 	 edge corot 	 AM error 
	 	 	1	1	2.34398e+11	7.267e+06	0.000747592	0	-2.48221e-15
	 	 	2	0.0981139	2.59897e+11	7.29719e+06	0.000721021	0	-5.22571e-16
	 	 	3	0.0680881	2.78886e+11	7.30219e+06	0.000710292	0	-1.43707e-15
	 	 	4	0.0416323	2.91001e+11	7.3019e+06	0.000705801	0	-1.30643e-16
	 	 	5	0.0228957	2.9782e+11	7.30193e+06	0.000703391	0	1.69835e-15
	 	 	6	0.0123207	3.01535e+11	7.30208e+06	0.000702052	0	-2.7435e-15
	 	 	7	0.00658513	3.03534e+11	7.30237e+06	0.000701298	0	9.14499e-16
	 	 	8	0.00340502	3.04571e+11	7.30492e+06	0.000699775	0	1.56771e-15
	 	 	9	0.00283764	3.05438e+11	7.30291e+06	0.000700277	0	6.53213e-16
	 	 	10	0.000952441	3.05729e+11	7.30245e+06	0.000700414	0	-1.30643e-15
	 	 	11	0.000309531	3.05823e+11	7.30239e+06	0.000700437	0	-7.83856e-16
	 	 	12	8.79712e-05	3.0585e+11	7.30238e+06	0.000700441	0	0
	 	 	13	2.19596e-05	3.05857e+11	7.30238e+06	0.000700441	0	-5.22571e-16
	 	 	14	4.94675e-06	3.05859e+11	7.30238e+06	0.000700442	0	1.43707e-15
	 	 	15	1.03396e-06	3.05859e+11	7.30238e+06	0.000700442	0	-1.17578e-15
	 	 	16	2.04549e-07	3.05859e+11	7.30238e+06	0.000700442	0	-1.30643e-16
	 	 	17	3.87658e-08	3.05859e+11	7.30238e+06	0.000700442	0	-2.7435e-15
	 	 	18	7.08654e-09	3.05859e+11	7.30238e+06	0.000700442	0	1.43707e-15
	 2	0.0268399	7.30238e+06	0.754369	0.65645	0.870197	0.000700442	0	1.43707e-15
		 Mass/AM Itteration # 	 convergence 	 p_core 	 a 	 omega_rot 	 edge corot 	 AM error 
	 	 	1	1	2.92016e+11	7.51124e+06	0.000663334	0	3.00478e-15
	 	 	2	0.0560439	3.09354e+11	7.48245e+06	0.000668476	0	1.43707e-15
	 	 	3	0.0186839	3.15244e+11	7.4718e+06	0.00067171	0	3.65799e-15
	 	 	4	0.00426811	3.16595e+11	7.47426e+06	0.000670662	0	-2.61285e-16
	 	 	5	0.00226091	3.17312e+11	7.47334e+06	0.000670877	0	2.61285e-16
	 	 	6	0.00064516	3.17517e+11	7.47076e+06	0.000671986	0	-5.22571e-16
	 	 	7	0.000843199	3.1725e+11	7.47393e+06	0.000670768	0	2.48221e-15
	 	 	8	0.000713647	3.17476e+11	7.47331e+06	0.000670892	0	2.61285e-15
	 	 	9	0.000248295	3.17555e+11	7.47319e+06	0.000670921	0	7.83856e-16
	 	 	10	7.7138e-05	3.1758e+11	7.47317e+06	0.000670927	0	1.30643e-15
	 	 	11	2.12951e-05	3.17586e+11	7.47317e+06	0.000670928	0	-1.17578e-15
	 	 	12	5.33424e-06	3.17588e+11	7.47317e+06	0.000670928	0	-3.91928e-16
	 	 	13	1.23213e-06	3.17588e+11	7.47317e+06	0.000670928	0	-1.56771e-15
	 	 	14	2.65946e-07	3.17589e+11	7.47317e+06	0.000670928	0	3.91928e-16
	 	 	15	5.42234e-08	3.17589e+11	7.47317e+06	0.000670928	0	-3.26607e-15
	 	 	16	1.05272e-08	3.17589e+11	7.47317e+06	0.000670928	0	1.30643e-16
	 	 	17	1.95589e-09	3.17589e+11	7.47317e+06	0.000670928	0	3.91928e-16
	 3	0.0119115	7.47317e+06	0.702576	0.711609	1.01286	0.000670928	0	3.91928e-16
		 Mass/AM Itteration # 	 convergence 	 p_core 	 a 	 omega_rot 	 edge corot 	 AM error 
	 	 	1	1	3.11555e+11	7.53947e+06	0.000658146	0	-1.17578e-15
	 	 	2	0.0223523	3.18678e+11	7.5266e+06	0.000660868	0	3.91928e-16
	 	 	3	0.00637777	3.20723e+11	7.52434e+06	0.000661451	0	-1.30643e-16
	 	 	4	0.00177628	3.21294e+11	7.52397e+06	0.000661563	0	3.65799e-15
	 	 	5	0.00046555	3.21444e+11	7.52392e+06	0.000661583	0	-1.30643e-15
	 	 	6	0.000112623	3.2148e+11	7.52391e+06	0.000661587	0	1.04514e-15
	 	 	7	2.52888e-05	3.21488e+11	7.52391e+06	0.000661587	0	-2.61285e-16
	 	 	8	5.32995e-06	3.2149e+11	7.52391e+06	0.000661588	0	1.43707e-15
	 	 	9	1.0656e-06	3.2149e+11	7.52391e+06	0.000661588	0	1.04514e-15
	 	 	10	2.03638e-07	3.2149e+11	7.52391e+06	0.000661588	0	-2.09028e-15
	 	 	11	3.73708e-08	3.2149e+11	7.52391e+06	0.000661588	0	1.30643e-15
	 	 	12	6.59862e-09	3.2149e+11	7.52391e+06	0.000661588	0	-1.95964e-15
	 4	0.00391945	7.52391e+06	0.687492	0.726192	1.05629	0.000661588	0	-1.95964e-15
		 Mass/AM Itteration # 	 convergence 	 p_core 	 a 	 omega_rot 	 edge corot 	 AM error 
	 	 	1	1	3.19018e+11	7.54417e+06	0.0006573	0	6.53213e-16
	 	 	2	0.00863764	3.21798e+11	7.53994e+06	0.000658173	0	-2.61285e-15
	 	 	3	0.00229598	3.22538e+11	7.53919e+06	0.000658362	0	-5.22571e-16
	 	 	4	0.000606637	3.22734e+11	7.53907e+06	0.0006584	0	-1.17578e-15
	 	 	5	0.000155301	3.22784e+11	7.53905e+06	0.000658407	0	1.69835e-15
	 	 	6	3.74494e-05	3.22796e+11	7.53905e+06	0.000658408	0	-2.7435e-15
	 	 	7	8.45667e-06	3.22799e+11	7.53905e+06	0.000658408	0	-1.43707e-15
	 	 	8	1.79754e-06	3.22799e+11	7.53905e+06	0.000658408	0	1.04514e-15
	 	 	9	3.62301e-07	3.228e+11	7.53905e+06	0.000658408	0	-1.30643e-16
	 	 	10	6.96605e-08	3.228e+11	7.53905e+06	0.000658408	0	-1.17578e-15
	 	 	11	1.28235e-08	3.228e+11	7.53905e+06	0.000658408	0	5.22571e-16
	 	 	12	2.26209e-09	3.228e+11	7.53905e+06	0.000658408	0	-1.829e-15
	 5	0.00131392	7.53905e+06	0.682703	0.730696	1.0703	0.000658408	1.79787e-16	-1.829e-15
		 Mass/AM Itteration # 	 convergence 	 p_core 	 a 	 omega_rot 	 edge corot 	 AM error 
	 	 	1	1	3.21825e+11	7.54518e+06	0.000656937	0	-5.22571e-16
	 	 	2	0.00327031	3.22881e+11	7.54365e+06	0.000657251	0	-5.22571e-16
	 	 	3	0.000840431	3.23153e+11	7.54338e+06	0.000657321	0	2.61285e-15
	 	 	4	0.000218442	3.23223e+11	7.54333e+06	0.000657335	0	-2.22093e-15
	 	 	5	5.58486e-05	3.23241e+11	7.54333e+06	0.000657337	0	5.22571e-16
	 	 	6	1.35176e-05	3.23246e+11	7.54332e+06	0.000657338	0	-6.53213e-16
	 	 	7	3.06284e-06	3.23247e+11	7.54332e+06	0.000657338	0	0
	 	 	8	6.52131e-07	3.23247e+11	7.54332e+06	0.000657338	0	1.69835e-15
	 	 	9	1.31465e-07	3.23247e+11	7.54332e+06	0.000657338	0	9.14499e-16
	 	 	10	2.52549e-08	3.23247e+11	7.54332e+06	0.000657338	0	9.14499e-16
	 	 	11	4.6411e-09	3.23247e+11	7.54332e+06	0.000657338	0	1.30643e-16
	 6	0.000413435	7.54332e+06	0.681135	0.732158	1.07491	0.000657338	-1.79787e-16	1.30643e-16
		 Mass/AM Itteration # 	 convergence 	 p_core 	 a 	 omega_rot 	 edge corot 	 AM error 
	 	 	1	1	3.2287e+11	7.54518e+06	0.000656824	0	-1.17578e-15
	 	 	2	0.00122843	3.23267e+11	7.54462e+06	0.000656939	0	5.22571e-16
	 	 	3	0.00030763	3.23367e+11	7.54451e+06	0.000656965	0	2.61285e-16
	 	 	4	7.8824e-05	3.23392e+11	7.5445e+06	0.00065697	0	-3.91928e-16
	 	 	5	2.01516e-05	3.23399e+11	7.5445e+06	0.000656971	0	1.95964e-15
	 	 	6	4.89328e-06	3.234e+11	7.54449e+06	0.000656971	0	1.30643e-15
	 	 	7	1.11147e-06	3.23401e+11	7.54449e+06	0.000656971	0	3.00478e-15
	 	 	8	2.37021e-07	3.23401e+11	7.54449e+06	0.000656971	0	7.83856e-16
	 	 	9	4.78318e-08	3.23401e+11	7.54449e+06	0.000656971	0	-5.22571e-16
	 	 	10	9.19591e-09	3.23401e+11	7.54449e+06	0.000656971	0	-2.35157e-15
	 7	0.000130781	7.54449e+06	0.680611	0.732645	1.07645	0.000656971	0	-2.35157e-15
		 Mass/AM Itteration # 	 convergence 	 p_core 	 a 	 omega_rot 	 edge corot 	 AM error 
	 	 	1	1	3.23257e+11	7.54505e+06	0.000656791	0	9.14499e-16
	 	 	2	0.000459938	3.23405e+11	7.54485e+06	0.000656833	0	-2.48221e-15
	 	 	3	0.000112367	3.23442e+11	7.54481e+06	0.000656842	0	5.22571e-16
	 	 	4	2.84208e-05	3.23451e+11	7.5448e+06	0.000656844	0	7.83856e-16
	 	 	5	7.24797e-06	3.23453e+11	7.5448e+06	0.000656845	0	-1.95964e-15
	 	 	6	1.7616e-06	3.23454e+11	7.5448e+06	0.000656845	0	1.56771e-15
	 	 	7	4.00633e-07	3.23454e+11	7.5448e+06	0.000656845	0	1.17578e-15
	 	 	8	8.55186e-08	3.23454e+11	7.5448e+06	0.000656845	0	1.56771e-15
	 	 	9	1.72706e-08	3.23454e+11	7.5448e+06	0.000656845	0	-1.17578e-15
	 	 	10	3.32231e-09	3.23454e+11	7.5448e+06	0.000656845	0	2.09028e-15
	 8	4.14205e-05	7.5448e+06	0.680433	0.73281	1.07698	0.000656845	3.59574e-16	2.09028e-15
		 Mass/AM Itteration # 	 convergence 	 p_core 	 a 	 omega_rot 	 edge corot 	 AM error 
	 	 	1	1	3.23399e+11	7.54497e+06	0.000656781	0	-3.91928e-16
	 	 	2	0.000171822	3.23455e+11	7.54489e+06	0.000656796	0	1.43707e-15
	 	 	3	4.12191e-05	3.23468e+11	7.54488e+06	0.0006568	0	-1.04514e-15
	 	 	4	1.03092e-05	3.23471e+11	7.54488e+06	0.0006568	0	-7.83856e-16
	 	 	5	2.62272e-06	3.23472e+11	7.54488e+06	0.0006568	0	-2.09028e-15
	 	 	6	6.37875e-07	3.23473e+11	7.54488e+06	0.0006568	0	1.95964e-15
	 	 	7	1.45219e-07	3.23473e+11	7.54488e+06	0.0006568	0	6.53213e-16
	 	 	8	3.10235e-08	3.23473e+11	7.54488e+06	0.0006568	0	2.22093e-15
	 	 	9	6.26904e-09	3.23473e+11	7.54488e+06	0.0006568	0	1.829e-15
	 9	1.32082e-05	7.54488e+06	0.680372	0.732867	1.07716	0.0006568	0	1.829e-15
		 Mass/AM Itteration # 	 convergence 	 p_core 	 a 	 omega_rot 	 edge corot 	 AM error 
	 	 	1	1	3.23452e+11	7.54492e+06	0.000656777	0	-7.83856e-16
	 	 	2	6.41058e-05	3.23473e+11	7.5449e+06	0.000656783	0	1.17578e-15
	 	 	3	1.51376e-05	3.23477e+11	7.54489e+06	0.000656784	0	2.61285e-16
	 	 	4	3.75054e-06	3.23479e+11	7.54489e+06	0.000656784	0	1.17578e-15
	 	 	5	9.5279e-07	3.23479e+11	7.54489e+06	0.000656784	0	-5.22571e-16
	 	 	6	2.32012e-07	3.23479e+11	7.54489e+06	0.000656784	0	7.83856e-16
	 	 	7	5.28927e-08	3.23479e+11	7.54489e+06	0.000656784	0	1.17578e-15
	 	 	8	1.13115e-08	3.23479e+11	7.54489e+06	0.000656784	0	-1.56771e-15
	 	 	9	2.28758e-09	3.23479e+11	7.54489e+06	0.000656784	0	-1.56771e-15
	 10	4.20974e-06	7.54489e+06	0.680351	0.732887	1.07722	0.000656784	0	-1.56771e-15
		 Mass/AM Itteration # 	 convergence 	 p_core 	 a 	 omega_rot 	 edge corot 	 AM error 
	 	 	1	1	3.23471e+11	7.5449e+06	0.000656776	0	-1.829e-15
	 	 	2	2.38289e-05	3.23479e+11	7.54489e+06	0.000656778	0	-2.35157e-15
	 	 	3	5.5369e-06	3.23481e+11	7.54489e+06	0.000656778	0	1.04514e-15
	 	 	4	1.35929e-06	3.23481e+11	7.54489e+06	0.000656778	0	5.22571e-16
	 	 	5	3.45097e-07	3.23481e+11	7.54489e+06	0.000656778	0	-1.95964e-15
	 	 	6	8.42034e-08	3.23481e+11	7.54489e+06	0.000656778	0	-1.95964e-15
	 	 	7	1.9234e-08	3.23481e+11	7.54489e+06	0.000656778	0	1.829e-15
	 	 	8	4.11952e-09	3.23481e+11	7.54489e+06	0.000656778	0	-9.14499e-16
	 11	1.2973e-06	7.54489e+06	0.680343	0.732893	1.07724	0.000656778	-1.79787e-16	-9.14499e-16
		 Mass/AM Itteration # 	 convergence 	 p_core 	 a 	 omega_rot 	 edge corot 	 AM error 
	 	 	1	1	3.23478e+11	7.54489e+06	0.000656775	0	3.91928e-16
	 	 	2	8.80349e-06	3.23481e+11	7.54489e+06	0.000656776	0	-1.17578e-15
	 	 	3	2.00672e-06	3.23482e+11	7.54488e+06	0.000656776	0	1.829e-15
	 	 	4	4.87394e-07	3.23482e+11	7.54488e+06	0.000656776	0	-1.30643e-15
	 	 	5	1.23733e-07	3.23482e+11	7.54488e+06	0.000656776	0	-5.22571e-16
	 	 	6	3.02836e-08	3.23482e+11	7.54488e+06	0.000656776	0	-1.69835e-15
	 	 	7	6.9372e-09	3.23482e+11	7.54488e+06	0.000656776	0	-2.87414e-15
	 12	3.64036e-07	7.54488e+06	0.680341	0.732896	1.07725	0.000656776	-3.59574e-16	-2.87414e-15
		 Mass/AM Itteration # 	 convergence 	 p_core 	 a 	 omega_rot 	 edge corot 	 AM error 
	 	 	1	1	3.23481e+11	7.54488e+06	0.000656775	0	-1.17578e-15
	 	 	2	3.22334e-06	3.23482e+11	7.54488e+06	0.000656775	0	-6.53213e-16
	 	 	3	7.16326e-07	3.23482e+11	7.54488e+06	0.000656775	0	-2.61285e-16
	 	 	4	1.71506e-07	3.23482e+11	7.54488e+06	0.000656775	0	1.17578e-15
	 	 	5	4.35568e-08	3.23482e+11	7.54488e+06	0.000656775	0	2.61285e-15
	 	 	6	1.07101e-08	3.23482e+11	7.54488e+06	0.000656775	0	6.53213e-16
	 	 	7	2.4637e-09	3.23482e+11	7.54488e+06	0.000656775	0	9.14499e-16
	 13	7.88227e-08	7.54488e+06	0.68034	0.732897	1.07725	0.000656775	1.79787e-16	9.14499e-16
		 Mass/AM Itteration # 	 convergence 	 p_core 	 a 	 omega_rot 	 edge corot 	 AM error 
	 	 	1	1	3.23482e+11	7.54488e+06	0.000656775	0	2.61285e-16
	 	 	2	1.16478e-06	3.23482e+11	7.54488e+06	0.000656775	0	9.14499e-16
	 	 	3	2.49669e-07	3.23482e+11	7.54488e+06	0.000656775	0	-2.61285e-16
	 	 	4	5.85239e-08	3.23482e+11	7.54488e+06	0.000656775	0	2.61285e-16
	 	 	5	1.48765e-08	3.23482e+11	7.54488e+06	0.000656775	0	7.83856e-16
	 	 	6	3.68449e-09	3.23482e+11	7.54488e+06	0.000656775	0	2.22093e-15
	 14	1.45155e-09	7.54488e+06	0.68034	0.732897	1.07725	0.000656775	-1.79787e-16	2.22093e-15
Back to main
run time (s) 2757.02
