HERCULES is running
Intialising 
	 Reading input file 
	 Run name: Earth_correct_params_S3.20c_L3.30625_N100_Nm1000_k6_f121_p10_l1_0_1.5
	 Input file read successful
	 Initialisation by reading start file ../../Earth_correct_params_S3.20c/Earth_correct_params_S3.20c_AM3.303125/Output/Earth_correct_params_S3.20c_L3.30313_N100_Nm1000_k6_f121_p10_l1_0_1.5_final
	 Initialisation complete
Itterating
	 Main Itteration # 	 convergence 	 a 	 aspect 	 ellipticity 	 l 	 omega_rot 	 Mass error 	 AM error 
		 Mass/AM Itteration # 	 convergence 	 p_core 	 a 	 omega_rot 	 edge corot 	 AM error 
	 	 	1	1	2.5451e+11	9.80878e+06	0.000744487	0	-3.16111e-15
	 	 	2	0.000968599	2.54264e+11	9.81017e+06	0.000744253	0	-1.4225e-15
	 	 	3	0.000249194	2.54201e+11	9.81027e+06	0.00074422	0	7.90277e-16
	 	 	4	7.07504e-05	2.54183e+11	9.81026e+06	0.000744219	0	3.47722e-15
	 	 	5	1.94833e-05	2.54178e+11	9.81025e+06	0.000744219	0	-9.48332e-16
	 	 	6	4.70012e-06	2.54176e+11	9.81025e+06	0.00074422	0	1.58055e-16
	 	 	7	9.64242e-07	2.54176e+11	9.81025e+06	0.00074422	0	1.58055e-16
	 	 	8	1.67969e-07	2.54176e+11	9.81025e+06	0.00074422	0	-3.00305e-15
	 	 	9	2.4904e-08	2.54176e+11	9.81025e+06	0.00074422	0	1.58055e-16
	 	 	10	3.14323e-09	2.54176e+11	9.81025e+06	0.00074422	0	2.52889e-15
	 1	9.15854e-05	9.81025e+06	0.4272	0.904157	2.11648	0.00074422	1.79787e-16	2.52889e-15
		 Mass/AM Itteration # 	 convergence 	 p_core 	 a 	 omega_rot 	 edge corot 	 AM error 
	 	 	1	1	2.54064e+11	9.81357e+06	0.000745467	0	-1.4225e-15
	 	 	2	0.00187299	2.53589e+11	9.82079e+06	0.000743366	0	6.32222e-16
	 	 	3	0.00201497	2.54101e+11	9.81765e+06	0.000743872	0	4.74166e-16
	 	 	4	0.00052785	2.54235e+11	9.81739e+06	0.000743948	0	9.48332e-16
	 	 	5	0.000150983	2.54274e+11	9.81742e+06	0.000743952	0	-2.37083e-15
	 	 	6	4.18891e-05	2.54285e+11	9.81743e+06	0.00074395	0	-1.89666e-15
	 	 	7	1.02113e-05	2.54287e+11	9.81744e+06	0.00074395	0	1.4225e-15
	 	 	8	2.12004e-06	2.54288e+11	9.81744e+06	0.00074395	0	-1.10639e-15
	 	 	9	3.73848e-07	2.54288e+11	9.81744e+06	0.00074395	0	-1.58055e-16
	 	 	10	5.61009e-08	2.54288e+11	9.81744e+06	0.00074395	0	3.16111e-16
	 	 	11	7.16284e-09	2.54288e+11	9.81744e+06	0.00074395	0	-2.05472e-15
	 2	0.000213938	9.81744e+06	0.426779	0.904356	2.11903	0.00074395	5.39361e-16	-2.05472e-15
		 Mass/AM Itteration # 	 convergence 	 p_core 	 a 	 omega_rot 	 edge corot 	 AM error 
	 	 	1	1	2.54249e+11	9.81848e+06	0.000745312	0	-9.48332e-16
	 	 	2	0.00202858	2.53735e+11	9.82527e+06	0.00074339	0	6.32222e-16
	 	 	3	0.00167203	2.5416e+11	9.82254e+06	0.000743825	0	-4.10944e-15
	 	 	4	0.000436548	2.54271e+11	9.8223e+06	0.000743891	0	-1.10639e-15
	 	 	5	0.000125493	2.54302e+11	9.82232e+06	0.000743895	0	7.90277e-16
	 	 	6	3.514e-05	2.54311e+11	9.82233e+06	0.000743894	0	-1.10639e-15
	 	 	7	8.63888e-06	2.54314e+11	9.82234e+06	0.000743893	0	-2.845e-15
	 	 	8	1.80524e-06	2.54314e+11	9.82234e+06	0.000743893	0	-9.48332e-16
	 	 	9	3.19834e-07	2.54314e+11	9.82234e+06	0.000743893	0	-6.32222e-16
	 	 	10	4.81458e-08	2.54314e+11	9.82234e+06	0.000743893	0	0
	 	 	11	6.15609e-09	2.54314e+11	9.82234e+06	0.000743893	0	1.73861e-15
	 3	8.03148e-05	9.82234e+06	0.426558	0.90446	2.12037	0.000743893	1.79787e-16	1.73861e-15
		 Mass/AM Itteration # 	 convergence 	 p_core 	 a 	 omega_rot 	 edge corot 	 AM error 
	 	 	1	1	2.54289e+11	9.82649e+06	0.000743892	0	7.90277e-16
	 	 	2	8.89079e-05	2.54312e+11	9.8266e+06	0.00074388	0	-9.48332e-16
	 	 	3	3.89312e-05	2.54322e+11	9.82662e+06	0.000743877	0	2.05472e-15
	 	 	4	1.04186e-05	2.54325e+11	9.82662e+06	0.000743877	0	-2.05472e-15
	 	 	5	1.9897e-06	2.54325e+11	9.82662e+06	0.000743877	0	3.16111e-16
	 	 	6	2.99361e-07	2.54325e+11	9.82662e+06	0.000743877	0	-1.73861e-15
	 	 	7	3.72249e-08	2.54325e+11	9.82662e+06	0.000743877	0	2.21278e-15
	 	 	8	4.00008e-09	2.54325e+11	9.82662e+06	0.000743877	0	-7.90277e-16
	 4	9.73903e-05	9.82662e+06	0.426371	0.904548	2.12151	0.000743877	-3.59574e-16	-7.90277e-16
		 Mass/AM Itteration # 	 convergence 	 p_core 	 a 	 omega_rot 	 edge corot 	 AM error 
	 	 	1	1	2.54301e+11	9.82551e+06	0.000745767	0	-2.68694e-15
	 	 	2	0.0028771	2.53572e+11	9.83472e+06	0.000743164	0	-7.90277e-16
	 	 	3	0.00221266	2.54134e+11	9.83102e+06	0.000743751	0	-6.32222e-16
	 	 	4	0.000577622	2.54281e+11	9.8307e+06	0.00074384	0	-1.89666e-15
	 	 	5	0.000166668	2.54323e+11	9.83073e+06	0.000743845	0	1.10639e-15
	 	 	6	4.68834e-05	2.54335e+11	9.83074e+06	0.000743844	0	-3.79333e-15
	 	 	7	1.15635e-05	2.54338e+11	9.83074e+06	0.000743843	0	-1.58055e-15
	 	 	8	2.42081e-06	2.54339e+11	9.83074e+06	0.000743843	0	3.16111e-16
	 	 	9	4.29146e-07	2.54339e+11	9.83074e+06	0.000743843	0	1.58055e-16
	 	 	10	6.45617e-08	2.54339e+11	9.83074e+06	0.000743843	0	1.58055e-16
	 	 	11	8.2392e-09	2.54339e+11	9.83074e+06	0.000743843	0	2.52889e-15
	 5	3.71402e-05	9.83074e+06	0.426197	0.904631	2.12257	0.000743843	1.79787e-16	2.52889e-15
		 Mass/AM Itteration # 	 convergence 	 p_core 	 a 	 omega_rot 	 edge corot 	 AM error 
	 	 	1	1	2.54321e+11	9.83064e+06	0.000745224	0	-4.2675e-15
	 	 	2	0.00207708	2.53793e+11	9.83734e+06	0.000743342	0	-2.37083e-15
	 	 	3	0.00159566	2.54199e+11	9.83467e+06	0.000743763	0	3.16111e-15
	 	 	4	0.000416149	2.54305e+11	9.83444e+06	0.000743828	0	3.16111e-16
	 	 	5	0.00011987	2.54335e+11	9.83446e+06	0.000743831	0	3.79333e-15
	 	 	6	3.36874e-05	2.54344e+11	9.83448e+06	0.00074383	0	1.73861e-15
	 	 	7	8.30644e-06	2.54346e+11	9.83448e+06	0.00074383	0	-1.10639e-15
	 	 	8	1.73861e-06	2.54347e+11	9.83448e+06	0.00074383	0	0
	 	 	9	3.0808e-07	2.54347e+11	9.83448e+06	0.00074383	0	4.74166e-16
	 	 	10	4.6309e-08	2.54347e+11	9.83448e+06	0.00074383	0	6.32222e-16
	 	 	11	5.90127e-09	2.54347e+11	9.83448e+06	0.00074383	0	2.21278e-15
	 6	3.66555e-05	9.83448e+06	0.426034	0.904707	2.12355	0.00074383	-1.79787e-16	2.21278e-15
		 Mass/AM Itteration # 	 convergence 	 p_core 	 a 	 omega_rot 	 edge corot 	 AM error 
	 	 	1	1	2.54329e+11	9.83786e+06	0.000743845	0	-1.26444e-15
	 	 	2	5.08644e-05	2.54342e+11	9.83798e+06	0.00074383	0	-4.74166e-16
	 	 	3	2.64789e-05	2.54349e+11	9.838e+06	0.000743827	0	0
	 	 	4	7.0586e-06	2.5435e+11	9.838e+06	0.000743827	0	-9.48332e-16
	 	 	5	1.22881e-06	2.54351e+11	9.838e+06	0.000743827	0	-6.32222e-16
	 	 	6	1.48487e-07	2.54351e+11	9.838e+06	0.000743827	0	7.90277e-16
	 	 	7	1.06061e-08	2.54351e+11	9.838e+06	0.000743827	0	1.58055e-16
	 	 	8	1.86235e-10	2.54351e+11	9.838e+06	0.000743827	0	-7.90277e-16
	 7	7.47322e-05	9.838e+06	0.425881	0.904779	2.12449	0.000743827	0	-7.90277e-16
		 Mass/AM Itteration # 	 convergence 	 p_core 	 a 	 omega_rot 	 edge corot 	 AM error 
	 	 	1	1	2.54331e+11	9.83691e+06	0.000745493	0	7.90277e-16
	 	 	2	0.00253772	2.53687e+11	9.84503e+06	0.000743198	1	1.73861e-15
	 	 	3	0.00192303	2.54176e+11	9.84189e+06	0.000743715	0	6.32222e-16
	 	 	4	0.000514904	2.54307e+11	9.84151e+06	0.000743798	0	-2.37083e-15
	 	 	5	0.00014986	2.54345e+11	9.84151e+06	0.000743805	0	1.10639e-15
	 	 	6	4.1961e-05	2.54356e+11	9.84152e+06	0.000743805	0	1.58055e-16
	 	 	7	1.05062e-05	2.54358e+11	9.84152e+06	0.000743805	0	6.32222e-16
	 	 	8	2.26997e-06	2.54359e+11	9.84152e+06	0.000743804	0	-1.89666e-15
	 	 	9	4.20289e-07	2.54359e+11	9.84152e+06	0.000743804	0	1.73861e-15
	 	 	10	6.67762e-08	2.54359e+11	9.84152e+06	0.000743804	0	3.16111e-15
	 	 	11	9.12071e-09	2.54359e+11	9.84152e+06	0.000743804	0	-2.845e-15
	 8	2.69465e-05	9.84152e+06	0.425733	0.904849	2.12539	0.000743804	1.79787e-16	-2.845e-15
		 Mass/AM Itteration # 	 convergence 	 p_core 	 a 	 omega_rot 	 edge corot 	 AM error 
	 	 	1	1	2.54343e+11	9.84463e+06	0.000743827	0	4.74166e-16
	 	 	2	3.83383e-05	2.54353e+11	9.84475e+06	0.000743811	0	-1.58055e-16
	 	 	3	2.21004e-05	2.54358e+11	9.84477e+06	0.000743808	0	-1.58055e-16
	 	 	4	5.83686e-06	2.5436e+11	9.84477e+06	0.000743808	0	-9.48332e-16
	 	 	5	9.45882e-07	2.5436e+11	9.84477e+06	0.000743808	0	-3.16111e-16
	 	 	6	9.1204e-08	2.5436e+11	9.84477e+06	0.000743808	0	7.90277e-16
	 	 	7	2.93957e-10	2.5436e+11	9.84477e+06	0.000743808	0	2.21278e-15
	 9	6.56098e-05	9.84477e+06	0.425591	0.904916	2.12626	0.000743808	3.59574e-16	2.21278e-15
		 Mass/AM Itteration # 	 convergence 	 p_core 	 a 	 omega_rot 	 edge corot 	 AM error 
	 	 	1	1	2.54342e+11	9.84337e+06	0.00074552	0	-9.48332e-16
	 	 	2	0.0026107	2.53679e+11	9.8517e+06	0.000743174	1	-9.48332e-16
	 	 	3	0.00197185	2.54181e+11	9.84842e+06	0.000743701	0	9.48332e-16
	 	 	4	0.000523234	2.54314e+11	9.84807e+06	0.000743785	0	-3.16111e-16
	 	 	5	0.000151584	2.54352e+11	9.84808e+06	0.000743791	0	-1.58055e-16
	 	 	6	4.2554e-05	2.54363e+11	9.8481e+06	0.00074379	0	-6.32222e-16
	 	 	7	1.05979e-05	2.54366e+11	9.8481e+06	0.00074379	0	3.16111e-15
	 	 	8	2.26099e-06	2.54366e+11	9.8481e+06	0.00074379	0	1.4225e-15
	 	 	9	4.11078e-07	2.54366e+11	9.8481e+06	0.00074379	0	2.05472e-15
	 	 	10	6.3805e-08	2.54366e+11	9.8481e+06	0.00074379	0	-7.90277e-16
	 	 	11	8.46357e-09	2.54366e+11	9.8481e+06	0.00074379	0	9.48332e-16
	 10	1.93242e-05	9.8481e+06	0.425451	0.904981	2.12711	0.00074379	1.79787e-16	9.48332e-16
		 Mass/AM Itteration # 	 convergence 	 p_core 	 a 	 omega_rot 	 edge corot 	 AM error 
	 	 	1	1	2.54351e+11	9.85106e+06	0.000743819	0	2.21278e-15
	 	 	2	2.98045e-05	2.54359e+11	9.8512e+06	0.000743802	0	1.58055e-16
	 	 	3	1.92917e-05	2.54364e+11	9.85121e+06	0.000743799	0	9.48332e-16
	 	 	4	5.05265e-06	2.54365e+11	9.85121e+06	0.000743798	0	1.4225e-15
	 	 	5	7.54567e-07	2.54365e+11	9.85121e+06	0.000743798	0	6.32222e-16
	 	 	6	4.94066e-08	2.54365e+11	9.85121e+06	0.000743798	0	3.16111e-15
	 	 	7	7.82235e-09	2.54365e+11	9.85121e+06	0.000743798	0	2.37083e-15
	 11	6.06026e-05	9.85121e+06	0.425316	0.905045	2.12794	0.000743798	3.59574e-16	2.37083e-15
		 Mass/AM Itteration # 	 convergence 	 p_core 	 a 	 omega_rot 	 edge corot 	 AM error 
	 	 	1	1	2.54347e+11	9.84981e+06	0.000745494	0	1.73861e-15
	 	 	2	0.00258617	2.53691e+11	9.85806e+06	0.000743181	1	1.89666e-15
	 	 	3	0.00195289	2.54187e+11	9.85475e+06	0.000743701	0	4.74166e-16
	 	 	4	0.000512272	2.54318e+11	9.85445e+06	0.000743782	0	-1.58055e-16
	 	 	5	0.000147725	2.54355e+11	9.85447e+06	0.000743787	0	-9.48332e-16
	 	 	6	4.15387e-05	2.54366e+11	9.85448e+06	0.000743785	0	-7.90277e-16
	 	 	7	1.02833e-05	2.54368e+11	9.85449e+06	0.000743785	0	-1.58055e-16
	 	 	8	2.16412e-06	2.54369e+11	9.85449e+06	0.000743785	0	3.16111e-16
	 	 	9	3.8533e-07	2.54369e+11	9.85449e+06	0.000743785	0	-1.73861e-15
	 	 	10	5.80507e-08	2.54369e+11	9.85449e+06	0.000743785	0	-3.16111e-15
	 	 	11	7.37598e-09	2.54369e+11	9.85449e+06	0.000743785	0	1.10639e-15
	 12	1.65161e-05	9.85449e+06	0.425179	0.905109	2.12877	0.000743785	-1.79787e-16	1.10639e-15
		 Mass/AM Itteration # 	 convergence 	 p_core 	 a 	 omega_rot 	 edge corot 	 AM error 
	 	 	1	1	2.54354e+11	9.85745e+06	0.000743822	1	1.10639e-15
	 	 	2	2.63692e-05	2.54361e+11	9.85757e+06	0.000743805	1	-2.21278e-15
	 	 	3	1.86514e-05	2.54365e+11	9.85759e+06	0.000743802	1	-1.10639e-15
	 	 	4	4.83789e-06	2.54366e+11	9.85759e+06	0.000743802	1	-2.21278e-15
	 	 	5	7.17747e-07	2.54367e+11	9.85759e+06	0.000743802	1	-1.73861e-15
	 	 	6	4.99767e-08	2.54367e+11	9.85759e+06	0.000743802	1	-9.48332e-16
	 	 	7	5.67397e-09	2.54367e+11	9.85759e+06	0.000743802	1	-1.58055e-16
	 13	5.57198e-05	9.85759e+06	0.425044	0.905173	2.1296	0.000743802	-3.59574e-16	-1.58055e-16
		 Mass/AM Itteration # 	 convergence 	 p_core 	 a 	 omega_rot 	 edge corot 	 AM error 
	 	 	1	1	2.54344e+11	9.85612e+06	0.000745407	1	-1.89666e-15
	 	 	2	0.00244324	2.53724e+11	9.86394e+06	0.000743177	1	-1.58055e-16
	 	 	3	0.00190246	2.54208e+11	9.86078e+06	0.000743681	1	7.90277e-16
	 	 	4	0.000496823	2.54334e+11	9.86051e+06	0.000743758	1	2.37083e-15
	 	 	5	0.000143728	2.54371e+11	9.86053e+06	0.000743762	1	4.74166e-16
	 	 	6	4.04172e-05	2.54381e+11	9.86054e+06	0.000743761	1	-1.58055e-16
	 	 	7	9.96066e-06	2.54383e+11	9.86054e+06	0.00074376	1	1.58055e-15
	 	 	8	2.08703e-06	2.54384e+11	9.86054e+06	0.00074376	1	2.21278e-15
	 	 	9	3.7137e-07	2.54384e+11	9.86054e+06	0.00074376	1	1.4225e-15
	 	 	10	5.63087e-08	2.54384e+11	9.86054e+06	0.00074376	1	9.48332e-16
	 	 	11	7.28121e-09	2.54384e+11	9.86054e+06	0.00074376	1	4.74166e-16
	 14	2.33593e-05	9.86054e+06	0.424908	0.905237	2.13043	0.00074376	1.79787e-16	4.74166e-16
		 Mass/AM Itteration # 	 convergence 	 p_core 	 a 	 omega_rot 	 edge corot 	 AM error 
	 	 	1	1	2.54369e+11	9.8628e+06	0.000743743	1	4.58361e-15
	 	 	2	6.83273e-05	2.54386e+11	9.86282e+06	0.000743742	1	-3.16111e-15
	 	 	3	2.63721e-05	2.54393e+11	9.86282e+06	0.000743742	1	-1.10639e-15
	 	 	4	7.13409e-06	2.54395e+11	9.86282e+06	0.000743742	1	2.37083e-15
	 	 	5	1.51595e-06	2.54395e+11	9.86282e+06	0.000743742	1	1.89666e-15
	 	 	6	2.77925e-07	2.54395e+11	9.86282e+06	0.000743742	1	1.4225e-15
	 	 	7	4.60996e-08	2.54395e+11	9.86282e+06	0.000743742	1	1.58055e-16
	 	 	8	7.06565e-09	2.54395e+11	9.86282e+06	0.000743742	1	-1.58055e-16
	 15	5.44613e-05	9.86282e+06	0.424798	0.905288	2.1311	0.000743742	-1.79787e-16	-1.58055e-16
		 Mass/AM Itteration # 	 convergence 	 p_core 	 a 	 omega_rot 	 edge corot 	 AM error 
	 	 	1	1	2.54382e+11	9.86478e+06	0.000743722	1	9.48332e-16
	 	 	2	6.07728e-05	2.54397e+11	9.86114e+06	0.00074509	1	1.26444e-15
	 	 	3	0.00210035	2.53864e+11	9.86768e+06	0.000743224	1	0
	 	 	4	0.00156794	2.54263e+11	9.86503e+06	0.000743645	1	3.16111e-16
	 	 	5	0.000408658	2.54367e+11	9.8648e+06	0.000743709	1	1.58055e-16
	 	 	6	0.000118645	2.54397e+11	9.86482e+06	0.000743713	1	-1.26444e-15
	 	 	7	3.34983e-05	2.54405e+11	9.86483e+06	0.000743712	1	-1.26444e-15
	 	 	8	8.27549e-06	2.54407e+11	9.86484e+06	0.000743712	1	-1.10639e-15
	 	 	9	1.73621e-06	2.54408e+11	9.86484e+06	0.000743712	1	2.845e-15
	 	 	10	3.09036e-07	2.54408e+11	9.86484e+06	0.000743712	1	6.32222e-16
	 	 	11	4.68285e-08	2.54408e+11	9.86484e+06	0.000743712	1	-1.73861e-15
	 	 	12	6.04542e-09	2.54408e+11	9.86484e+06	0.000743712	1	-2.05472e-15
	 16	8.62352e-06	9.86484e+06	0.42471	0.90533	2.13164	0.000743712	-3.59574e-16	-2.05472e-15
		 Mass/AM Itteration # 	 convergence 	 p_core 	 a 	 omega_rot 	 edge corot 	 AM error 
	 	 	1	1	2.544e+11	9.86639e+06	0.000743711	1	1.58055e-16
	 	 	2	3.32293e-05	2.54408e+11	9.86642e+06	0.000743707	1	-3.16111e-16
	 	 	3	1.47932e-05	2.54412e+11	9.86642e+06	0.000743706	1	1.58055e-16
	 	 	4	3.97748e-06	2.54413e+11	9.86642e+06	0.000743706	1	3.16111e-16
	 	 	5	7.84656e-07	2.54413e+11	9.86642e+06	0.000743706	1	9.48332e-16
	 	 	6	1.27986e-07	2.54413e+11	9.86642e+06	0.000743706	1	1.73861e-15
	 	 	7	1.85856e-08	2.54413e+11	9.86642e+06	0.000743706	1	9.48332e-16
	 	 	8	2.55126e-09	2.54413e+11	9.86642e+06	0.000743706	1	-7.90277e-16
	 17	3.48057e-05	9.86642e+06	0.424637	0.905364	2.13209	0.000743706	-5.39361e-16	-7.90277e-16
		 Mass/AM Itteration # 	 convergence 	 p_core 	 a 	 omega_rot 	 edge corot 	 AM error 
	 	 	1	1	2.54404e+11	9.86786e+06	0.000743695	1	-2.52889e-15
	 	 	2	3.90013e-05	2.54414e+11	9.86787e+06	0.000743694	1	-1.58055e-15
	 	 	3	1.5793e-05	2.54418e+11	9.86787e+06	0.000743694	1	-3.00305e-15
	 	 	4	4.30726e-06	2.54419e+11	9.86787e+06	0.000743694	1	-1.58055e-15
	 	 	5	9.09263e-07	2.5442e+11	9.86787e+06	0.000743694	1	-1.58055e-15
	 	 	6	1.64706e-07	2.5442e+11	9.86787e+06	0.000743694	1	-1.10639e-15
	 	 	7	2.70143e-08	2.5442e+11	9.86787e+06	0.000743694	1	-9.48332e-16
	 	 	8	4.11502e-09	2.5442e+11	9.86787e+06	0.000743694	1	-3.79333e-15
	 18	3.56718e-05	9.86787e+06	0.424574	0.905393	2.13248	0.000743694	-5.39361e-16	-3.79333e-15
		 Mass/AM Itteration # 	 convergence 	 p_core 	 a 	 omega_rot 	 edge corot 	 AM error 
	 	 	1	1	2.54412e+11	9.86912e+06	0.000743685	1	-4.74166e-16
	 	 	2	3.41288e-05	2.5442e+11	9.86914e+06	0.000743684	1	-2.37083e-15
	 	 	3	1.38102e-05	2.54424e+11	9.86914e+06	0.000743684	1	-1.73861e-15
	 	 	4	3.7663e-06	2.54425e+11	9.86914e+06	0.000743684	1	4.74166e-16
	 	 	5	7.95212e-07	2.54425e+11	9.86914e+06	0.000743684	1	-3.16111e-16
	 	 	6	1.44085e-07	2.54425e+11	9.86914e+06	0.000743684	1	6.32222e-16
	 	 	7	2.36381e-08	2.54425e+11	9.86914e+06	0.000743684	1	1.89666e-15
	 	 	8	3.6014e-09	2.54425e+11	9.86914e+06	0.000743684	1	-1.4225e-15
	 19	3.1182e-05	9.86914e+06	0.424519	0.905419	2.13281	0.000743684	0	-1.4225e-15
		 Mass/AM Itteration # 	 convergence 	 p_core 	 a 	 omega_rot 	 edge corot 	 AM error 
	 	 	1	1	2.54418e+11	9.86645e+06	0.000745094	1	9.48332e-16
	 	 	2	0.00217344	2.53866e+11	9.87325e+06	0.000743157	1	0
	 	 	3	0.00163201	2.54281e+11	9.8705e+06	0.000743595	1	-2.05472e-15
	 	 	4	0.000425741	2.5439e+11	9.87026e+06	0.000743661	1	-9.48332e-16
	 	 	5	0.000123463	2.54421e+11	9.87028e+06	0.000743665	1	-3.63527e-15
	 	 	6	3.48139e-05	2.5443e+11	9.87029e+06	0.000743664	1	-9.48332e-16
	 	 	7	8.59614e-06	2.54432e+11	9.87029e+06	0.000743664	1	3.16111e-16
	 	 	8	1.80242e-06	2.54432e+11	9.87029e+06	0.000743664	1	-1.89666e-15
	 	 	9	3.2057e-07	2.54433e+11	9.87029e+06	0.000743664	1	-1.26444e-15
	 	 	10	4.85186e-08	2.54433e+11	9.87029e+06	0.000743664	1	-1.10639e-15
	 	 	11	6.25261e-09	2.54433e+11	9.87029e+06	0.000743664	1	0
	 20	1.58232e-05	9.87029e+06	0.42447	0.905442	2.13311	0.000743664	-1.79787e-16	0
		 Mass/AM Itteration # 	 convergence 	 p_core 	 a 	 omega_rot 	 edge corot 	 AM error 
	 	 	1	1	2.54429e+11	9.87113e+06	0.000743671	1	-1.26444e-15
	 	 	2	9.83078e-06	2.54432e+11	9.87116e+06	0.000743667	1	-1.58055e-16
	 	 	3	5.93315e-06	2.54433e+11	9.87116e+06	0.000743666	1	-1.73861e-15
	 	 	4	1.55353e-06	2.54434e+11	9.87116e+06	0.000743666	1	1.73861e-15
	 	 	5	2.54649e-07	2.54434e+11	9.87116e+06	0.000743666	1	-1.10639e-15
	 	 	6	2.71509e-08	2.54434e+11	9.87116e+06	0.000743666	1	1.26444e-15
	 	 	7	1.23602e-09	2.54434e+11	9.87116e+06	0.000743666	1	7.90277e-16
	 21	1.60694e-05	9.87116e+06	0.424429	0.905461	2.13336	0.000743666	3.59574e-16	7.90277e-16
		 Mass/AM Itteration # 	 convergence 	 p_core 	 a 	 omega_rot 	 edge corot 	 AM error 
	 	 	1	1	2.54429e+11	9.87199e+06	0.000743661	1	-7.90277e-16
	 	 	2	2.09895e-05	2.54434e+11	9.872e+06	0.00074366	1	4.74166e-16
	 	 	3	8.76127e-06	2.54436e+11	9.872e+06	0.00074366	1	9.48332e-16
	 	 	4	2.3849e-06	2.54437e+11	9.87201e+06	0.00074366	1	2.68694e-15
	 	 	5	4.95156e-07	2.54437e+11	9.87201e+06	0.00074366	1	6.32222e-16
	 	 	6	8.75181e-08	2.54437e+11	9.87201e+06	0.00074366	1	1.10639e-15
	 	 	7	1.39867e-08	2.54437e+11	9.87201e+06	0.00074366	1	4.74166e-16
	 	 	8	2.08872e-09	2.54437e+11	9.87201e+06	0.00074366	1	1.89666e-15
	 22	2.03461e-05	9.87201e+06	0.424393	0.905478	2.13359	0.00074366	1.79787e-16	1.89666e-15
		 Mass/AM Itteration # 	 convergence 	 p_core 	 a 	 omega_rot 	 edge corot 	 AM error 
	 	 	1	1	2.54432e+11	9.87275e+06	0.000743656	1	-7.90277e-16
	 	 	2	1.92541e-05	2.54437e+11	9.87276e+06	0.000743655	1	-1.58055e-16
	 	 	3	7.93331e-06	2.54439e+11	9.87276e+06	0.000743655	1	2.05472e-15
	 	 	4	2.15971e-06	2.5444e+11	9.87276e+06	0.000743655	1	3.63527e-15
	 	 	5	4.50982e-07	2.5444e+11	9.87276e+06	0.000743655	1	-1.26444e-15
	 	 	6	8.041e-08	2.5444e+11	9.87276e+06	0.000743655	1	-6.32222e-16
	 	 	7	1.2971e-08	2.5444e+11	9.87276e+06	0.000743655	1	1.89666e-15
	 	 	8	1.95082e-09	2.5444e+11	9.87276e+06	0.000743655	1	0
	 23	1.82154e-05	9.87276e+06	0.42436	0.905494	2.13379	0.000743655	1.79787e-16	0
		 Mass/AM Itteration # 	 convergence 	 p_core 	 a 	 omega_rot 	 edge corot 	 AM error 
	 	 	1	1	2.54436e+11	9.87342e+06	0.000743651	1	-2.21278e-15
	 	 	2	1.72697e-05	2.5444e+11	9.87342e+06	0.00074365	1	3.16111e-15
	 	 	3	7.07561e-06	2.54442e+11	9.87342e+06	0.00074365	1	3.00305e-15
	 	 	4	1.92569e-06	2.54443e+11	9.87342e+06	0.00074365	1	0
	 	 	5	4.02885e-07	2.54443e+11	9.87342e+06	0.00074365	1	-1.73861e-15
	 	 	6	7.20456e-08	2.54443e+11	9.87342e+06	0.00074365	1	-9.48332e-16
	 	 	7	1.16569e-08	2.54443e+11	9.87342e+06	0.00074365	1	7.90277e-16
	 	 	8	1.75696e-09	2.54443e+11	9.87342e+06	0.00074365	1	0
	 24	1.61448e-05	9.87342e+06	0.424331	0.905507	2.13396	0.00074365	0	0
		 Mass/AM Itteration # 	 convergence 	 p_core 	 a 	 omega_rot 	 edge corot 	 AM error 
	 	 	1	1	2.54439e+11	9.87401e+06	0.000743646	1	6.32222e-16
	 	 	2	1.53434e-05	2.54443e+11	9.87401e+06	0.000743645	1	-2.845e-15
	 	 	3	6.27318e-06	2.54444e+11	9.87401e+06	0.000743645	1	-1.89666e-15
	 	 	4	1.70677e-06	2.54445e+11	9.87401e+06	0.000743645	1	9.48332e-16
	 	 	5	3.57214e-07	2.54445e+11	9.87401e+06	0.000743645	1	-1.58055e-16
	 	 	6	6.39193e-08	2.54445e+11	9.87401e+06	0.000743645	1	6.32222e-16
	 	 	7	1.03488e-08	2.54445e+11	9.87401e+06	0.000743645	1	3.16111e-15
	 	 	8	1.56048e-09	2.54445e+11	9.87401e+06	0.000743645	1	-1.4225e-15
	 25	1.42745e-05	9.87401e+06	0.424305	0.905519	2.13412	0.000743645	-3.59574e-16	-1.4225e-15
		 Mass/AM Itteration # 	 convergence 	 p_core 	 a 	 omega_rot 	 edge corot 	 AM error 
	 	 	1	1	2.54442e+11	9.87453e+06	0.000743642	1	-1.26444e-15
	 	 	2	1.36046e-05	2.54445e+11	9.87453e+06	0.000743642	1	0
	 	 	3	5.55581e-06	2.54446e+11	9.87453e+06	0.000743641	1	-1.89666e-15
	 	 	4	1.51122e-06	2.54447e+11	9.87453e+06	0.000743641	1	1.73861e-15
	 	 	5	3.163e-07	2.54447e+11	9.87453e+06	0.000743641	1	-9.48332e-16
	 	 	6	5.66047e-08	2.54447e+11	9.87453e+06	0.000743641	1	2.05472e-15
	 	 	7	9.16531e-09	2.54447e+11	9.87453e+06	0.000743641	1	-1.58055e-16
	 26	1.26228e-05	9.87453e+06	0.424283	0.90553	2.13426	0.000743641	-3.59574e-16	-1.58055e-16
		 Mass/AM Itteration # 	 convergence 	 p_core 	 a 	 omega_rot 	 edge corot 	 AM error 
	 	 	1	1	2.54444e+11	9.87499e+06	0.000743639	1	-1.73861e-15
	 	 	2	1.20342e-05	2.54447e+11	9.875e+06	0.000743638	1	-2.05472e-15
	 	 	3	4.9147e-06	2.54448e+11	9.875e+06	0.000743638	1	9.48332e-16
	 	 	4	1.33651e-06	2.54449e+11	9.875e+06	0.000743638	1	-1.10639e-15
	 	 	5	2.79602e-07	2.54449e+11	9.875e+06	0.000743638	1	-1.58055e-15
	 	 	6	5.00046e-08	2.54449e+11	9.875e+06	0.000743638	1	-1.26444e-15
	 	 	7	8.09083e-09	2.54449e+11	9.875e+06	0.000743638	1	-1.26444e-15
	 27	1.11631e-05	9.875e+06	0.424262	0.905539	2.13439	0.000743638	1.79787e-16	-1.26444e-15
		 Mass/AM Itteration # 	 convergence 	 p_core 	 a 	 omega_rot 	 edge corot 	 AM error 
	 	 	1	1	2.54446e+11	9.87166e+06	0.000745036	1	-1.10639e-15
	 	 	2	0.00216644	2.53896e+11	9.87838e+06	0.000743124	1	9.48332e-16
	 	 	3	0.00160525	2.54304e+11	9.87565e+06	0.000743556	1	0
	 	 	4	0.000418578	2.54411e+11	9.87542e+06	0.000743622	1	-1.26444e-15
	 	 	5	0.000121522	2.54442e+11	9.87544e+06	0.000743625	1	-3.16111e-16
	 	 	6	3.43127e-05	2.5445e+11	9.87545e+06	0.000743625	1	-3.79333e-15
	 	 	7	8.47951e-06	2.54453e+11	9.87545e+06	0.000743624	1	-9.48332e-16
	 	 	8	1.77837e-06	2.54453e+11	9.87545e+06	0.000743624	1	-3.47722e-15
	 	 	9	3.16181e-07	2.54453e+11	9.87545e+06	0.000743624	1	1.58055e-15
	 	 	10	4.78068e-08	2.54453e+11	9.87545e+06	0.000743624	1	-4.74166e-16
	 	 	11	6.15001e-09	2.54453e+11	9.87545e+06	0.000743624	1	2.52889e-15
	 28	3.26405e-05	9.87545e+06	0.424244	0.905548	2.1345	0.000743624	3.59574e-16	2.52889e-15
		 Mass/AM Itteration # 	 convergence 	 p_core 	 a 	 omega_rot 	 edge corot 	 AM error 
	 	 	1	1	2.54454e+11	9.87568e+06	0.000743636	1	0
	 	 	2	6.5389e-06	2.54452e+11	9.87571e+06	0.000743632	1	1.10639e-15
	 	 	3	6.91655e-07	2.54452e+11	9.87571e+06	0.000743632	1	-1.89666e-15
	 	 	4	2.52966e-07	2.54452e+11	9.87571e+06	0.000743632	1	-2.845e-15
	 	 	5	1.26744e-07	2.54452e+11	9.87571e+06	0.000743632	1	-1.73861e-15
	 	 	6	4.19475e-08	2.54452e+11	9.87571e+06	0.000743632	1	0
	 	 	7	1.00958e-08	2.54452e+11	9.87571e+06	0.000743632	1	-3.00305e-15
	 	 	8	1.90689e-09	2.54452e+11	9.87571e+06	0.000743632	1	0
	 29	1.11828e-06	9.87571e+06	0.42423	0.905554	2.13458	0.000743632	-1.79787e-16	0
		 Mass/AM Itteration # 	 convergence 	 p_core 	 a 	 omega_rot 	 edge corot 	 AM error 
	 	 	1	1	2.5445e+11	9.87602e+06	0.000743631	1	4.74166e-16
	 	 	2	6.72425e-06	2.54452e+11	9.87602e+06	0.00074363	1	-4.74166e-16
	 	 	3	2.98215e-06	2.54453e+11	9.87602e+06	0.00074363	1	3.16111e-16
	 	 	4	8.09362e-07	2.54453e+11	9.87602e+06	0.00074363	1	-1.26444e-15
	 	 	5	1.62855e-07	2.54453e+11	9.87602e+06	0.00074363	1	-9.48332e-16
	 	 	6	2.73973e-08	2.54453e+11	9.87602e+06	0.00074363	1	-1.58055e-16
	 	 	7	4.1389e-09	2.54453e+11	9.87602e+06	0.00074363	1	3.47722e-15
	 30	7.28865e-06	9.87602e+06	0.424217	0.905561	2.13466	0.00074363	3.59574e-16	3.47722e-15
		 Mass/AM Itteration # 	 convergence 	 p_core 	 a 	 omega_rot 	 edge corot 	 AM error 
	 	 	1	1	2.54451e+11	9.87631e+06	0.000743629	1	-2.21278e-15
	 	 	2	6.7372e-06	2.54453e+11	9.87631e+06	0.000743628	1	2.52889e-15
	 	 	3	2.86944e-06	2.54454e+11	9.87631e+06	0.000743628	1	-1.58055e-16
	 	 	4	7.7956e-07	2.54454e+11	9.87631e+06	0.000743628	1	-4.74166e-16
	 	 	5	1.59874e-07	2.54454e+11	9.87631e+06	0.000743628	1	-1.89666e-15
	 	 	6	2.7735e-08	2.54454e+11	9.87631e+06	0.000743628	1	0
	 	 	7	4.34201e-09	2.54454e+11	9.87631e+06	0.000743628	1	3.16111e-16
	 31	6.79457e-06	9.87631e+06	0.424205	0.905566	2.13474	0.000743628	0	3.16111e-16
		 Mass/AM Itteration # 	 convergence 	 p_core 	 a 	 omega_rot 	 edge corot 	 AM error 
	 	 	1	1	2.54452e+11	9.87657e+06	0.000743627	1	0
	 	 	2	6.3515e-06	2.54454e+11	9.87657e+06	0.000743627	1	-1.58055e-16
	 	 	3	2.65247e-06	2.54454e+11	9.87657e+06	0.000743627	1	1.58055e-16
	 	 	4	7.20638e-07	2.54455e+11	9.87657e+06	0.000743627	1	1.10639e-15
	 	 	5	1.49052e-07	2.54455e+11	9.87657e+06	0.000743627	1	0
	 	 	6	2.62042e-08	2.54455e+11	9.87657e+06	0.000743627	1	1.4225e-15
	 	 	7	4.16286e-09	2.54455e+11	9.87657e+06	0.000743627	1	3.16111e-16
	 32	6.15927e-06	9.87657e+06	0.424193	0.905572	2.13481	0.000743627	1.79787e-16	3.16111e-16
		 Mass/AM Itteration # 	 convergence 	 p_core 	 a 	 omega_rot 	 edge corot 	 AM error 
	 	 	1	1	2.54453e+11	9.8768e+06	0.000743625	1	4.74166e-16
	 	 	2	5.81358e-06	2.54455e+11	9.8768e+06	0.000743625	1	1.58055e-16
	 	 	3	2.40462e-06	2.54455e+11	9.8768e+06	0.000743625	1	-7.90277e-16
	 	 	4	6.53223e-07	2.54455e+11	9.8768e+06	0.000743625	1	-1.58055e-16
	 	 	5	1.35642e-07	2.54455e+11	9.8768e+06	0.000743625	1	2.21278e-15
	 	 	6	2.39929e-08	2.54455e+11	9.8768e+06	0.000743625	1	-1.58055e-16
	 	 	7	3.8367e-09	2.54455e+11	9.8768e+06	0.000743625	1	-7.90277e-16
	 33	5.52883e-06	9.8768e+06	0.424183	0.905576	2.13487	0.000743625	3.59574e-16	-7.90277e-16
		 Mass/AM Itteration # 	 convergence 	 p_core 	 a 	 omega_rot 	 edge corot 	 AM error 
	 	 	1	1	2.54454e+11	9.877e+06	0.000743624	1	6.32222e-16
	 	 	2	5.24422e-06	2.54456e+11	9.87701e+06	0.000743624	1	1.58055e-15
	 	 	3	2.15911e-06	2.54456e+11	9.87701e+06	0.000743624	1	-4.74166e-16
	 	 	4	5.86444e-07	2.54456e+11	9.87701e+06	0.000743624	1	1.58055e-15
	 	 	5	1.21991e-07	2.54456e+11	9.87701e+06	0.000743624	1	6.32222e-16
	 	 	6	2.16377e-08	2.54456e+11	9.87701e+06	0.000743624	1	3.00305e-15
	 	 	7	3.47024e-09	2.54456e+11	9.87701e+06	0.000743624	1	-1.89666e-15
	 34	4.94e-06	9.87701e+06	0.424174	0.905581	2.13492	0.000743624	1.79787e-16	-1.89666e-15
		 Mass/AM Itteration # 	 convergence 	 p_core 	 a 	 omega_rot 	 edge corot 	 AM error 
	 	 	1	1	2.54455e+11	9.87719e+06	0.000743623	1	-2.845e-15
	 	 	2	4.69876e-06	2.54456e+11	9.87719e+06	0.000743622	1	-9.48332e-16
	 	 	3	1.93011e-06	2.54457e+11	9.87719e+06	0.000743622	1	-9.48332e-16
	 	 	4	5.24182e-07	2.54457e+11	9.87719e+06	0.000743622	1	-4.74166e-16
	 	 	5	1.09122e-07	2.54457e+11	9.87719e+06	0.000743622	1	1.4225e-15
	 	 	6	1.93779e-08	2.54457e+11	9.87719e+06	0.000743622	1	1.73861e-15
	 	 	7	3.1116e-09	2.54457e+11	9.87719e+06	0.000743622	1	1.4225e-15
	 35	4.40557e-06	9.87719e+06	0.424166	0.905584	2.13497	0.000743622	1.79787e-16	1.4225e-15
		 Mass/AM Itteration # 	 convergence 	 p_core 	 a 	 omega_rot 	 edge corot 	 AM error 
	 	 	1	1	2.54456e+11	9.87735e+06	0.000743621	1	-3.16111e-16
	 	 	2	4.19107e-06	2.54457e+11	9.87735e+06	0.000743621	1	2.68694e-15
	 	 	3	1.72064e-06	2.54457e+11	9.87735e+06	0.000743621	1	1.58055e-16
	 	 	4	4.67236e-07	2.54457e+11	9.87735e+06	0.000743621	1	1.58055e-16
	 	 	5	9.72677e-08	2.54458e+11	9.87735e+06	0.000743621	1	-1.10639e-15
	 	 	6	1.72734e-08	2.54458e+11	9.87735e+06	0.000743621	1	-3.16111e-16
	 	 	7	2.77375e-09	2.54458e+11	9.87735e+06	0.000743621	1	6.32222e-16
	 36	3.92468e-06	9.87735e+06	0.424159	0.905588	2.13502	0.000743621	1.79787e-16	6.32222e-16
		 Mass/AM Itteration # 	 convergence 	 p_core 	 a 	 omega_rot 	 edge corot 	 AM error 
	 	 	1	1	2.54457e+11	9.8775e+06	0.00074362	1	-1.58055e-15
	 	 	2	3.73665e-06	2.54458e+11	9.8775e+06	0.00074362	1	1.10639e-15
	 	 	3	1.53368e-06	2.54458e+11	9.8775e+06	0.00074362	1	-2.68694e-15
	 	 	4	4.16427e-07	2.54458e+11	9.8775e+06	0.00074362	1	-2.52889e-15
	 	 	5	8.66855e-08	2.54458e+11	9.8775e+06	0.00074362	1	-1.26444e-15
	 	 	6	1.53932e-08	2.54458e+11	9.8775e+06	0.00074362	1	-3.16111e-15
	 	 	7	2.47161e-09	2.54458e+11	9.8775e+06	0.00074362	1	-1.4225e-15
	 37	3.49688e-06	9.8775e+06	0.424153	0.905591	2.13506	0.00074362	3.59574e-16	-1.4225e-15
		 Mass/AM Itteration # 	 convergence 	 p_core 	 a 	 omega_rot 	 edge corot 	 AM error 
	 	 	1	1	2.54457e+11	9.87763e+06	0.000743619	1	-3.16111e-15
	 	 	2	3.33022e-06	2.54458e+11	9.87763e+06	0.000743619	1	3.16111e-16
	 	 	3	1.36686e-06	2.54458e+11	9.87763e+06	0.000743619	1	9.48332e-16
	 	 	4	3.71106e-07	2.54458e+11	9.87763e+06	0.000743619	1	1.58055e-15
	 	 	5	7.72409e-08	2.54459e+11	9.87763e+06	0.000743619	1	-1.89666e-15
	 	 	6	1.37135e-08	2.54459e+11	9.87763e+06	0.000743619	1	0
	 	 	7	2.20146e-09	2.54459e+11	9.87763e+06	0.000743619	1	-3.79333e-15
	 38	3.1162e-06	9.87763e+06	0.424147	0.905593	2.13509	0.000743619	1.79787e-16	-3.79333e-15
		 Mass/AM Itteration # 	 convergence 	 p_core 	 a 	 omega_rot 	 edge corot 	 AM error 
	 	 	1	1	2.54458e+11	9.87774e+06	0.000743619	1	1.58055e-16
	 	 	2	2.96804e-06	2.54459e+11	9.87775e+06	0.000743618	1	1.58055e-16
	 	 	3	1.21832e-06	2.54459e+11	9.87775e+06	0.000743618	1	2.21278e-15
	 	 	4	3.30757e-07	2.54459e+11	9.87775e+06	0.000743618	1	1.10639e-15
	 	 	5	6.88316e-08	2.54459e+11	9.87775e+06	0.000743618	1	-2.68694e-15
	 	 	6	1.22176e-08	2.54459e+11	9.87775e+06	0.000743618	1	-4.74166e-16
	 	 	7	1.96082e-09	2.54459e+11	9.87775e+06	0.000743618	1	2.05472e-15
	 39	2.77761e-06	9.87775e+06	0.424142	0.905596	2.13512	0.000743618	3.59574e-16	2.05472e-15
		 Mass/AM Itteration # 	 convergence 	 p_core 	 a 	 omega_rot 	 edge corot 	 AM error 
	 	 	1	1	2.54458e+11	9.87785e+06	0.000743618	1	-1.10639e-15
	 	 	2	2.64552e-06	2.54459e+11	9.87785e+06	0.000743618	1	-1.4225e-15
	 	 	3	1.08612e-06	2.54459e+11	9.87785e+06	0.000743618	1	2.21278e-15
	 	 	4	2.94852e-07	2.54459e+11	9.87785e+06	0.000743618	1	1.58055e-16
	 	 	5	6.13492e-08	2.54459e+11	9.87785e+06	0.000743618	1	-1.58055e-15
	 	 	6	1.08868e-08	2.54459e+11	9.87785e+06	0.000743618	1	1.58055e-15
	 	 	7	1.74677e-09	2.54459e+11	9.87785e+06	0.000743618	1	-7.90277e-16
	 40	2.47644e-06	9.87785e+06	0.424138	0.905598	2.13515	0.000743618	0	-7.90277e-16
		 Mass/AM Itteration # 	 convergence 	 p_core 	 a 	 omega_rot 	 edge corot 	 AM error 
	 	 	1	1	2.54459e+11	9.87794e+06	0.000743617	1	-4.74166e-16
	 	 	2	2.35871e-06	2.54459e+11	9.87794e+06	0.000743617	1	1.10639e-15
	 	 	3	9.68519e-07	2.5446e+11	9.87794e+06	0.000743617	1	1.89666e-15
	 	 	4	2.62913e-07	2.5446e+11	9.87794e+06	0.000743617	1	2.845e-15
	 	 	5	5.46949e-08	2.5446e+11	9.87794e+06	0.000743617	1	2.52889e-15
	 	 	6	9.70368e-09	2.5446e+11	9.87794e+06	0.000743617	1	-6.32222e-16
	 41	2.2085e-06	9.87794e+06	0.424134	0.9056	2.13518	0.000743617	1.79787e-16	-6.32222e-16
		 Mass/AM Itteration # 	 convergence 	 p_core 	 a 	 omega_rot 	 edge corot 	 AM error 
	 	 	1	1	2.54459e+11	9.87802e+06	0.000743617	1	-2.37083e-15
	 	 	2	2.10358e-06	2.5446e+11	9.87802e+06	0.000743617	1	-9.48332e-16
	 	 	3	8.63862e-07	2.5446e+11	9.87802e+06	0.000743617	1	3.16111e-16
	 	 	4	2.3449e-07	2.5446e+11	9.87802e+06	0.000743617	1	-1.4225e-15
	 	 	5	4.87745e-08	2.5446e+11	9.87802e+06	0.000743617	1	-3.16111e-16
	 	 	6	8.65138e-09	2.5446e+11	9.87802e+06	0.000743617	1	1.26444e-15
	 42	1.97002e-06	9.87802e+06	0.42413	0.905601	2.1352	0.000743617	5.39361e-16	1.26444e-15
		 Mass/AM Itteration # 	 convergence 	 p_core 	 a 	 omega_rot 	 edge corot 	 AM error 
	 	 	1	1	2.54459e+11	9.8781e+06	0.000743616	1	1.58055e-16
	 	 	2	1.8764e-06	2.5446e+11	9.8781e+06	0.000743616	1	1.58055e-16
	 	 	3	7.70678e-07	2.5446e+11	9.8781e+06	0.000743616	1	-1.26444e-15
	 	 	4	2.09188e-07	2.5446e+11	9.8781e+06	0.000743616	1	-1.58055e-15
	 	 	5	4.35056e-08	2.5446e+11	9.8781e+06	0.000743616	1	-3.16111e-15
	 	 	6	7.71527e-09	2.5446e+11	9.8781e+06	0.000743616	1	1.58055e-16
	 43	1.75768e-06	9.8781e+06	0.424127	0.905603	2.13522	0.000743616	0	1.58055e-16
		 Mass/AM Itteration # 	 convergence 	 p_core 	 a 	 omega_rot 	 edge corot 	 AM error 
	 	 	1	1	2.5446e+11	9.87816e+06	0.000743616	1	2.05472e-15
	 	 	2	1.6741e-06	2.5446e+11	9.87816e+06	0.000743616	1	6.32222e-16
	 	 	3	6.8769e-07	2.5446e+11	9.87816e+06	0.000743616	1	4.74166e-16
	 	 	4	1.86657e-07	2.5446e+11	9.87816e+06	0.000743616	1	9.48332e-16
	 	 	5	3.88154e-08	2.5446e+11	9.87816e+06	0.000743616	1	4.74166e-16
	 	 	6	6.88236e-09	2.5446e+11	9.87816e+06	0.000743616	1	-3.16111e-16
	 44	1.56857e-06	9.87816e+06	0.424124	0.905604	2.13524	0.000743616	-1.79787e-16	-3.16111e-16
		 Mass/AM Itteration # 	 convergence 	 p_core 	 a 	 omega_rot 	 edge corot 	 AM error 
	 	 	1	1	2.5446e+11	9.87822e+06	0.000743615	1	1.89666e-15
	 	 	2	1.49381e-06	2.5446e+11	9.87822e+06	0.000743615	1	-1.58055e-16
	 	 	3	6.1372e-07	2.54461e+11	9.87822e+06	0.000743615	1	1.10639e-15
	 	 	4	1.66574e-07	2.54461e+11	9.87822e+06	0.000743615	1	-1.10639e-15
	 	 	5	3.46347e-08	2.54461e+11	9.87822e+06	0.000743615	1	4.74166e-16
	 	 	6	6.13992e-09	2.54461e+11	9.87822e+06	0.000743615	1	4.2675e-15
	 45	1.4e-06	9.87822e+06	0.424121	0.905605	2.13525	0.000743615	1.79787e-16	4.2675e-15
		 Mass/AM Itteration # 	 convergence 	 p_core 	 a 	 omega_rot 	 edge corot 	 AM error 
	 	 	1	1	2.5446e+11	9.87827e+06	0.000743615	1	-4.74166e-16
	 	 	2	1.33327e-06	2.54461e+11	9.87827e+06	0.000743615	1	-7.90277e-16
	 	 	3	5.47831e-07	2.54461e+11	9.87827e+06	0.000743615	1	-1.26444e-15
	 	 	4	1.48687e-07	2.54461e+11	9.87827e+06	0.000743615	1	-2.68694e-15
	 	 	5	3.09127e-08	2.54461e+11	9.87827e+06	0.000743615	1	-2.845e-15
	 	 	6	5.47931e-09	2.54461e+11	9.87827e+06	0.000743615	1	-1.58055e-16
	 46	1.2498e-06	9.87827e+06	0.424119	0.905606	2.13527	0.000743615	-1.79787e-16	-1.58055e-16
		 Mass/AM Itteration # 	 convergence 	 p_core 	 a 	 omega_rot 	 edge corot 	 AM error 
	 	 	1	1	2.54461e+11	9.87832e+06	0.000743615	1	-1.58055e-16
	 	 	2	1.19019e-06	2.54461e+11	9.87832e+06	0.000743614	1	-6.32222e-16
	 	 	3	4.89086e-07	2.54461e+11	9.87832e+06	0.000743614	1	-1.10639e-15
	 	 	4	1.3274e-07	2.54461e+11	9.87832e+06	0.000743614	1	-9.48332e-16
	 	 	5	2.75949e-08	2.54461e+11	9.87832e+06	0.000743614	1	-1.4225e-15
	 	 	6	4.89061e-09	2.54461e+11	9.87832e+06	0.000743614	1	1.89666e-15
	 47	1.11585e-06	9.87832e+06	0.424117	0.905607	2.13528	0.000743614	0	1.89666e-15
		 Mass/AM Itteration # 	 convergence 	 p_core 	 a 	 omega_rot 	 edge corot 	 AM error 
	 	 	1	1	2.54461e+11	9.87836e+06	0.000743614	1	-1.73861e-15
	 	 	2	1.06263e-06	2.54461e+11	9.87836e+06	0.000743614	1	-1.26444e-15
	 	 	3	4.36704e-07	2.54461e+11	9.87836e+06	0.000743614	1	1.58055e-16
	 	 	4	1.18521e-07	2.54461e+11	9.87836e+06	0.000743614	1	-7.90277e-16
	 	 	5	2.46369e-08	2.54461e+11	9.87836e+06	0.000743614	1	-1.10639e-15
	 	 	6	4.36589e-09	2.54461e+11	9.87836e+06	0.000743614	1	-1.58055e-15
	 48	9.96394e-07	9.87836e+06	0.424115	0.905608	2.13529	0.000743614	-1.79787e-16	-1.58055e-15
		 Mass/AM Itteration # 	 convergence 	 p_core 	 a 	 omega_rot 	 edge corot 	 AM error 
	 	 	1	1	2.54461e+11	9.8784e+06	0.000743614	1	1.10639e-15
	 	 	2	9.48805e-07	2.54461e+11	9.8784e+06	0.000743614	1	9.48332e-16
	 	 	3	3.89967e-07	2.54461e+11	9.8784e+06	0.000743614	1	0
	 	 	4	1.05835e-07	2.54461e+11	9.8784e+06	0.000743614	1	1.4225e-15
	 	 	5	2.19984e-08	2.54461e+11	9.8784e+06	0.000743614	1	0
	 	 	6	3.89788e-09	2.54461e+11	9.8784e+06	0.000743614	1	-1.89666e-15
	 49	8.89823e-07	9.8784e+06	0.424114	0.905609	2.1353	0.000743614	0	-1.89666e-15
		 Mass/AM Itteration # 	 convergence 	 p_core 	 a 	 omega_rot 	 edge corot 	 AM error 
	 	 	1	1	2.54461e+11	9.87843e+06	0.000743614	1	-7.90277e-16
	 	 	2	8.47326e-07	2.54461e+11	9.87843e+06	0.000743614	1	6.32222e-16
	 	 	3	3.48281e-07	2.54461e+11	9.87843e+06	0.000743614	1	1.26444e-15
	 	 	4	9.45202e-08	2.54461e+11	9.87843e+06	0.000743614	1	-1.73861e-15
	 	 	5	1.96453e-08	2.54461e+11	9.87843e+06	0.000743614	1	3.79333e-15
	 	 	6	3.48063e-09	2.54461e+11	9.87843e+06	0.000743614	1	1.58055e-16
	 50	7.94739e-07	9.87843e+06	0.424112	0.90561	2.13531	0.000743614	8.98935e-16	1.58055e-16
		 Mass/AM Itteration # 	 convergence 	 p_core 	 a 	 omega_rot 	 edge corot 	 AM error 
	 	 	1	1	2.54461e+11	9.87846e+06	0.000743614	1	2.52889e-15
	 	 	2	7.56749e-07	2.54461e+11	9.87846e+06	0.000743614	1	-7.90277e-16
	 	 	3	3.11074e-07	2.54461e+11	9.87846e+06	0.000743614	1	4.74166e-16
	 	 	4	8.44213e-08	2.54461e+11	9.87846e+06	0.000743614	1	1.58055e-15
	 	 	5	1.75452e-08	2.54461e+11	9.87846e+06	0.000743614	1	2.05472e-15
	 	 	6	3.10829e-09	2.54461e+11	9.87846e+06	0.000743614	1	1.10639e-15
	 51	7.09879e-07	9.87846e+06	0.424111	0.90561	2.13532	0.000743614	1.79787e-16	1.10639e-15
		 Mass/AM Itteration # 	 convergence 	 p_core 	 a 	 omega_rot 	 edge corot 	 AM error 
	 	 	1	1	2.54461e+11	9.87849e+06	0.000743613	1	2.37083e-15
	 	 	2	6.75927e-07	2.54461e+11	9.87849e+06	0.000743613	1	4.74166e-16
	 	 	3	2.77868e-07	2.54462e+11	9.87849e+06	0.000743613	1	1.10639e-15
	 	 	4	7.54086e-08	2.54462e+11	9.87849e+06	0.000743613	1	1.58055e-15
	 	 	5	1.56713e-08	2.54462e+11	9.87849e+06	0.000743613	1	-1.89666e-15
	 	 	6	2.7761e-09	2.54462e+11	9.87849e+06	0.000743613	1	-2.37083e-15
	 52	6.34126e-07	9.87849e+06	0.42411	0.905611	2.13532	0.000743613	-3.59574e-16	-2.37083e-15
		 Mass/AM Itteration # 	 convergence 	 p_core 	 a 	 omega_rot 	 edge corot 	 AM error 
	 	 	1	1	2.54461e+11	9.87851e+06	0.000743613	1	-2.05472e-15
	 	 	2	6.03799e-07	2.54462e+11	9.87851e+06	0.000743613	1	0
	 	 	3	2.48229e-07	2.54462e+11	9.87851e+06	0.000743613	1	-1.26444e-15
	 	 	4	6.73644e-08	2.54462e+11	9.87851e+06	0.000743613	1	1.58055e-16
	 	 	5	1.3999e-08	2.54462e+11	9.87851e+06	0.000743613	1	3.16111e-16
	 	 	6	2.47968e-09	2.54462e+11	9.87851e+06	0.000743613	1	-1.58055e-16
	 53	5.66506e-07	9.87851e+06	0.424109	0.905611	2.13533	0.000743613	-5.39361e-16	-1.58055e-16
		 Mass/AM Itteration # 	 convergence 	 p_core 	 a 	 omega_rot 	 edge corot 	 AM error 
	 	 	1	1	2.54462e+11	9.87853e+06	0.000743613	1	-7.90277e-16
	 	 	2	5.39407e-07	2.54462e+11	9.87853e+06	0.000743613	1	-3.16111e-16
	 	 	3	2.21766e-07	2.54462e+11	9.87853e+06	0.000743613	1	1.89666e-15
	 	 	4	6.01821e-08	2.54462e+11	9.87853e+06	0.000743613	1	-1.26444e-15
	 	 	5	1.25059e-08	2.54462e+11	9.87853e+06	0.000743613	1	-7.90277e-16
	 	 	6	2.21509e-09	2.54462e+11	9.87853e+06	0.000743613	1	-2.68694e-15
	 54	5.06127e-07	9.87853e+06	0.424108	0.905612	2.13533	0.000743613	3.59574e-16	-2.68694e-15
		 Mass/AM Itteration # 	 convergence 	 p_core 	 a 	 omega_rot 	 edge corot 	 AM error 
	 	 	1	1	2.54462e+11	9.87855e+06	0.000743613	1	1.26444e-15
	 	 	2	4.81905e-07	2.54462e+11	9.87855e+06	0.000743613	1	9.48332e-16
	 	 	3	1.98135e-07	2.54462e+11	9.87855e+06	0.000743613	1	-2.05472e-15
	 	 	4	5.37689e-08	2.54462e+11	9.87855e+06	0.000743613	1	2.05472e-15
	 	 	5	1.11729e-08	2.54462e+11	9.87855e+06	0.000743613	1	2.52889e-15
	 	 	6	1.97886e-09	2.54462e+11	9.87855e+06	0.000743613	1	-4.74166e-16
	 55	4.52212e-07	9.87855e+06	0.424107	0.905612	2.13534	0.000743613	1.79787e-16	-4.74166e-16
		 Mass/AM Itteration # 	 convergence 	 p_core 	 a 	 omega_rot 	 edge corot 	 AM error 
	 	 	1	1	2.54462e+11	9.87857e+06	0.000743613	1	-4.74166e-16
	 	 	2	4.30558e-07	2.54462e+11	9.87857e+06	0.000743613	1	-1.4225e-15
	 	 	3	1.77032e-07	2.54462e+11	9.87857e+06	0.000743613	1	1.73861e-15
	 	 	4	4.80414e-08	2.54462e+11	9.87857e+06	0.000743613	1	9.48332e-16
	 	 	5	9.98233e-09	2.54462e+11	9.87857e+06	0.000743613	1	-3.16111e-16
	 56	4.0406e-07	9.87857e+06	0.424106	0.905613	2.13534	0.000743613	-1.79787e-16	-3.16111e-16
		 Mass/AM Itteration # 	 convergence 	 p_core 	 a 	 omega_rot 	 edge corot 	 AM error 
	 	 	1	1	2.54462e+11	9.87858e+06	0.000743613	1	4.74166e-16
	 	 	2	3.84974e-07	2.54462e+11	9.87859e+06	0.000743613	1	-4.74166e-16
	 	 	3	1.58227e-07	2.54462e+11	9.87859e+06	0.000743613	1	-2.37083e-15
	 	 	4	4.29331e-08	2.54462e+11	9.87859e+06	0.000743613	1	6.32222e-16
	 	 	5	8.92037e-09	2.54462e+11	9.87859e+06	0.000743613	1	-4.74166e-16
	 57	3.61057e-07	9.87859e+06	0.424105	0.905613	2.13535	0.000743613	0	-4.74166e-16
		 Mass/AM Itteration # 	 convergence 	 p_core 	 a 	 omega_rot 	 edge corot 	 AM error 
	 	 	1	1	2.54462e+11	9.8786e+06	0.000743613	1	-7.90277e-16
	 	 	2	3.43969e-07	2.54462e+11	9.8786e+06	0.000743613	1	4.42555e-15
	 	 	3	1.41382e-07	2.54462e+11	9.8786e+06	0.000743613	1	-1.26444e-15
	 	 	4	3.83625e-08	2.54462e+11	9.8786e+06	0.000743613	1	-1.73861e-15
	 	 	5	7.97046e-09	2.54462e+11	9.8786e+06	0.000743613	1	0
	 58	3.22632e-07	9.8786e+06	0.424105	0.905613	2.13535	0.000743613	-3.59574e-16	0
		 Mass/AM Itteration # 	 convergence 	 p_core 	 a 	 omega_rot 	 edge corot 	 AM error 
	 	 	1	1	2.54462e+11	9.87861e+06	0.000743613	1	3.47722e-15
	 	 	2	3.07379e-07	2.54462e+11	9.87861e+06	0.000743613	1	1.89666e-15
	 	 	3	1.26344e-07	2.54462e+11	9.87861e+06	0.000743613	1	2.05472e-15
	 	 	4	3.42819e-08	2.54462e+11	9.87861e+06	0.000743613	1	3.16111e-15
	 	 	5	7.12253e-09	2.54462e+11	9.87861e+06	0.000743613	1	-6.32222e-16
	 59	2.88318e-07	9.87861e+06	0.424104	0.905613	2.13536	0.000743613	3.59574e-16	-6.32222e-16
		 Mass/AM Itteration # 	 convergence 	 p_core 	 a 	 omega_rot 	 edge corot 	 AM error 
	 	 	1	1	2.54462e+11	9.87862e+06	0.000743612	1	4.74166e-16
	 	 	2	2.74678e-07	2.54462e+11	9.87862e+06	0.000743612	1	-7.90277e-16
	 	 	3	1.12906e-07	2.54462e+11	9.87862e+06	0.000743612	1	-4.74166e-16
	 	 	4	3.06354e-08	2.54462e+11	9.87862e+06	0.000743612	1	2.37083e-15
	 	 	5	6.36478e-09	2.54462e+11	9.87862e+06	0.000743612	1	-1.58055e-15
	 60	2.57657e-07	9.87862e+06	0.424104	0.905614	2.13536	0.000743612	1.79787e-16	-1.58055e-15
		 Mass/AM Itteration # 	 convergence 	 p_core 	 a 	 omega_rot 	 edge corot 	 AM error 
	 	 	1	1	2.54462e+11	9.87863e+06	0.000743612	1	4.74166e-16
	 	 	2	2.45449e-07	2.54462e+11	9.87863e+06	0.000743612	1	-3.00305e-15
	 	 	3	1.00897e-07	2.54462e+11	9.87863e+06	0.000743612	1	6.32222e-16
	 	 	4	2.73769e-08	2.54462e+11	9.87863e+06	0.000743612	1	4.74166e-16
	 	 	5	5.68763e-09	2.54462e+11	9.87863e+06	0.000743612	1	-2.68694e-15
	 61	2.30263e-07	9.87863e+06	0.424103	0.905614	2.13536	0.000743612	8.98935e-16	-2.68694e-15
		 Mass/AM Itteration # 	 convergence 	 p_core 	 a 	 omega_rot 	 edge corot 	 AM error 
	 	 	1	1	2.54462e+11	9.87864e+06	0.000743612	1	-4.74166e-16
	 	 	2	2.19377e-07	2.54462e+11	9.87864e+06	0.000743612	1	-2.21278e-15
	 	 	3	9.0177e-08	2.54462e+11	9.87864e+06	0.000743612	1	-4.74166e-16
	 	 	4	2.4468e-08	2.54462e+11	9.87864e+06	0.000743612	1	1.26444e-15
	 	 	5	5.08328e-09	2.54462e+11	9.87864e+06	0.000743612	1	-9.48332e-16
	 62	2.05793e-07	9.87864e+06	0.424103	0.905614	2.13536	0.000743612	1.79787e-16	-9.48332e-16
		 Mass/AM Itteration # 	 convergence 	 p_core 	 a 	 omega_rot 	 edge corot 	 AM error 
	 	 	1	1	2.54462e+11	9.87865e+06	0.000743612	1	3.16111e-16
	 	 	2	1.96038e-07	2.54462e+11	9.87865e+06	0.000743612	1	-1.10639e-15
	 	 	3	8.05888e-08	2.54462e+11	9.87865e+06	0.000743612	1	-1.73861e-15
	 	 	4	2.18665e-08	2.54462e+11	9.87865e+06	0.000743612	1	6.32222e-16
	 	 	5	4.54271e-09	2.54462e+11	9.87865e+06	0.000743612	1	3.63527e-15
	 63	1.83922e-07	9.87865e+06	0.424103	0.905614	2.13537	0.000743612	0	3.63527e-15
		 Mass/AM Itteration # 	 convergence 	 p_core 	 a 	 omega_rot 	 edge corot 	 AM error 
	 	 	1	1	2.54462e+11	9.87865e+06	0.000743612	1	7.90277e-16
	 	 	2	1.75222e-07	2.54462e+11	9.87865e+06	0.000743612	1	-1.26444e-15
	 	 	3	7.2029e-08	2.54462e+11	9.87865e+06	0.000743612	1	1.58055e-16
	 	 	4	1.95436e-08	2.54462e+11	9.87865e+06	0.000743612	1	1.58055e-15
	 	 	5	4.06009e-09	2.54462e+11	9.87865e+06	0.000743612	1	-3.16111e-16
	 64	1.64381e-07	9.87865e+06	0.424102	0.905614	2.13537	0.000743612	1.79787e-16	-3.16111e-16
		 Mass/AM Itteration # 	 convergence 	 p_core 	 a 	 omega_rot 	 edge corot 	 AM error 
	 	 	1	1	2.54462e+11	9.87866e+06	0.000743612	1	-1.58055e-16
	 	 	2	1.56581e-07	2.54462e+11	9.87866e+06	0.000743612	1	1.10639e-15
	 	 	3	6.43721e-08	2.54462e+11	9.87866e+06	0.000743612	1	6.32222e-16
	 	 	4	1.74663e-08	2.54462e+11	9.87866e+06	0.000743612	1	-3.16111e-16
	 	 	5	3.62846e-09	2.54462e+11	9.87866e+06	0.000743612	1	-2.05472e-15
	 65	1.46918e-07	9.87866e+06	0.424102	0.905614	2.13537	0.000743612	3.59574e-16	-2.05472e-15
		 Mass/AM Itteration # 	 convergence 	 p_core 	 a 	 omega_rot 	 edge corot 	 AM error 
	 	 	1	1	2.54462e+11	9.87867e+06	0.000743612	1	2.68694e-15
	 	 	2	1.39977e-07	2.54462e+11	9.87867e+06	0.000743612	1	4.74166e-16
	 	 	3	5.75407e-08	2.54462e+11	9.87867e+06	0.000743612	1	-3.16111e-16
	 	 	4	1.56124e-08	2.54462e+11	9.87867e+06	0.000743612	1	1.58055e-15
	 	 	5	3.24335e-09	2.54462e+11	9.87867e+06	0.000743612	1	-1.4225e-15
	 66	1.31316e-07	9.87867e+06	0.424102	0.905614	2.13537	0.000743612	1.79787e-16	-1.4225e-15
		 Mass/AM Itteration # 	 convergence 	 p_core 	 a 	 omega_rot 	 edge corot 	 AM error 
	 	 	1	1	2.54462e+11	9.87867e+06	0.000743612	1	-4.74166e-16
	 	 	2	1.25068e-07	2.54462e+11	9.87867e+06	0.000743612	1	-1.10639e-15
	 	 	3	5.14209e-08	2.54462e+11	9.87867e+06	0.000743612	1	2.52889e-15
	 	 	4	1.39523e-08	2.54462e+11	9.87867e+06	0.000743612	1	1.73861e-15
	 	 	5	2.89839e-09	2.54462e+11	9.87867e+06	0.000743612	1	1.4225e-15
	 67	1.17367e-07	9.87867e+06	0.424102	0.905615	2.13537	0.000743612	-3.59574e-16	1.4225e-15
		 Mass/AM Itteration # 	 convergence 	 p_core 	 a 	 omega_rot 	 edge corot 	 AM error 
	 	 	1	1	2.54462e+11	9.87868e+06	0.000743612	1	0
	 	 	2	1.11842e-07	2.54462e+11	9.87868e+06	0.000743612	1	1.26444e-15
	 	 	3	4.59719e-08	2.54462e+11	9.87868e+06	0.000743612	1	9.48332e-16
	 	 	4	1.24732e-08	2.54462e+11	9.87868e+06	0.000743612	1	1.58055e-15
	 	 	5	2.59116e-09	2.54462e+11	9.87868e+06	0.000743612	1	-2.05472e-15
	 68	1.04907e-07	9.87868e+06	0.424101	0.905615	2.13537	0.000743612	1.79787e-16	-2.05472e-15
		 Mass/AM Itteration # 	 convergence 	 p_core 	 a 	 omega_rot 	 edge corot 	 AM error 
	 	 	1	1	2.54462e+11	9.87868e+06	0.000743612	1	-1.10639e-15
	 	 	2	9.9915e-08	2.54462e+11	9.87868e+06	0.000743612	1	3.16111e-16
	 	 	3	4.10806e-08	2.54462e+11	9.87868e+06	0.000743612	1	-2.845e-15
	 	 	4	1.11466e-08	2.54462e+11	9.87868e+06	0.000743612	1	1.73861e-15
	 	 	5	2.31554e-09	2.54462e+11	9.87868e+06	0.000743612	1	-6.32222e-16
	 69	9.3768e-08	9.87868e+06	0.424101	0.905615	2.13537	0.000743612	-1.79787e-16	-6.32222e-16
		 Mass/AM Itteration # 	 convergence 	 p_core 	 a 	 omega_rot 	 edge corot 	 AM error 
	 	 	1	1	2.54462e+11	9.87868e+06	0.000743612	1	-6.32222e-16
	 	 	2	8.93476e-08	2.54462e+11	9.87868e+06	0.000743612	1	1.26444e-15
	 	 	3	3.67267e-08	2.54462e+11	9.87868e+06	0.000743612	1	1.58055e-16
	 	 	4	9.96465e-09	2.54462e+11	9.87868e+06	0.000743612	1	2.52889e-15
	 70	8.38018e-08	9.87868e+06	0.424101	0.905615	2.13537	0.000743612	-1.79787e-16	2.52889e-15
		 Mass/AM Itteration # 	 convergence 	 p_core 	 a 	 omega_rot 	 edge corot 	 AM error 
	 	 	1	1	2.54462e+11	9.87869e+06	0.000743612	1	6.32222e-16
	 	 	2	8.01852e-08	2.54462e+11	9.87869e+06	0.000743612	1	1.4225e-15
	 	 	3	3.28829e-08	2.54462e+11	9.87869e+06	0.000743612	1	1.73861e-15
	 	 	4	8.91616e-09	2.54462e+11	9.87869e+06	0.000743612	1	-1.58055e-16
	 71	7.49247e-08	9.87869e+06	0.424101	0.905615	2.13538	0.000743612	1.79787e-16	-1.58055e-16
		 Mass/AM Itteration # 	 convergence 	 p_core 	 a 	 omega_rot 	 edge corot 	 AM error 
	 	 	1	1	2.54462e+11	9.87869e+06	0.000743612	1	-9.48332e-16
	 	 	2	7.16756e-08	2.54462e+11	9.87869e+06	0.000743612	1	1.10639e-15
	 	 	3	2.93909e-08	2.54462e+11	9.87869e+06	0.000743612	1	-3.16111e-15
	 	 	4	7.96898e-09	2.54462e+11	9.87869e+06	0.000743612	1	-7.90277e-16
	 72	6.69656e-08	9.87869e+06	0.424101	0.905615	2.13538	0.000743612	-1.79787e-16	-7.90277e-16
		 Mass/AM Itteration # 	 convergence 	 p_core 	 a 	 omega_rot 	 edge corot 	 AM error 
	 	 	1	1	2.54462e+11	9.87869e+06	0.000743612	1	-1.89666e-15
	 	 	2	6.44308e-08	2.54462e+11	9.87869e+06	0.000743612	1	-1.89666e-15
	 	 	3	2.63598e-08	2.54462e+11	9.87869e+06	0.000743612	1	-3.16111e-16
	 	 	4	7.14851e-09	2.54462e+11	9.87869e+06	0.000743612	1	-2.21278e-15
	 73	5.99494e-08	9.87869e+06	0.424101	0.905615	2.13538	0.000743612	3.59574e-16	-2.21278e-15
		 Mass/AM Itteration # 	 convergence 	 p_core 	 a 	 omega_rot 	 edge corot 	 AM error 
	 	 	1	1	2.54462e+11	9.87869e+06	0.000743612	1	1.26444e-15
	 	 	2	5.66065e-08	2.54462e+11	9.87869e+06	0.000743612	1	3.16111e-16
	 	 	3	2.33133e-08	2.54462e+11	9.87869e+06	0.000743612	1	-2.21278e-15
	 	 	4	6.31996e-09	2.54462e+11	9.87869e+06	0.000743612	1	-1.10639e-15
	 74	5.3326e-08	9.87869e+06	0.424101	0.905615	2.13538	0.000743612	5.39361e-16	-1.10639e-15
		 Mass/AM Itteration # 	 convergence 	 p_core 	 a 	 omega_rot 	 edge corot 	 AM error 
	 	 	1	1	2.54462e+11	9.8787e+06	0.000743612	1	4.74166e-16
	 	 	2	5.17493e-08	2.54462e+11	9.8787e+06	0.000743612	1	-6.32222e-16
	 	 	3	2.1131e-08	2.54462e+11	9.8787e+06	0.000743612	1	1.73861e-15
	 	 	4	5.73083e-09	2.54462e+11	9.8787e+06	0.000743612	1	1.73861e-15
	 75	4.79746e-08	9.8787e+06	0.424101	0.905615	2.13538	0.000743612	3.59574e-16	1.73861e-15
		 Mass/AM Itteration # 	 convergence 	 p_core 	 a 	 omega_rot 	 edge corot 	 AM error 
	 	 	1	1	2.54462e+11	9.8787e+06	0.000743612	1	-3.16111e-15
	 	 	2	4.52627e-08	2.54462e+11	9.8787e+06	0.000743612	1	-1.73861e-15
	 	 	3	1.86354e-08	2.54462e+11	9.8787e+06	0.000743612	1	6.32222e-16
	 	 	4	5.05205e-09	2.54462e+11	9.8787e+06	0.000743612	1	1.58055e-16
	 76	4.26159e-08	9.8787e+06	0.4241	0.905615	2.13538	0.000743612	0	1.58055e-16
		 Mass/AM Itteration # 	 convergence 	 p_core 	 a 	 omega_rot 	 edge corot 	 AM error 
	 	 	1	1	2.54462e+11	9.8787e+06	0.000743612	1	-1.4225e-15
	 	 	2	4.06771e-08	2.54462e+11	9.8787e+06	0.000743612	1	6.32222e-16
	 	 	3	1.67204e-08	2.54462e+11	9.8787e+06	0.000743612	1	-3.16111e-16
	 	 	4	4.53309e-09	2.54462e+11	9.8787e+06	0.000743612	1	9.48332e-16
	 77	3.81697e-08	9.8787e+06	0.4241	0.905615	2.13538	0.000743612	1.79787e-16	9.48332e-16
		 Mass/AM Itteration # 	 convergence 	 p_core 	 a 	 omega_rot 	 edge corot 	 AM error 
	 	 	1	1	2.54462e+11	9.8787e+06	0.000743612	1	-3.16111e-15
	 	 	2	3.67553e-08	2.54462e+11	9.8787e+06	0.000743612	1	-4.74166e-16
	 	 	3	1.5046e-08	2.54462e+11	9.8787e+06	0.000743612	1	-1.58055e-16
	 	 	4	4.07983e-09	2.54462e+11	9.8787e+06	0.000743612	1	-9.48332e-16
	 78	3.42243e-08	9.8787e+06	0.4241	0.905615	2.13538	0.000743612	0	-9.48332e-16
		 Mass/AM Itteration # 	 convergence 	 p_core 	 a 	 omega_rot 	 edge corot 	 AM error 
	 	 	1	1	2.54462e+11	9.8787e+06	0.000743612	1	1.58055e-15
	 	 	2	3.27482e-08	2.54462e+11	9.8787e+06	0.000743612	1	1.58055e-16
	 	 	3	1.34191e-08	2.54462e+11	9.8787e+06	0.000743612	1	-1.10639e-15
	 	 	4	3.63847e-09	2.54462e+11	9.8787e+06	0.000743612	1	6.32222e-16
	 79	3.05561e-08	9.8787e+06	0.4241	0.905615	2.13538	0.000743612	1.79787e-16	6.32222e-16
		 Mass/AM Itteration # 	 convergence 	 p_core 	 a 	 omega_rot 	 edge corot 	 AM error 
	 	 	1	1	2.54462e+11	9.8787e+06	0.000743612	1	-1.58055e-16
	 	 	2	2.92102e-08	2.54462e+11	9.8787e+06	0.000743612	1	1.4225e-15
	 	 	3	1.19783e-08	2.54462e+11	9.8787e+06	0.000743612	1	-2.37083e-15
	 	 	4	3.24772e-09	2.54462e+11	9.8787e+06	0.000743612	1	-1.58055e-16
	 80	2.72946e-08	9.8787e+06	0.4241	0.905615	2.13538	0.000743612	-1.79787e-16	-1.58055e-16
		 Mass/AM Itteration # 	 convergence 	 p_core 	 a 	 omega_rot 	 edge corot 	 AM error 
	 	 	1	1	2.54462e+11	9.8787e+06	0.000743612	1	-4.74166e-16
	 	 	2	2.62586e-08	2.54462e+11	9.8787e+06	0.000743612	1	-1.58055e-15
	 	 	3	1.07432e-08	2.54462e+11	9.8787e+06	0.000743612	1	3.16111e-15
	 	 	4	2.91333e-09	2.54462e+11	9.8787e+06	0.000743612	1	-9.48332e-16
	 81	2.44345e-08	9.8787e+06	0.4241	0.905615	2.13538	0.000743612	1.79787e-16	-9.48332e-16
		 Mass/AM Itteration # 	 convergence 	 p_core 	 a 	 omega_rot 	 edge corot 	 AM error 
	 	 	1	1	2.54462e+11	9.8787e+06	0.000743612	1	1.58055e-16
	 	 	2	2.33548e-08	2.54462e+11	9.8787e+06	0.000743612	1	-1.4225e-15
	 	 	3	9.56972e-09	2.54462e+11	9.8787e+06	0.000743612	1	1.26444e-15
	 82	2.17779e-08	9.8787e+06	0.4241	0.905615	2.13538	0.000743612	-3.59574e-16	1.26444e-15
		 Mass/AM Itteration # 	 convergence 	 p_core 	 a 	 omega_rot 	 edge corot 	 AM error 
	 	 	1	1	2.54462e+11	9.87871e+06	0.000743612	1	1.26444e-15
	 	 	2	2.09751e-08	2.54462e+11	9.87871e+06	0.000743612	1	4.74166e-16
	 	 	3	8.55002e-09	2.54462e+11	9.87871e+06	0.000743612	1	2.21278e-15
	 83	1.93922e-08	9.87871e+06	0.4241	0.905615	2.13538	0.000743612	0	2.21278e-15
		 Mass/AM Itteration # 	 convergence 	 p_core 	 a 	 omega_rot 	 edge corot 	 AM error 
	 	 	1	1	2.54462e+11	9.87871e+06	0.000743612	1	-2.37083e-15
	 	 	2	1.92723e-08	2.54462e+11	9.87871e+06	0.000743612	1	-6.32222e-16
	 	 	3	7.77986e-09	2.54462e+11	9.87871e+06	0.000743612	1	7.90277e-16
	 84	1.74947e-08	9.87871e+06	0.4241	0.905615	2.13538	0.000743612	1.79787e-16	7.90277e-16
		 Mass/AM Itteration # 	 convergence 	 p_core 	 a 	 omega_rot 	 edge corot 	 AM error 
	 	 	1	1	2.54462e+11	9.87871e+06	0.000743612	1	-2.05472e-15
	 	 	2	1.72515e-08	2.54462e+11	9.87871e+06	0.000743612	1	3.79333e-15
	 	 	3	6.95493e-09	2.54462e+11	9.87871e+06	0.000743612	1	-4.74166e-16
	 85	1.56281e-08	9.87871e+06	0.4241	0.905615	2.13538	0.000743612	-1.79787e-16	-4.74166e-16
		 Mass/AM Itteration # 	 convergence 	 p_core 	 a 	 omega_rot 	 edge corot 	 AM error 
	 	 	1	1	2.54462e+11	9.87871e+06	0.000743612	1	2.68694e-15
	 	 	2	1.49436e-08	2.54462e+11	9.87871e+06	0.000743612	1	-4.74166e-16
	 	 	3	6.09739e-09	2.54462e+11	9.87871e+06	0.000743612	1	-6.32222e-16
	 86	1.38465e-08	9.87871e+06	0.4241	0.905615	2.13538	0.000743612	3.59574e-16	-6.32222e-16
		 Mass/AM Itteration # 	 convergence 	 p_core 	 a 	 omega_rot 	 edge corot 	 AM error 
	 	 	1	1	2.54462e+11	9.87871e+06	0.000743612	1	-3.16111e-16
	 	 	2	1.38472e-08	2.54462e+11	9.87871e+06	0.000743612	1	1.58055e-15
	 	 	3	5.5744e-09	2.54462e+11	9.87871e+06	0.000743612	1	6.32222e-16
	 87	1.25084e-08	9.87871e+06	0.4241	0.905615	2.13538	0.000743612	0	6.32222e-16
		 Mass/AM Itteration # 	 convergence 	 p_core 	 a 	 omega_rot 	 edge corot 	 AM error 
	 	 	1	1	2.54462e+11	9.87871e+06	0.000743612	1	-3.79333e-15
	 	 	2	1.19589e-08	2.54462e+11	9.87871e+06	0.000743612	1	3.31916e-15
	 	 	3	4.8768e-09	2.54462e+11	9.87871e+06	0.000743612	1	1.73861e-15
	 88	1.107e-08	9.87871e+06	0.4241	0.905615	2.13538	0.000743612	0	1.73861e-15
		 Mass/AM Itteration # 	 convergence 	 p_core 	 a 	 omega_rot 	 edge corot 	 AM error 
	 	 	1	1	2.54462e+11	9.87871e+06	0.000743612	1	-1.10639e-15
	 	 	2	1.14229e-08	2.54462e+11	9.87871e+06	0.000743612	1	6.32222e-16
	 	 	3	4.53802e-09	2.54462e+11	9.87871e+06	0.000743612	1	-3.16111e-15
	 89	1.00582e-08	9.87871e+06	0.4241	0.905615	2.13538	0.000743612	0	-3.16111e-15
		 Mass/AM Itteration # 	 convergence 	 p_core 	 a 	 omega_rot 	 edge corot 	 AM error 
	 	 	1	1	2.54462e+11	9.87871e+06	0.000743612	1	-4.74166e-16
	 	 	2	9.13981e-09	2.54462e+11	9.87871e+06	0.000743612	1	2.68694e-15
	 90	8.65044e-09	9.87871e+06	0.4241	0.905615	2.13538	0.000743612	3.59574e-16	2.68694e-15
Back to main
run time (s) 38350.4
