HERCULES is running
Intialising 
	 Reading input file 
	 Run name: Earth_correct_params_S3.20c_L3_N100_Nm1000_k6_f121_p10_l1_0_1.5
	 Input file read successful
	 Initialisation by reading start file ../../Earth_correct_params_S3.20c/Earth_correct_params_S3.20c_AM2.1/Output/Earth_correct_params_S3.20c_L2.1_N100_Nm1000_k6_f121_p10_l1_0_1.5_final
	 Initialisation complete
Itterating
	 Main Itteration # 	 convergence 	 a 	 aspect 	 ellipticity 	 l 	 omega_rot 	 Mass error 	 AM error 
		 Mass/AM Itteration # 	 convergence 	 p_core 	 a 	 omega_rot 	 edge corot 	 AM error 
	 	 	1	1	3.17287e+11	7.65143e+06	0.000960499	0	1.39352e-15
	 	 	2	0.342023	2.36424e+11	7.9012e+06	0.000890068	0	-5.22571e-16
	 	 	3	0.0732355	2.20291e+11	7.9163e+06	0.000882766	0	8.70951e-16
	 	 	4	0.0205712	2.15851e+11	7.91568e+06	0.000882213	0	-2.43866e-15
	 	 	5	0.00559269	2.1465e+11	7.91529e+06	0.00088219	0	5.22571e-16
	 	 	6	0.00136186	2.14358e+11	7.9152e+06	0.000882192	0	6.96761e-16
	 	 	7	0.000298084	2.14295e+11	7.91518e+06	0.000882192	0	-6.96761e-16
	 	 	8	6.01866e-05	2.14282e+11	7.91518e+06	0.000882193	0	-5.22571e-16
	 	 	9	1.15006e-05	2.14279e+11	7.91517e+06	0.000882193	0	8.70951e-16
	 	 	10	2.12058e-06	2.14279e+11	7.91517e+06	0.000882193	0	0
	 	 	11	3.82475e-07	2.14279e+11	7.91517e+06	0.000882193	0	2.43866e-15
	 	 	12	6.80765e-08	2.14279e+11	7.91517e+06	0.000882193	0	-1.7419e-16
	 	 	13	1.20222e-08	2.14279e+11	7.91517e+06	0.000882193	0	-3.4838e-16
	 	 	14	2.11312e-09	2.14279e+11	7.91517e+06	0.000882193	0	-3.13542e-15
	 1	0.0321664	7.91517e+06	0.659207	0.751962	1.14071	0.000882193	-3.59574e-16	-3.13542e-15
		 Mass/AM Itteration # 	 convergence 	 p_core 	 a 	 omega_rot 	 edge corot 	 AM error 
	 	 	1	1	1.84797e+11	8.68322e+06	0.000855212	4	-1.7419e-16
	 	 	2	0.033112	1.91126e+11	8.85011e+06	0.000782704	1	-1.7419e-15
	 	 	3	0.117943	2.16682e+11	8.83551e+06	0.000768003	0	-1.7419e-15
	 	 	4	0.0839092	2.36529e+11	8.80827e+06	0.000767005	0	-3.65799e-15
	 	 	5	0.0440123	2.47419e+11	8.79749e+06	0.000767008	0	-3.4838e-16
	 	 	6	0.0206255	2.52629e+11	8.7952e+06	0.000766242	0	1.91609e-15
	 	 	7	0.0101671	2.55224e+11	8.79457e+06	0.000765581	0	1.56771e-15
	 	 	8	0.00544176	2.56621e+11	8.79659e+06	0.000764151	0	1.7419e-15
	 	 	9	0.00448246	2.57776e+11	8.79328e+06	0.000764901	0	-2.09028e-15
	 	 	10	0.00127571	2.58105e+11	8.79298e+06	0.000765014	0	1.56771e-15
	 	 	11	0.000359326	2.58198e+11	8.79298e+06	0.000765025	0	0
	 	 	12	9.29161e-05	2.58222e+11	8.793e+06	0.000765025	0	8.70951e-16
	 	 	13	2.13436e-05	2.58228e+11	8.793e+06	0.000765024	0	1.91609e-15
	 	 	14	4.325e-06	2.58229e+11	8.793e+06	0.000765024	0	-1.04514e-15
	 	 	15	7.72811e-07	2.58229e+11	8.793e+06	0.000765024	0	-2.61285e-15
	 	 	16	1.21086e-07	2.58229e+11	8.793e+06	0.000765024	0	-1.21933e-15
	 	 	17	1.62547e-08	2.58229e+11	8.793e+06	0.000765024	0	-1.7419e-16
	 	 	18	1.73554e-09	2.58229e+11	8.793e+06	0.000765024	0	5.22571e-16
	 2	0.0488264	8.793e+06	0.507277	0.861783	1.69884	0.000765024	1.79787e-16	5.22571e-16
		 Mass/AM Itteration # 	 convergence 	 p_core 	 a 	 omega_rot 	 edge corot 	 AM error 
	 	 	1	1	2.50589e+11	8.93234e+06	0.000748002	0	1.21933e-15
	 	 	2	0.029113	2.58103e+11	8.9213e+06	0.000747946	0	-3.4838e-16
	 	 	3	0.0139232	2.61747e+11	8.91545e+06	0.000748701	0	-3.4838e-16
	 	 	4	0.00615104	2.63367e+11	8.91606e+06	0.000748012	0	1.04514e-15
	 	 	5	0.00373469	2.64355e+11	8.91382e+06	0.000748526	0	-2.78704e-15
	 	 	6	0.0010569	2.64634e+11	8.91363e+06	0.000748602	0	-1.56771e-15
	 	 	7	0.000287685	2.6471e+11	8.91364e+06	0.000748609	0	5.74828e-15
	 	 	8	7.15555e-05	2.64729e+11	8.91365e+06	0.000748609	0	-8.70951e-16
	 	 	9	1.58794e-05	2.64734e+11	8.91365e+06	0.000748609	0	-1.21933e-15
	 	 	10	3.11494e-06	2.64734e+11	8.91365e+06	0.000748608	0	8.70951e-16
	 	 	11	5.36228e-07	2.64734e+11	8.91365e+06	0.000748608	0	-2.96123e-15
	 	 	12	7.95747e-08	2.64735e+11	8.91365e+06	0.000748608	0	2.09028e-15
	 	 	13	9.65301e-09	2.64735e+11	8.91365e+06	0.000748608	0	-3.13542e-15
	 3	0.00853985	8.91365e+06	0.490437	0.871477	1.77694	0.000748608	1.79787e-16	-3.13542e-15
		 Mass/AM Itteration # 	 convergence 	 p_core 	 a 	 omega_rot 	 edge corot 	 AM error 
	 	 	1	1	2.62453e+11	8.93713e+06	0.000743672	0	-1.04514e-15
	 	 	2	0.00962115	2.65003e+11	8.92956e+06	0.000745209	0	1.91609e-15
	 	 	3	0.00245358	2.65655e+11	8.92874e+06	0.000745462	0	1.7419e-16
	 	 	4	0.000662248	2.65831e+11	8.92873e+06	0.00074549	0	3.4838e-16
	 	 	5	0.000173678	2.65877e+11	8.92875e+06	0.000745491	0	-5.22571e-16
	 	 	6	4.10297e-05	2.65888e+11	8.92875e+06	0.00074549	0	-8.70951e-16
	 	 	7	8.51413e-06	2.6589e+11	8.92875e+06	0.00074549	0	3.4838e-15
	 	 	8	1.54034e-06	2.6589e+11	8.92875e+06	0.00074549	0	3.4838e-16
	 	 	9	2.39749e-07	2.65891e+11	8.92875e+06	0.00074549	0	-6.96761e-16
	 	 	10	3.07671e-08	2.65891e+11	8.92875e+06	0.00074549	0	0
	 	 	11	2.78488e-09	2.65891e+11	8.92875e+06	0.00074549	0	1.39352e-15
	 4	0.0015704	8.92875e+06	0.487695	0.873014	1.79008	0.00074549	3.59574e-16	1.39352e-15
		 Mass/AM Itteration # 	 convergence 	 p_core 	 a 	 omega_rot 	 edge corot 	 AM error 
	 	 	1	1	2.65166e+11	8.93005e+06	0.000744627	0	8.70951e-16
	 	 	2	0.00248605	2.65826e+11	8.92832e+06	0.000744983	0	-8.70951e-16
	 	 	3	0.000570893	2.65978e+11	8.92806e+06	0.000745064	0	-2.09028e-15
	 	 	4	0.000159142	2.66021e+11	8.92803e+06	0.000745081	0	-3.4838e-16
	 	 	5	5.09867e-05	2.66034e+11	8.92803e+06	0.000745083	0	6.96761e-16
	 	 	6	1.52554e-05	2.66038e+11	8.92803e+06	0.000745083	0	1.21933e-15
	 	 	7	3.79419e-06	2.66039e+11	8.92803e+06	0.000745082	0	-1.21933e-15
	 	 	8	7.04909e-07	2.66039e+11	8.92803e+06	0.000745082	0	1.21933e-15
	 	 	9	6.23651e-08	2.66039e+11	8.92803e+06	0.000745082	0	1.91609e-15
	 	 	10	1.87115e-08	2.66039e+11	8.92803e+06	0.000745082	0	1.56771e-15
	 	 	11	1.21268e-08	2.66039e+11	8.92803e+06	0.000745082	0	-1.91609e-15
	 	 	12	4.00718e-09	2.66039e+11	8.92803e+06	0.000745082	0	-6.96761e-16
	 5	0.00013826	8.92803e+06	0.487308	0.87323	1.79195	0.000745082	3.59574e-16	-6.96761e-16
		 Mass/AM Itteration # 	 convergence 	 p_core 	 a 	 omega_rot 	 edge corot 	 AM error 
	 	 	1	1	2.65769e+11	8.92709e+06	0.00074483	0	-1.21933e-15
	 	 	2	0.00079466	2.65981e+11	8.92635e+06	0.000744999	0	3.4838e-15
	 	 	3	0.000197458	2.66033e+11	8.92622e+06	0.000745046	0	-2.26447e-15
	 	 	4	7.26061e-05	2.66053e+11	8.9262e+06	0.000745055	0	-1.39352e-15
	 	 	5	2.77423e-05	2.6606e+11	8.9262e+06	0.000745056	0	-3.65799e-15
	 	 	6	8.73754e-06	2.66062e+11	8.92621e+06	0.000745056	0	-2.78704e-15
	 	 	7	2.15172e-06	2.66063e+11	8.92621e+06	0.000745056	0	-1.7419e-15
	 	 	8	3.78141e-07	2.66063e+11	8.92621e+06	0.000745055	0	5.22571e-16
	 	 	9	2.42887e-08	2.66063e+11	8.92621e+06	0.000745055	0	-2.26447e-15
	 	 	10	1.41434e-08	2.66063e+11	8.92621e+06	0.000745055	0	-2.78704e-15
	 	 	11	7.69257e-09	2.66063e+11	8.92621e+06	0.000745055	0	1.04514e-15
	 6	4.96534e-05	8.92621e+06	0.48723	0.873274	1.79232	0.000745055	0	1.04514e-15
		 Mass/AM Itteration # 	 convergence 	 p_core 	 a 	 omega_rot 	 edge corot 	 AM error 
	 	 	1	1	2.65953e+11	8.92509e+06	0.000744963	0	-1.21933e-15
	 	 	2	0.000283009	2.66029e+11	8.92478e+06	0.000745037	0	6.96761e-16
	 	 	3	7.04953e-05	2.66047e+11	8.92472e+06	0.000745057	0	3.4838e-16
	 	 	4	2.88253e-05	2.66055e+11	8.92471e+06	0.000745061	0	-8.70951e-16
	 	 	5	1.1734e-05	2.66058e+11	8.92471e+06	0.000745061	0	1.39352e-15
	 	 	6	3.78032e-06	2.66059e+11	8.92471e+06	0.000745061	0	-3.4838e-16
	 	 	7	9.37898e-07	2.6606e+11	8.92471e+06	0.000745061	0	3.4838e-16
	 	 	8	1.65115e-07	2.6606e+11	8.92471e+06	0.000745061	0	1.7419e-16
	 	 	9	1.05334e-08	2.6606e+11	8.92471e+06	0.000745061	0	-8.70951e-16
	 	 	10	6.22729e-09	2.6606e+11	8.92471e+06	0.000745061	0	-1.56771e-15
	 7	4.81389e-05	8.92471e+06	0.487215	0.873282	1.7924	0.000745061	0	-1.56771e-15
		 Mass/AM Itteration # 	 convergence 	 p_core 	 a 	 omega_rot 	 edge corot 	 AM error 
	 	 	1	1	2.66014e+11	8.92371e+06	0.000745031	0	1.91609e-15
	 	 	2	9.70293e-05	2.6604e+11	8.92358e+06	0.000745061	0	6.96761e-16
	 	 	3	2.25387e-05	2.66046e+11	8.92355e+06	0.00074507	0	-3.13542e-15
	 	 	4	1.05685e-05	2.66048e+11	8.92355e+06	0.000745072	0	-2.43866e-15
	 	 	5	4.72439e-06	2.6605e+11	8.92355e+06	0.000745072	0	3.4838e-15
	 	 	6	1.58716e-06	2.6605e+11	8.92355e+06	0.000745072	0	3.4838e-16
	 	 	7	4.03598e-07	2.6605e+11	8.92355e+06	0.000745072	0	5.22571e-16
	 	 	8	7.30286e-08	2.6605e+11	8.92355e+06	0.000745072	0	2.43866e-15
	 	 	9	5.31367e-09	2.6605e+11	8.92355e+06	0.000745072	0	-6.96761e-16
	 8	3.87269e-05	8.92355e+06	0.487225	0.873276	1.79235	0.000745072	0	-6.96761e-16
		 Mass/AM Itteration # 	 convergence 	 p_core 	 a 	 omega_rot 	 edge corot 	 AM error 
	 	 	1	1	2.66031e+11	8.92274e+06	0.000745063	0	-1.7419e-15
	 	 	2	2.78299e-05	2.66038e+11	8.92268e+06	0.000745077	0	1.7419e-16
	 	 	3	5.10604e-06	2.66039e+11	8.92267e+06	0.000745081	0	0
	 	 	4	3.63804e-06	2.6604e+11	8.92266e+06	0.000745081	0	-1.7419e-16
	 	 	5	1.96367e-06	2.66041e+11	8.92266e+06	0.000745082	0	5.22571e-16
	 	 	6	7.0744e-07	2.66041e+11	8.92266e+06	0.000745082	0	0
	 	 	7	1.86926e-07	2.66041e+11	8.92266e+06	0.000745082	0	1.56771e-15
	 	 	8	3.52318e-08	2.66041e+11	8.92266e+06	0.000745082	0	-1.91609e-15
	 	 	9	3.0232e-09	2.66041e+11	8.92266e+06	0.000745082	0	-1.56771e-15
	 9	2.96821e-05	8.92266e+06	0.487244	0.873266	1.79226	0.000745082	0	-1.56771e-15
		 Mass/AM Itteration # 	 convergence 	 p_core 	 a 	 omega_rot 	 edge corot 	 AM error 
	 	 	1	1	2.66033e+11	8.92203e+06	0.00074508	0	-2.61285e-15
	 	 	2	3.02581e-06	2.66033e+11	8.922e+06	0.000745087	0	-1.91609e-15
	 	 	3	8.27482e-07	2.66033e+11	8.92199e+06	0.000745088	0	0
	 	 	4	1.0463e-06	2.66033e+11	8.92199e+06	0.000745089	0	-1.7419e-15
	 	 	5	8.55404e-07	2.66034e+11	8.92199e+06	0.000745089	0	-6.96761e-16
	 	 	6	3.42445e-07	2.66034e+11	8.92199e+06	0.000745089	0	-6.96761e-16
	 	 	7	9.52678e-08	2.66034e+11	8.92199e+06	0.000745089	0	6.96761e-16
	 	 	8	1.88959e-08	2.66034e+11	8.92199e+06	0.000745089	0	-1.04514e-15
	 	 	9	1.91879e-09	2.66034e+11	8.92199e+06	0.000745089	0	0
	 10	2.23207e-05	8.92199e+06	0.487263	0.873255	1.79216	0.000745089	0	0
		 Mass/AM Itteration # 	 convergence 	 p_core 	 a 	 omega_rot 	 edge corot 	 AM error 
	 	 	1	1	2.6603e+11	8.9215e+06	0.000745089	0	-2.26447e-15
	 	 	2	4.96691e-06	2.66029e+11	8.92149e+06	0.000745093	0	-1.04514e-15
	 	 	3	2.49227e-06	2.66028e+11	8.92148e+06	0.000745094	0	-3.4838e-16
	 	 	4	1.16712e-07	2.66028e+11	8.92148e+06	0.000745094	0	-1.56771e-15
	 	 	5	3.98319e-07	2.66028e+11	8.92148e+06	0.000745094	0	1.21933e-15
	 	 	6	1.83167e-07	2.66028e+11	8.92148e+06	0.000745094	0	3.4838e-16
	 	 	7	5.39822e-08	2.66028e+11	8.92148e+06	0.000745094	0	2.96123e-15
	 	 	8	1.12821e-08	2.66028e+11	8.92148e+06	0.000745094	0	-1.91609e-15
	 	 	9	1.32027e-09	2.66028e+11	8.92148e+06	0.000745094	0	-1.7419e-16
	 11	1.66693e-05	8.92148e+06	0.48728	0.873246	1.79208	0.000745094	1.79787e-16	-1.7419e-16
		 Mass/AM Itteration # 	 convergence 	 p_core 	 a 	 omega_rot 	 edge corot 	 AM error 
	 	 	1	1	2.66026e+11	8.92111e+06	0.000745095	0	2.96123e-15
	 	 	2	6.73711e-06	2.66024e+11	8.9211e+06	0.000745097	0	1.39352e-15
	 	 	3	2.63955e-06	2.66024e+11	8.9211e+06	0.000745098	0	-1.39352e-15
	 	 	4	1.8179e-07	2.66024e+11	8.9211e+06	0.000745098	0	2.26447e-15
	 	 	5	2.0213e-07	2.66024e+11	8.9211e+06	0.000745098	0	-3.4838e-16
	 	 	6	1.08448e-07	2.66024e+11	8.9211e+06	0.000745098	0	6.96761e-16
	 	 	7	3.37119e-08	2.66024e+11	8.9211e+06	0.000745098	0	0
	 	 	8	7.36614e-09	2.66024e+11	8.9211e+06	0.000745098	0	-3.13542e-15
	 12	1.24287e-05	8.9211e+06	0.487295	0.873238	1.79201	0.000745098	1.79787e-16	-3.13542e-15
		 Mass/AM Itteration # 	 convergence 	 p_core 	 a 	 omega_rot 	 edge corot 	 AM error 
	 	 	1	1	2.66023e+11	8.92081e+06	0.000745098	0	3.4838e-16
	 	 	2	6.34945e-06	2.66021e+11	8.92081e+06	0.0007451	0	1.7419e-16
	 	 	3	2.30709e-06	2.66021e+11	8.92081e+06	0.0007451	0	-1.21933e-15
	 	 	4	2.47031e-07	2.66021e+11	8.92081e+06	0.0007451	0	2.61285e-15
	 	 	5	1.12958e-07	2.66021e+11	8.92081e+06	0.0007451	0	-1.04514e-15
	 	 	6	7.00058e-08	2.66021e+11	8.92081e+06	0.0007451	0	-2.96123e-15
	 	 	7	2.26895e-08	2.66021e+11	8.92081e+06	0.0007451	0	-6.96761e-16
	 	 	8	5.12254e-09	2.66021e+11	8.92081e+06	0.0007451	0	5.22571e-16
	 13	9.27095e-06	8.92081e+06	0.487306	0.873231	1.79196	0.0007451	-3.59574e-16	5.22571e-16
		 Mass/AM Itteration # 	 convergence 	 p_core 	 a 	 omega_rot 	 edge corot 	 AM error 
	 	 	1	1	2.6602e+11	8.92059e+06	0.000745101	0	3.4838e-16
	 	 	2	5.34489e-06	2.66019e+11	8.92059e+06	0.000745102	0	1.7419e-15
	 	 	3	1.87549e-06	2.66018e+11	8.92059e+06	0.000745102	0	-1.7419e-16
	 	 	4	2.31843e-07	2.66018e+11	8.92059e+06	0.000745102	0	6.96761e-16
	 	 	5	6.92208e-08	2.66018e+11	8.92059e+06	0.000745102	0	1.21933e-15
	 	 	6	4.81305e-08	2.66018e+11	8.92059e+06	0.000745102	0	-1.39352e-15
	 	 	7	1.60573e-08	2.66018e+11	8.92059e+06	0.000745102	0	-1.7419e-16
	 	 	8	3.70553e-09	2.66018e+11	8.92059e+06	0.000745102	0	0
	 14	6.92368e-06	8.92059e+06	0.487315	0.873226	1.79191	0.000745102	1.79787e-16	0
		 Mass/AM Itteration # 	 convergence 	 p_core 	 a 	 omega_rot 	 edge corot 	 AM error 
	 	 	1	1	2.66018e+11	8.92042e+06	0.000745102	0	-1.21933e-15
	 	 	2	4.28489e-06	2.66017e+11	8.92042e+06	0.000745103	0	5.22571e-16
	 	 	3	1.47458e-06	2.66017e+11	8.92042e+06	0.000745103	0	1.39352e-15
	 	 	4	1.94078e-07	2.66017e+11	8.92042e+06	0.000745103	0	1.39352e-15
	 	 	5	4.57251e-08	2.66017e+11	8.92042e+06	0.000745103	0	-2.78704e-15
	 	 	6	3.4474e-08	2.66017e+11	8.92042e+06	0.000745103	0	-5.22571e-16
	 	 	7	1.17172e-08	2.66017e+11	8.92042e+06	0.000745103	0	3.4838e-16
	 	 	8	2.74222e-09	2.66017e+11	8.92042e+06	0.000745103	0	3.4838e-16
	 15	5.17707e-06	8.92042e+06	0.487322	0.873222	1.79188	0.000745103	1.79787e-16	3.4838e-16
		 Mass/AM Itteration # 	 convergence 	 p_core 	 a 	 omega_rot 	 edge corot 	 AM error 
	 	 	1	1	2.66017e+11	8.9203e+06	0.000745103	0	-6.96761e-16
	 	 	2	3.35292e-06	2.66016e+11	8.9203e+06	0.000745104	0	0
	 	 	3	1.13991e-06	2.66015e+11	8.92029e+06	0.000745104	0	-1.91609e-15
	 	 	4	1.54664e-07	2.66015e+11	8.92029e+06	0.000745104	0	5.92247e-15
	 	 	5	3.18657e-08	2.66015e+11	8.92029e+06	0.000745104	0	-6.96761e-16
	 	 	6	2.5309e-08	2.66015e+11	8.92029e+06	0.000745104	0	-1.39352e-15
	 	 	7	8.70207e-09	2.66015e+11	8.92029e+06	0.000745104	0	-1.7419e-15
	 16	3.87539e-06	8.92029e+06	0.487327	0.873219	1.79185	0.000745104	5.39361e-16	-1.7419e-15
		 Mass/AM Itteration # 	 convergence 	 p_core 	 a 	 omega_rot 	 edge corot 	 AM error 
	 	 	1	1	2.66015e+11	8.9202e+06	0.000745104	0	-2.78704e-15
	 	 	2	2.58921e-06	2.66015e+11	8.9202e+06	0.000745104	0	2.26447e-15
	 	 	3	8.73117e-07	2.66014e+11	8.9202e+06	0.000745104	0	1.7419e-15
	 	 	4	1.20306e-07	2.66014e+11	8.9202e+06	0.000745104	0	3.4838e-16
	 	 	5	2.29877e-08	2.66014e+11	8.9202e+06	0.000745104	0	1.7419e-15
	 	 	6	1.88446e-08	2.66014e+11	8.9202e+06	0.000745104	0	2.78704e-15
	 	 	7	6.52568e-09	2.66014e+11	8.9202e+06	0.000745104	0	-8.70951e-16
	 17	2.90328e-06	8.9202e+06	0.487331	0.873217	1.79183	0.000745104	1.79787e-16	-8.70951e-16
		 Mass/AM Itteration # 	 convergence 	 p_core 	 a 	 omega_rot 	 edge corot 	 AM error 
	 	 	1	1	2.66014e+11	8.92013e+06	0.000745104	0	-4.18057e-15
	 	 	2	1.98489e-06	2.66014e+11	8.92013e+06	0.000745105	0	6.96761e-16
	 	 	3	6.65324e-07	2.66014e+11	8.92013e+06	0.000745105	0	1.7419e-15
	 	 	4	9.23877e-08	2.66014e+11	8.92013e+06	0.000745105	0	-5.74828e-15
	 	 	5	1.69379e-08	2.66014e+11	8.92013e+06	0.000745105	0	-4.00638e-15
	 	 	6	1.41426e-08	2.66014e+11	8.92013e+06	0.000745105	0	-3.13542e-15
	 	 	7	4.9191e-09	2.66014e+11	8.92013e+06	0.000745105	0	-8.70951e-16
	 18	2.17653e-06	8.92013e+06	0.487335	0.873215	1.79182	0.000745105	1.79787e-16	-8.70951e-16
		 Mass/AM Itteration # 	 convergence 	 p_core 	 a 	 omega_rot 	 edge corot 	 AM error 
	 	 	1	1	2.66014e+11	8.92007e+06	0.000745105	0	-1.04514e-15
	 	 	2	1.51462e-06	2.66013e+11	8.92007e+06	0.000745105	0	-5.22571e-16
	 	 	3	5.05372e-07	2.66013e+11	8.92007e+06	0.000745105	0	1.7419e-16
	 	 	4	7.04323e-08	2.66013e+11	8.92007e+06	0.000745105	0	2.26447e-15
	 	 	5	1.26384e-08	2.66013e+11	8.92007e+06	0.000745105	0	-6.96761e-16
	 	 	6	1.066e-08	2.66013e+11	8.92007e+06	0.000745105	0	1.04514e-15
	 	 	7	3.71806e-09	2.66013e+11	8.92007e+06	0.000745105	0	3.4838e-16
	 19	1.63245e-06	8.92007e+06	0.487337	0.873214	1.79181	0.000745105	3.59574e-16	3.4838e-16
		 Mass/AM Itteration # 	 convergence 	 p_core 	 a 	 omega_rot 	 edge corot 	 AM error 
	 	 	1	1	2.66013e+11	8.92003e+06	0.000745105	0	3.4838e-16
	 	 	2	1.1524e-06	2.66013e+11	8.92003e+06	0.000745105	0	8.70951e-16
	 	 	3	3.83108e-07	2.66013e+11	8.92003e+06	0.000745105	0	-3.4838e-16
	 	 	4	5.34719e-08	2.66013e+11	8.92003e+06	0.000745105	0	8.70951e-16
	 	 	5	9.49539e-09	2.66013e+11	8.92003e+06	0.000745105	0	-2.61285e-15
	 20	1.2247e-06	8.92003e+06	0.487339	0.873213	1.7918	0.000745105	-1.79787e-16	-2.61285e-15
		 Mass/AM Itteration # 	 convergence 	 p_core 	 a 	 omega_rot 	 edge corot 	 AM error 
	 	 	1	1	2.66013e+11	8.92e+06	0.000745105	0	-1.21933e-15
	 	 	2	8.72124e-07	2.66013e+11	8.92e+06	0.000745105	0	1.39352e-15
	 	 	3	2.89307e-07	2.66013e+11	8.92e+06	0.000745105	0	1.7419e-16
	 	 	4	4.03628e-08	2.66013e+11	8.92e+06	0.000745105	0	-1.04514e-15
	 	 	5	7.1721e-09	2.66013e+11	8.92e+06	0.000745105	0	1.7419e-16
	 21	9.19123e-07	8.92e+06	0.48734	0.873212	1.79179	0.000745105	1.79787e-16	1.7419e-16
		 Mass/AM Itteration # 	 convergence 	 p_core 	 a 	 omega_rot 	 edge corot 	 AM error 
	 	 	1	1	2.66013e+11	8.91998e+06	0.000745105	0	-3.13542e-15
	 	 	2	6.61306e-07	2.66012e+11	8.91998e+06	0.000745105	0	2.96123e-15
	 	 	3	2.18801e-07	2.66012e+11	8.91998e+06	0.000745105	0	1.7419e-16
	 	 	4	3.05149e-08	2.66012e+11	8.91998e+06	0.000745105	0	0
	 	 	5	5.41952e-09	2.66012e+11	8.91998e+06	0.000745105	0	1.39352e-15
	 22	6.89768e-07	8.91998e+06	0.487341	0.873211	1.79179	0.000745105	0	1.39352e-15
		 Mass/AM Itteration # 	 convergence 	 p_core 	 a 	 omega_rot 	 edge corot 	 AM error 
	 	 	1	1	2.66012e+11	8.91996e+06	0.000745105	0	-2.26447e-15
	 	 	2	5.00829e-07	2.66012e+11	8.91996e+06	0.000745105	0	-1.04514e-15
	 	 	3	1.65337e-07	2.66012e+11	8.91996e+06	0.000745105	0	5.22571e-16
	 	 	4	2.304e-08	2.66012e+11	8.91996e+06	0.000745105	0	6.96761e-16
	 	 	5	4.10021e-09	2.66012e+11	8.91996e+06	0.000745105	0	3.4838e-16
	 23	5.17657e-07	8.91996e+06	0.487342	0.873211	1.79178	0.000745105	5.39361e-16	3.4838e-16
		 Mass/AM Itteration # 	 convergence 	 p_core 	 a 	 omega_rot 	 edge corot 	 AM error 
	 	 	1	1	2.66012e+11	8.91995e+06	0.000745105	0	3.4838e-16
	 	 	2	3.78946e-07	2.66012e+11	8.91995e+06	0.000745105	0	3.83218e-15
	 	 	3	1.24857e-07	2.66012e+11	8.91995e+06	0.000745105	0	6.96761e-16
	 	 	4	1.73829e-08	2.66012e+11	8.91995e+06	0.000745105	0	0
	 	 	5	3.10243e-09	2.66012e+11	8.91995e+06	0.000745105	0	6.96761e-16
	 24	3.88484e-07	8.91995e+06	0.487343	0.873211	1.79178	0.000745105	0	6.96761e-16
		 Mass/AM Itteration # 	 convergence 	 p_core 	 a 	 omega_rot 	 edge corot 	 AM error 
	 	 	1	1	2.66012e+11	8.91994e+06	0.000745105	0	1.7419e-16
	 	 	2	2.86462e-07	2.66012e+11	8.91994e+06	0.000745105	0	2.78704e-15
	 	 	3	9.42221e-08	2.66012e+11	8.91994e+06	0.000745105	0	-8.70951e-16
	 	 	4	1.31013e-08	2.66012e+11	8.91994e+06	0.000745105	0	-2.96123e-15
	 	 	5	2.34927e-09	2.66012e+11	8.91994e+06	0.000745105	0	-2.61285e-15
	 25	2.91514e-07	8.91994e+06	0.487343	0.87321	1.79178	0.000745105	0	-2.61285e-15
		 Mass/AM Itteration # 	 convergence 	 p_core 	 a 	 omega_rot 	 edge corot 	 AM error 
	 	 	1	1	2.66012e+11	8.91993e+06	0.000745105	0	1.56771e-15
	 	 	2	2.1643e-07	2.66012e+11	8.91993e+06	0.000745105	0	-5.22571e-16
	 	 	3	7.10765e-08	2.66012e+11	8.91993e+06	0.000745105	0	0
	 	 	4	9.87279e-09	2.66012e+11	8.91993e+06	0.000745105	0	-8.70951e-16
	 26	2.18371e-07	8.91993e+06	0.487344	0.87321	1.79177	0.000745105	5.39361e-16	-8.70951e-16
		 Mass/AM Itteration # 	 convergence 	 p_core 	 a 	 omega_rot 	 edge corot 	 AM error 
	 	 	1	1	2.66012e+11	8.91992e+06	0.000745105	0	-3.4838e-16
	 	 	2	1.62557e-07	2.66012e+11	8.91992e+06	0.000745105	0	8.70951e-16
	 	 	3	5.32333e-08	2.66012e+11	8.91992e+06	0.000745105	0	-1.7419e-16
	 	 	4	7.34527e-09	2.66012e+11	8.91992e+06	0.000745105	0	3.4838e-16
	 27	1.64232e-07	8.91992e+06	0.487344	0.87321	1.79177	0.000745105	0	3.4838e-16
		 Mass/AM Itteration # 	 convergence 	 p_core 	 a 	 omega_rot 	 edge corot 	 AM error 
	 	 	1	1	2.66012e+11	8.91992e+06	0.000745105	0	3.13542e-15
	 	 	2	1.22568e-07	2.66012e+11	8.91992e+06	0.000745105	0	6.96761e-16
	 	 	3	4.00837e-08	2.66012e+11	8.91992e+06	0.000745105	0	8.70951e-16
	 	 	4	5.51601e-09	2.66012e+11	8.91992e+06	0.000745105	0	-1.56771e-15
	 28	1.23155e-07	8.91992e+06	0.487344	0.87321	1.79177	0.000745105	0	-1.56771e-15
		 Mass/AM Itteration # 	 convergence 	 p_core 	 a 	 omega_rot 	 edge corot 	 AM error 
	 	 	1	1	2.66012e+11	8.91992e+06	0.000745105	0	-8.70951e-16
	 	 	2	9.24116e-08	2.66012e+11	8.91992e+06	0.000745105	0	2.26447e-15
	 	 	3	3.01842e-08	2.66012e+11	8.91992e+06	0.000745105	0	-6.96761e-16
	 	 	4	4.1468e-09	2.66012e+11	8.91992e+06	0.000745105	0	3.4838e-16
	 29	9.23479e-08	8.91992e+06	0.487344	0.87321	1.79177	0.000745105	0	3.4838e-16
		 Mass/AM Itteration # 	 convergence 	 p_core 	 a 	 omega_rot 	 edge corot 	 AM error 
	 	 	1	1	2.66012e+11	8.91991e+06	0.000745105	0	-6.96761e-16
	 	 	2	6.96255e-08	2.66012e+11	8.91991e+06	0.000745105	0	-3.4838e-16
	 	 	3	2.27186e-08	2.66012e+11	8.91991e+06	0.000745105	0	8.70951e-16
	 	 	4	3.11599e-09	2.66012e+11	8.91991e+06	0.000745105	0	-5.22571e-16
	 30	6.92326e-08	8.91991e+06	0.487344	0.87321	1.79177	0.000745105	1.79787e-16	-5.22571e-16
		 Mass/AM Itteration # 	 convergence 	 p_core 	 a 	 omega_rot 	 edge corot 	 AM error 
	 	 	1	1	2.66012e+11	8.91991e+06	0.000745105	0	1.39352e-15
	 	 	2	5.2499e-08	2.66012e+11	8.91991e+06	0.000745105	0	1.7419e-15
	 	 	3	1.71099e-08	2.66012e+11	8.91991e+06	0.000745105	0	2.61285e-15
	 	 	4	2.34722e-09	2.66012e+11	8.91991e+06	0.000745105	0	8.70951e-16
	 31	5.19032e-08	8.91991e+06	0.487345	0.87321	1.79177	0.000745105	0	8.70951e-16
		 Mass/AM Itteration # 	 convergence 	 p_core 	 a 	 omega_rot 	 edge corot 	 AM error 
	 	 	1	1	2.66012e+11	8.91991e+06	0.000745105	0	1.56771e-15
	 	 	2	3.9466e-08	2.66012e+11	8.91991e+06	0.000745105	0	-8.70951e-16
	 	 	3	1.28526e-08	2.66012e+11	8.91991e+06	0.000745105	0	1.91609e-15
	 	 	4	1.75592e-09	2.66012e+11	8.91991e+06	0.000745105	0	-1.21933e-15
	 32	3.88835e-08	8.91991e+06	0.487345	0.87321	1.79177	0.000745105	1.79787e-16	-1.21933e-15
		 Mass/AM Itteration # 	 convergence 	 p_core 	 a 	 omega_rot 	 edge corot 	 AM error 
	 	 	1	1	2.66012e+11	8.91991e+06	0.000745105	0	-2.26447e-15
	 	 	2	2.97966e-08	2.66012e+11	8.91991e+06	0.000745105	0	-6.96761e-16
	 	 	3	9.69179e-09	2.66012e+11	8.91991e+06	0.000745105	0	-2.43866e-15
	 33	2.88843e-08	8.91991e+06	0.487345	0.87321	1.79177	0.000745105	0	-2.43866e-15
		 Mass/AM Itteration # 	 convergence 	 p_core 	 a 	 omega_rot 	 edge corot 	 AM error 
	 	 	1	1	2.66012e+11	8.91991e+06	0.000745105	0	-1.04514e-15
	 	 	2	2.24872e-08	2.66012e+11	8.91991e+06	0.000745105	0	-1.7419e-16
	 	 	3	7.18519e-09	2.66012e+11	8.91991e+06	0.000745105	0	1.21933e-15
	 34	2.19308e-08	8.91991e+06	0.487345	0.87321	1.79177	0.000745105	5.39361e-16	1.21933e-15
		 Mass/AM Itteration # 	 convergence 	 p_core 	 a 	 omega_rot 	 edge corot 	 AM error 
	 	 	1	1	2.66012e+11	8.91991e+06	0.000745105	0	-5.22571e-16
	 	 	2	1.68195e-08	2.66012e+11	8.91991e+06	0.000745105	0	6.96761e-16
	 	 	3	5.37393e-09	2.66012e+11	8.91991e+06	0.000745105	0	-1.56771e-15
	 35	1.6409e-08	8.91991e+06	0.487345	0.87321	1.79177	0.000745105	-3.59574e-16	-1.56771e-15
		 Mass/AM Itteration # 	 convergence 	 p_core 	 a 	 omega_rot 	 edge corot 	 AM error 
	 	 	1	1	2.66012e+11	8.91991e+06	0.000745105	0	3.4838e-16
	 	 	2	1.25888e-08	2.66012e+11	8.91991e+06	0.000745105	0	-2.26447e-15
	 	 	3	4.01615e-09	2.66012e+11	8.91991e+06	0.000745105	0	-3.30961e-15
	 36	1.22696e-08	8.91991e+06	0.487345	0.87321	1.79177	0.000745105	3.59574e-16	-3.30961e-15
		 Mass/AM Itteration # 	 convergence 	 p_core 	 a 	 omega_rot 	 edge corot 	 AM error 
	 	 	1	1	2.66012e+11	8.91991e+06	0.000745105	0	-2.09028e-15
	 	 	2	9.48296e-09	2.66012e+11	8.91991e+06	0.000745105	0	-1.39352e-15
	 37	8.87027e-09	8.91991e+06	0.487345	0.87321	1.79177	0.000745105	-1.79787e-16	-1.39352e-15
Back to main
run time (s) 12305.8
