HERCULES is running
Intialising 
	 Reading input file 
	 Run name: Earth_correct_params_S3.20c_L3.30313_N100_Nm1000_k6_f121_p10_l1_0_1.5
	 Input file read successful
	 Initialisation by reading start file ../../Earth_correct_params_S3.20c/Earth_correct_params_S3.20c_AM3.3/Output/Earth_correct_params_S3.20c_L3.3_N100_Nm1000_k6_f121_p10_l1_0_1.5_final
	 Initialisation complete
Itterating
	 Main Itteration # 	 convergence 	 a 	 aspect 	 ellipticity 	 l 	 omega_rot 	 Mass error 	 AM error 
		 Mass/AM Itteration # 	 convergence 	 p_core 	 a 	 omega_rot 	 edge corot 	 AM error 
	 	 	1	1	2.54563e+11	9.77074e+06	0.000744651	0	0
	 	 	2	0.000964945	2.54318e+11	9.77211e+06	0.000744419	0	1.10743e-15
	 	 	3	0.000249003	2.54254e+11	9.77221e+06	0.000744387	0	4.90435e-15
	 	 	4	7.08345e-05	2.54236e+11	9.7722e+06	0.000744385	0	-1.58205e-16
	 	 	5	1.9497e-05	2.54231e+11	9.77219e+06	0.000744386	0	7.91025e-16
	 	 	6	4.70289e-06	2.5423e+11	9.77219e+06	0.000744386	0	6.3282e-16
	 	 	7	9.6658e-07	2.5423e+11	9.77219e+06	0.000744386	0	-1.42384e-15
	 	 	8	1.69141e-07	2.5423e+11	9.77219e+06	0.000744386	0	-3.1641e-15
	 	 	9	2.52734e-08	2.5423e+11	9.77219e+06	0.000744386	0	9.4923e-16
	 	 	10	3.22552e-09	2.5423e+11	9.77219e+06	0.000744386	0	7.91025e-16
	 1	9.22503e-05	9.77219e+06	0.428946	0.90333	2.10593	0.000744386	0	7.91025e-16
		 Mass/AM Itteration # 	 convergence 	 p_core 	 a 	 omega_rot 	 edge corot 	 AM error 
	 	 	1	1	2.54116e+11	9.77358e+06	0.000746242	0	-1.10743e-15
	 	 	2	0.00282627	2.534e+11	9.78371e+06	0.000743281	0	2.53128e-15
	 	 	3	0.00274599	2.54098e+11	9.77939e+06	0.000743981	0	-1.58205e-15
	 	 	4	0.000720923	2.54281e+11	9.77903e+06	0.000744086	0	1.42384e-15
	 	 	5	0.00020761	2.54334e+11	9.77906e+06	0.000744092	0	-3.00589e-15
	 	 	6	5.78754e-05	2.54349e+11	9.77908e+06	0.00074409	0	3.1641e-16
	 	 	7	1.41576e-05	2.54352e+11	9.77908e+06	0.00074409	0	2.05666e-15
	 	 	8	2.95132e-06	2.54353e+11	9.77909e+06	0.00074409	0	-1.26564e-15
	 	 	9	5.23486e-07	2.54353e+11	9.77909e+06	0.00074409	0	1.10743e-15
	 	 	10	7.92191e-08	2.54353e+11	9.77909e+06	0.00074409	0	7.91025e-16
	 	 	11	1.02272e-08	2.54353e+11	9.77909e+06	0.00074409	0	1.58205e-16
	 	 	12	1.12825e-09	2.54353e+11	9.77909e+06	0.00074409	0	-9.4923e-16
	 2	0.000198189	9.77909e+06	0.428526	0.90353	2.10846	0.00074409	-1.79787e-16	-9.4923e-16
		 Mass/AM Itteration # 	 convergence 	 p_core 	 a 	 omega_rot 	 edge corot 	 AM error 
	 	 	1	1	2.54318e+11	9.77903e+06	0.000745599	0	2.84769e-15
	 	 	2	0.00227105	2.53741e+11	9.78651e+06	0.000743455	0	1.26564e-15
	 	 	3	0.00186265	2.54215e+11	9.78349e+06	0.00074394	0	-1.42384e-15
	 	 	4	0.000487778	2.54339e+11	9.78323e+06	0.000744014	0	-1.42384e-15
	 	 	5	0.000140877	2.54375e+11	9.78325e+06	0.000744018	0	-9.4923e-16
	 	 	6	3.95013e-05	2.54385e+11	9.78327e+06	0.000744017	0	7.91025e-16
	 	 	7	9.71617e-06	2.54387e+11	9.78327e+06	0.000744017	0	1.10743e-15
	 	 	8	2.03405e-06	2.54388e+11	9.78327e+06	0.000744017	0	2.68948e-15
	 	 	9	3.6187e-07	2.54388e+11	9.78327e+06	0.000744017	0	2.53128e-15
	 	 	10	5.48627e-08	2.54388e+11	9.78327e+06	0.000744017	0	-1.58205e-16
	 	 	11	7.0867e-09	2.54388e+11	9.78327e+06	0.000744017	0	3.00589e-15
	 3	6.65679e-05	9.78327e+06	0.428327	0.903624	2.10966	0.000744017	1.79787e-16	3.00589e-15
		 Mass/AM Itteration # 	 convergence 	 p_core 	 a 	 omega_rot 	 edge corot 	 AM error 
	 	 	1	1	2.54368e+11	9.78651e+06	0.000743992	0	1.58205e-15
	 	 	2	9.56443e-05	2.54393e+11	9.78655e+06	0.000743989	0	-1.10743e-15
	 	 	3	3.72027e-05	2.54402e+11	9.78656e+06	0.000743988	0	-2.05666e-15
	 	 	4	1.00795e-05	2.54405e+11	9.78656e+06	0.000743988	0	1.42384e-15
	 	 	5	2.09724e-06	2.54405e+11	9.78656e+06	0.000743988	0	3.1641e-16
	 	 	6	3.67225e-07	2.54405e+11	9.78656e+06	0.000743988	0	7.91025e-16
	 	 	7	5.68893e-08	2.54405e+11	9.78656e+06	0.000743988	0	9.4923e-16
	 	 	8	8.02978e-09	2.54405e+11	9.78656e+06	0.000743988	0	0
	 4	8.2534e-05	9.78656e+06	0.428177	0.903695	2.11056	0.000743988	-3.59574e-16	0
		 Mass/AM Itteration # 	 convergence 	 p_core 	 a 	 omega_rot 	 edge corot 	 AM error 
	 	 	1	1	2.54388e+11	9.78498e+06	0.00074562	0	-2.05666e-15
	 	 	2	0.00249408	2.53755e+11	9.7929e+06	0.000743356	0	1.42384e-15
	 	 	3	0.00192551	2.54245e+11	9.78972e+06	0.000743866	0	1.42384e-15
	 	 	4	0.000503982	2.54373e+11	9.78945e+06	0.000743943	0	-4.74615e-16
	 	 	5	0.00014599	2.5441e+11	9.78947e+06	0.000743947	0	3.48051e-15
	 	 	6	4.10788e-05	2.54421e+11	9.78948e+06	0.000743946	0	1.10743e-15
	 	 	7	1.01288e-05	2.54423e+11	9.78948e+06	0.000743946	0	2.68948e-15
	 	 	8	2.12341e-06	2.54424e+11	9.78948e+06	0.000743946	0	-3.1641e-16
	 	 	9	3.77915e-07	2.54424e+11	9.78948e+06	0.000743946	0	1.42384e-15
	 	 	10	5.72613e-08	2.54424e+11	9.78948e+06	0.000743946	0	1.42384e-15
	 	 	11	7.38383e-09	2.54424e+11	9.78948e+06	0.000743946	0	-4.74615e-16
	 5	2.43307e-05	9.78948e+06	0.428051	0.903755	2.11132	0.000743946	1.79787e-16	-4.74615e-16
		 Mass/AM Itteration # 	 convergence 	 p_core 	 a 	 omega_rot 	 edge corot 	 AM error 
	 	 	1	1	2.54413e+11	9.79176e+06	0.00074394	0	-1.42384e-15
	 	 	2	5.09647e-05	2.54426e+11	9.79181e+06	0.000743934	0	-4.74615e-16
	 	 	3	2.23019e-05	2.54432e+11	9.79182e+06	0.000743933	0	-6.3282e-16
	 	 	4	6.04972e-06	2.54433e+11	9.79182e+06	0.000743933	0	-1.89846e-15
	 	 	5	1.19077e-06	2.54434e+11	9.79182e+06	0.000743933	0	1.58205e-15
	 	 	6	1.89135e-07	2.54434e+11	9.79182e+06	0.000743933	0	-1.26564e-15
	 	 	7	2.56869e-08	2.54434e+11	9.79182e+06	0.000743933	0	-3.1641e-16
	 	 	8	3.13072e-09	2.54434e+11	9.79182e+06	0.000743933	0	-1.74025e-15
	 6	5.49032e-05	9.79182e+06	0.427945	0.903805	2.11197	0.000743933	0	-1.74025e-15
		 Mass/AM Itteration # 	 convergence 	 p_core 	 a 	 omega_rot 	 edge corot 	 AM error 
	 	 	1	1	2.54422e+11	9.79012e+06	0.000745335	0	2.37307e-15
	 	 	2	0.00214788	2.53876e+11	9.7969e+06	0.000743398	0	-1.58205e-16
	 	 	3	0.00164203	2.54294e+11	9.79418e+06	0.000743834	0	4.74615e-16
	 	 	4	0.000429537	2.54403e+11	9.79394e+06	0.0007439	0	-9.4923e-16
	 	 	5	0.000124497	2.54435e+11	9.79396e+06	0.000743904	0	2.05666e-15
	 	 	6	3.50572e-05	2.54444e+11	9.79397e+06	0.000743903	0	-1.58205e-16
	 	 	7	8.65042e-06	2.54446e+11	9.79397e+06	0.000743902	0	1.58205e-15
	 	 	8	1.81381e-06	2.54447e+11	9.79397e+06	0.000743902	0	-2.37307e-15
	 	 	9	3.22717e-07	2.54447e+11	9.79397e+06	0.000743902	0	-1.58205e-15
	 	 	10	4.88545e-08	2.54447e+11	9.79397e+06	0.000743902	0	1.58205e-16
	 	 	11	6.28969e-09	2.54447e+11	9.79397e+06	0.000743902	0	7.91025e-16
	 7	1.07611e-05	9.79397e+06	0.427853	0.903849	2.11252	0.000743902	3.59574e-16	7.91025e-16
		 Mass/AM Itteration # 	 convergence 	 p_core 	 a 	 omega_rot 	 edge corot 	 AM error 
	 	 	1	1	2.54439e+11	9.79565e+06	0.000743901	0	-7.91025e-16
	 	 	2	3.34955e-05	2.54448e+11	9.79569e+06	0.000743896	0	2.37307e-15
	 	 	3	1.53968e-05	2.54452e+11	9.7957e+06	0.000743895	0	-1.74025e-15
	 	 	4	4.16405e-06	2.54453e+11	9.7957e+06	0.000743895	0	-6.3282e-16
	 	 	5	7.95847e-07	2.54453e+11	9.7957e+06	0.000743895	0	6.3282e-16
	 	 	6	1.19436e-07	2.54453e+11	9.7957e+06	0.000743895	0	4.74615e-16
	 	 	7	1.47864e-08	2.54453e+11	9.7957e+06	0.000743895	0	0
	 	 	8	1.57697e-09	2.54453e+11	9.7957e+06	0.000743895	0	3.1641e-16
	 8	3.92497e-05	9.7957e+06	0.427774	0.903886	2.113	0.000743895	0	3.1641e-16
		 Mass/AM Itteration # 	 convergence 	 p_core 	 a 	 omega_rot 	 edge corot 	 AM error 
	 	 	1	1	2.54444e+11	9.79725e+06	0.000743884	0	-1.10743e-15
	 	 	2	4.06707e-05	2.54455e+11	9.79727e+06	0.000743882	0	-1.89846e-15
	 	 	3	1.67009e-05	2.54459e+11	9.79728e+06	0.000743881	0	1.58205e-16
	 	 	4	4.57488e-06	2.5446e+11	9.79728e+06	0.000743881	0	-1.42384e-15
	 	 	5	9.45716e-07	2.5446e+11	9.79728e+06	0.000743881	0	-2.05666e-15
	 	 	6	1.63201e-07	2.5446e+11	9.79728e+06	0.000743881	0	-4.74615e-16
	 	 	7	2.48418e-08	2.5446e+11	9.79728e+06	0.000743881	0	0
	 	 	8	3.45216e-09	2.5446e+11	9.79728e+06	0.000743881	0	0
	 9	3.99806e-05	9.79728e+06	0.427705	0.903918	2.11341	0.000743881	-1.79787e-16	0
		 Mass/AM Itteration # 	 convergence 	 p_core 	 a 	 omega_rot 	 edge corot 	 AM error 
	 	 	1	1	2.54452e+11	9.79502e+06	0.000745226	0	7.91025e-16
	 	 	2	0.00207056	2.53927e+11	9.8015e+06	0.000743376	0	-4.74615e-16
	 	 	3	0.00156271	2.54324e+11	9.79889e+06	0.000743793	0	-2.84769e-15
	 	 	4	0.00040858	2.54428e+11	9.79867e+06	0.000743856	0	-9.4923e-16
	 	 	5	0.000118555	2.54458e+11	9.79869e+06	0.00074386	0	-3.48051e-15
	 	 	6	3.34324e-05	2.54467e+11	9.7987e+06	0.000743859	0	-9.4923e-16
	 	 	7	8.25715e-06	2.54469e+11	9.7987e+06	0.000743859	0	1.89846e-15
	 	 	8	1.73193e-06	2.54469e+11	9.7987e+06	0.000743859	0	4.74615e-16
	 	 	9	3.08058e-07	2.54469e+11	9.7987e+06	0.000743859	0	7.91025e-16
	 	 	10	4.65865e-08	2.54469e+11	9.7987e+06	0.000743859	0	2.53128e-15
	 	 	11	5.98558e-09	2.54469e+11	9.7987e+06	0.000743859	0	-1.10743e-15
	 10	6.19443e-06	9.7987e+06	0.427645	0.903947	2.11378	0.000743859	-1.79787e-16	-1.10743e-15
		 Mass/AM Itteration # 	 convergence 	 p_core 	 a 	 omega_rot 	 edge corot 	 AM error 
	 	 	1	1	2.54465e+11	9.79977e+06	0.000743863	0	6.3282e-16
	 	 	2	1.68483e-05	2.54469e+11	9.7998e+06	0.000743858	0	-2.21487e-15
	 	 	3	8.65587e-06	2.54472e+11	9.79981e+06	0.000743858	0	1.42384e-15
	 	 	4	2.31331e-06	2.54472e+11	9.79981e+06	0.000743857	0	-4.74615e-16
	 	 	5	4.08878e-07	2.54472e+11	9.79981e+06	0.000743857	0	-1.74025e-15
	 	 	6	5.14419e-08	2.54472e+11	9.79981e+06	0.000743857	0	3.1641e-16
	 	 	7	4.20575e-09	2.54472e+11	9.79981e+06	0.000743857	0	-9.4923e-16
	 11	2.33732e-05	9.79981e+06	0.427593	0.903971	2.11409	0.000743857	-1.79787e-16	-9.4923e-16
		 Mass/AM Itteration # 	 convergence 	 p_core 	 a 	 omega_rot 	 edge corot 	 AM error 
	 	 	1	1	2.54466e+11	9.80083e+06	0.000743851	0	-1.89846e-15
	 	 	2	2.59679e-05	2.54473e+11	9.80085e+06	0.000743849	0	7.91025e-16
	 	 	3	1.08058e-05	2.54476e+11	9.80085e+06	0.000743849	0	2.53128e-15
	 	 	4	2.95479e-06	2.54477e+11	9.80085e+06	0.000743849	0	4.74615e-16
	 	 	5	6.04858e-07	2.54477e+11	9.80085e+06	0.000743849	0	3.1641e-15
	 	 	6	1.02734e-07	2.54477e+11	9.80085e+06	0.000743849	0	-6.3282e-16
	 	 	7	1.53241e-08	2.54477e+11	9.80085e+06	0.000743849	0	-2.21487e-15
	 	 	8	2.08515e-09	2.54477e+11	9.80085e+06	0.000743849	0	3.1641e-16
	 12	2.619e-05	9.80085e+06	0.427548	0.903993	2.11437	0.000743849	-3.59574e-16	3.1641e-16
		 Mass/AM Itteration # 	 convergence 	 p_core 	 a 	 omega_rot 	 edge corot 	 AM error 
	 	 	1	1	2.54471e+11	9.80176e+06	0.000743843	0	2.05666e-15
	 	 	2	2.36931e-05	2.54478e+11	9.80178e+06	0.000743841	0	2.84769e-15
	 	 	3	9.72706e-06	2.5448e+11	9.80178e+06	0.000743841	0	1.10743e-15
	 	 	4	2.65992e-06	2.54481e+11	9.80178e+06	0.000743841	0	6.3282e-16
	 	 	5	5.47969e-07	2.54481e+11	9.80178e+06	0.000743841	0	-1.10743e-15
	 	 	6	9.40644e-08	2.54481e+11	9.80178e+06	0.000743841	0	-4.74615e-16
	 	 	7	1.42201e-08	2.54481e+11	9.80178e+06	0.000743841	0	-2.21487e-15
	 	 	8	1.96147e-09	2.54481e+11	9.80178e+06	0.000743841	0	0
	 13	2.32812e-05	9.80178e+06	0.427507	0.904012	2.11461	0.000743841	-5.39361e-16	0
		 Mass/AM Itteration # 	 convergence 	 p_core 	 a 	 omega_rot 	 edge corot 	 AM error 
	 	 	1	1	2.54476e+11	9.80258e+06	0.000743835	0	-4.74615e-16
	 	 	2	2.10597e-05	2.54481e+11	9.80259e+06	0.000743834	0	-6.3282e-16
	 	 	3	8.60595e-06	2.54484e+11	9.80259e+06	0.000743834	0	-1.42384e-15
	 	 	4	2.35262e-06	2.54484e+11	9.80259e+06	0.000743834	0	2.68948e-15
	 	 	5	4.85415e-07	2.54484e+11	9.80259e+06	0.000743834	0	-3.1641e-16
	 	 	6	8.35455e-08	2.54484e+11	9.80259e+06	0.000743834	0	1.10743e-15
	 	 	7	1.26705e-08	2.54484e+11	9.80259e+06	0.000743834	0	0
	 	 	8	1.75318e-09	2.54484e+11	9.80259e+06	0.000743834	0	-3.1641e-16
	 14	2.04915e-05	9.80259e+06	0.427472	0.904029	2.11483	0.000743834	0	-3.1641e-16
		 Mass/AM Itteration # 	 convergence 	 p_core 	 a 	 omega_rot 	 edge corot 	 AM error 
	 	 	1	1	2.5448e+11	9.8033e+06	0.000743829	0	-4.74615e-16
	 	 	2	1.85755e-05	2.54485e+11	9.80331e+06	0.000743828	0	-2.21487e-15
	 	 	3	7.5781e-06	2.54487e+11	9.80331e+06	0.000743828	0	-4.74615e-16
	 	 	4	2.071e-06	2.54487e+11	9.80331e+06	0.000743828	0	1.42384e-15
	 	 	5	4.27377e-07	2.54487e+11	9.80331e+06	0.000743828	0	1.58205e-15
	 	 	6	7.35807e-08	2.54488e+11	9.80331e+06	0.000743828	0	-7.91025e-16
	 	 	7	1.11632e-08	2.54488e+11	9.80331e+06	0.000743828	0	-4.74615e-15
	 	 	8	1.54501e-09	2.54488e+11	9.80331e+06	0.000743828	0	1.42384e-15
	 15	1.80072e-05	9.80331e+06	0.42744	0.904044	2.11502	0.000743828	0	1.42384e-15
		 Mass/AM Itteration # 	 convergence 	 p_core 	 a 	 omega_rot 	 edge corot 	 AM error 
	 	 	1	1	2.54484e+11	9.80016e+06	0.000745239	0	-2.68948e-15
	 	 	2	0.00218446	2.53929e+11	9.80692e+06	0.000743307	0	-6.3282e-16
	 	 	3	0.00162363	2.54342e+11	9.80419e+06	0.000743743	0	4.74615e-16
	 	 	4	0.000424333	2.5445e+11	9.80395e+06	0.00074381	0	0
	 	 	5	0.000123287	2.54481e+11	9.80397e+06	0.000743813	0	1.26564e-15
	 	 	6	3.48234e-05	2.5449e+11	9.80398e+06	0.000743812	0	-4.74615e-16
	 	 	7	8.60913e-06	2.54492e+11	9.80398e+06	0.000743812	0	-3.1641e-16
	 	 	8	1.80632e-06	2.54493e+11	9.80398e+06	0.000743812	0	-1.42384e-15
	 	 	9	3.21184e-07	2.54493e+11	9.80398e+06	0.000743812	0	2.37307e-15
	 	 	10	4.85226e-08	2.54493e+11	9.80398e+06	0.000743812	0	-7.91025e-16
	 	 	11	6.22294e-09	2.54493e+11	9.80398e+06	0.000743812	0	2.53128e-15
	 16	2.72606e-05	9.80398e+06	0.427412	0.904057	2.11519	0.000743812	-1.79787e-16	2.53128e-15
		 Mass/AM Itteration # 	 convergence 	 p_core 	 a 	 omega_rot 	 edge corot 	 AM error 
	 	 	1	1	2.54493e+11	9.80441e+06	0.000743822	0	3.1641e-16
	 	 	2	1.21075e-06	2.54492e+11	9.80443e+06	0.000743818	0	1.26564e-15
	 	 	3	1.41726e-06	2.54493e+11	9.80444e+06	0.000743817	0	-3.1641e-16
	 	 	4	3.26557e-07	2.54493e+11	9.80444e+06	0.000743817	0	6.3282e-16
	 	 	5	8.16014e-09	2.54493e+11	9.80444e+06	0.000743817	0	1.58205e-16
	 17	6.38293e-06	9.80444e+06	0.42739	0.904068	2.11532	0.000743817	0	1.58205e-16
		 Mass/AM Itteration # 	 convergence 	 p_core 	 a 	 omega_rot 	 edge corot 	 AM error 
	 	 	1	1	2.5449e+11	9.80491e+06	0.000743815	0	1.74025e-15
	 	 	2	1.07335e-05	2.54493e+11	9.80492e+06	0.000743814	0	2.37307e-15
	 	 	3	4.6583e-06	2.54494e+11	9.80492e+06	0.000743814	0	1.10743e-15
	 	 	4	1.27045e-06	2.54494e+11	9.80492e+06	0.000743814	0	-2.68948e-15
	 	 	5	2.53639e-07	2.54495e+11	9.80492e+06	0.000743814	0	3.1641e-16
	 	 	6	4.12649e-08	2.54495e+11	9.80492e+06	0.000743814	0	-6.3282e-16
	 	 	7	5.80609e-09	2.54495e+11	9.80492e+06	0.000743814	0	2.05666e-15
	 18	1.17238e-05	9.80492e+06	0.427369	0.904077	2.11545	0.000743814	3.59574e-16	2.05666e-15
		 Mass/AM Itteration # 	 convergence 	 p_core 	 a 	 omega_rot 	 edge corot 	 AM error 
	 	 	1	1	2.54492e+11	9.80534e+06	0.000743812	0	-1.10743e-15
	 	 	2	1.05336e-05	2.54495e+11	9.80535e+06	0.000743811	0	-2.05666e-15
	 	 	3	4.40986e-06	2.54496e+11	9.80535e+06	0.000743811	0	-1.42384e-15
	 	 	4	1.20365e-06	2.54496e+11	9.80535e+06	0.000743811	0	2.05666e-15
	 	 	5	2.4476e-07	2.54496e+11	9.80535e+06	0.000743811	0	-2.21487e-15
	 	 	6	4.11222e-08	2.54496e+11	9.80535e+06	0.000743811	0	-2.68948e-15
	 	 	7	6.04616e-09	2.54496e+11	9.80535e+06	0.000743811	0	-4.74615e-16
	 19	1.07598e-05	9.80535e+06	0.42735	0.904086	2.11556	0.000743811	1.79787e-16	-4.74615e-16
		 Mass/AM Itteration # 	 convergence 	 p_core 	 a 	 omega_rot 	 edge corot 	 AM error 
	 	 	1	1	2.54494e+11	9.80573e+06	0.000743808	0	-1.89846e-15
	 	 	2	9.66794e-06	2.54497e+11	9.80574e+06	0.000743808	0	-1.58205e-16
	 	 	3	3.99625e-06	2.54498e+11	9.80574e+06	0.000743808	0	3.1641e-16
	 	 	4	1.0907e-06	2.54498e+11	9.80574e+06	0.000743808	0	-3.3223e-15
	 	 	5	2.23101e-07	2.54498e+11	9.80574e+06	0.000743808	0	4.74615e-16
	 	 	6	3.78613e-08	2.54498e+11	9.80574e+06	0.000743808	0	4.74615e-16
	 	 	7	5.63948e-09	2.54498e+11	9.80574e+06	0.000743808	0	-2.21487e-15
	 20	9.62326e-06	9.80574e+06	0.427333	0.904094	2.11567	0.000743808	-1.79787e-16	-2.21487e-15
		 Mass/AM Itteration # 	 convergence 	 p_core 	 a 	 omega_rot 	 edge corot 	 AM error 
	 	 	1	1	2.54496e+11	9.80608e+06	0.000743805	0	-9.4923e-16
	 	 	2	8.69112e-06	2.54498e+11	9.80608e+06	0.000743805	0	-1.74025e-15
	 	 	3	3.57207e-06	2.54499e+11	9.80608e+06	0.000743805	0	-7.91025e-16
	 	 	4	9.74787e-07	2.54499e+11	9.80608e+06	0.000743805	0	-1.10743e-15
	 	 	5	1.9987e-07	2.54499e+11	9.80608e+06	0.000743805	0	1.89846e-15
	 	 	6	3.40576e-08	2.54499e+11	9.80608e+06	0.000743805	0	-3.1641e-16
	 	 	7	5.09925e-09	2.54499e+11	9.80608e+06	0.000743805	0	7.91025e-16
	 21	8.54978e-06	9.80608e+06	0.427318	0.904101	2.11576	0.000743805	0	7.91025e-16
		 Mass/AM Itteration # 	 convergence 	 p_core 	 a 	 omega_rot 	 edge corot 	 AM error 
	 	 	1	1	2.54497e+11	9.80638e+06	0.000743803	0	1.42384e-15
	 	 	2	7.73916e-06	2.54499e+11	9.80639e+06	0.000743803	0	3.1641e-16
	 	 	3	3.17333e-06	2.545e+11	9.80639e+06	0.000743802	0	2.21487e-15
	 	 	4	8.65835e-07	2.545e+11	9.80639e+06	0.000743802	0	1.10743e-15
	 	 	5	1.77671e-07	2.54501e+11	9.80639e+06	0.000743802	0	2.84769e-15
	 	 	6	3.03166e-08	2.54501e+11	9.80639e+06	0.000743802	0	-1.42384e-15
	 	 	7	4.54693e-09	2.54501e+11	9.80639e+06	0.000743802	0	1.58205e-16
	 22	7.57586e-06	9.80639e+06	0.427305	0.904108	2.11584	0.000743802	1.79787e-16	1.58205e-16
		 Mass/AM Itteration # 	 convergence 	 p_core 	 a 	 omega_rot 	 edge corot 	 AM error 
	 	 	1	1	2.54499e+11	9.80665e+06	0.000743801	0	6.3282e-16
	 	 	2	6.86463e-06	2.54501e+11	9.80665e+06	0.0007438	0	-2.05666e-15
	 	 	3	2.81236e-06	2.54501e+11	9.80666e+06	0.0007438	0	1.26564e-15
	 	 	4	7.67236e-07	2.54502e+11	9.80666e+06	0.0007438	0	-1.10743e-15
	 	 	5	1.57455e-07	2.54502e+11	9.80666e+06	0.0007438	0	-6.3282e-16
	 	 	6	2.68729e-08	2.54502e+11	9.80666e+06	0.0007438	0	-1.42384e-15
	 	 	7	4.03143e-09	2.54502e+11	9.80666e+06	0.0007438	0	3.1641e-16
	 23	6.70749e-06	9.80666e+06	0.427293	0.904113	2.11591	0.0007438	-1.79787e-16	3.1641e-16
		 Mass/AM Itteration # 	 convergence 	 p_core 	 a 	 omega_rot 	 edge corot 	 AM error 
	 	 	1	1	2.545e+11	9.80689e+06	0.000743799	0	-1.10743e-15
	 	 	2	6.08045e-06	2.54502e+11	9.80689e+06	0.000743798	0	1.10743e-15
	 	 	3	2.49068e-06	2.54502e+11	9.80689e+06	0.000743798	0	-1.58205e-16
	 	 	4	6.79395e-07	2.54503e+11	9.80689e+06	0.000743798	0	7.91025e-16
	 	 	5	1.39405e-07	2.54503e+11	9.80689e+06	0.000743798	0	3.1641e-16
	 	 	6	2.37862e-08	2.54503e+11	9.80689e+06	0.000743798	0	-1.26564e-15
	 	 	7	3.56716e-09	2.54503e+11	9.80689e+06	0.000743798	0	1.74025e-15
	 24	5.93868e-06	9.80689e+06	0.427282	0.904118	2.11597	0.000743798	-1.79787e-16	1.74025e-15
		 Mass/AM Itteration # 	 convergence 	 p_core 	 a 	 omega_rot 	 edge corot 	 AM error 
	 	 	1	1	2.54501e+11	9.8071e+06	0.000743797	0	1.58205e-16
	 	 	2	5.38444e-06	2.54503e+11	9.8071e+06	0.000743797	0	9.4923e-16
	 	 	3	2.20581e-06	2.54503e+11	9.80711e+06	0.000743797	0	-1.42384e-15
	 	 	4	6.01629e-07	2.54503e+11	9.80711e+06	0.000743797	0	-2.05666e-15
	 	 	5	1.23416e-07	2.54503e+11	9.80711e+06	0.000743797	0	3.1641e-16
	 	 	6	2.10494e-08	2.54503e+11	9.80711e+06	0.000743797	0	-4.74615e-16
	 	 	7	3.15501e-09	2.54503e+11	9.80711e+06	0.000743797	0	-2.37307e-15
	 25	5.25956e-06	9.80711e+06	0.427273	0.904123	2.11603	0.000743797	0	-2.37307e-15
		 Mass/AM Itteration # 	 convergence 	 p_core 	 a 	 omega_rot 	 edge corot 	 AM error 
	 	 	1	1	2.54502e+11	9.80729e+06	0.000743795	0	-7.91025e-16
	 	 	2	4.76891e-06	2.54504e+11	9.80729e+06	0.000743795	0	1.74025e-15
	 	 	3	1.95406e-06	2.54504e+11	9.80729e+06	0.000743795	0	6.3282e-16
	 	 	4	5.32921e-07	2.54504e+11	9.80729e+06	0.000743795	0	-3.1641e-16
	 	 	5	1.09291e-07	2.54504e+11	9.80729e+06	0.000743795	0	0
	 	 	6	1.86318e-08	2.54504e+11	9.80729e+06	0.000743795	0	-6.3282e-16
	 	 	7	2.79102e-09	2.54504e+11	9.80729e+06	0.000743795	0	-9.4923e-16
	 26	4.65999e-06	9.80729e+06	0.427265	0.904127	2.11608	0.000743795	-1.79787e-16	-9.4923e-16
		 Mass/AM Itteration # 	 convergence 	 p_core 	 a 	 omega_rot 	 edge corot 	 AM error 
	 	 	1	1	2.54503e+11	9.80746e+06	0.000743794	0	-9.4923e-16
	 	 	2	4.22516e-06	2.54504e+11	9.80746e+06	0.000743794	0	-1.58205e-16
	 	 	3	1.73168e-06	2.54505e+11	9.80746e+06	0.000743794	0	6.3282e-16
	 	 	4	4.72238e-07	2.54505e+11	9.80746e+06	0.000743794	0	-3.1641e-16
	 	 	5	9.68199e-08	2.54505e+11	9.80746e+06	0.000743794	0	-4.74615e-16
	 	 	6	1.64985e-08	2.54505e+11	9.80746e+06	0.000743794	0	-3.00589e-15
	 	 	7	2.47003e-09	2.54505e+11	9.80746e+06	0.000743794	0	-4.74615e-16
	 27	4.13044e-06	9.80746e+06	0.427258	0.90413	2.11612	0.000743794	1.79787e-16	-4.74615e-16
		 Mass/AM Itteration # 	 convergence 	 p_core 	 a 	 omega_rot 	 edge corot 	 AM error 
	 	 	1	1	2.54504e+11	9.8076e+06	0.000743793	0	-1.58205e-16
	 	 	2	3.74482e-06	2.54505e+11	9.80761e+06	0.000743793	0	2.21487e-15
	 	 	3	1.53519e-06	2.54505e+11	9.80761e+06	0.000743793	0	-1.74025e-15
	 	 	4	4.18627e-07	2.54505e+11	9.80761e+06	0.000743793	0	1.26564e-15
	 	 	5	8.5807e-08	2.54506e+11	9.80761e+06	0.000743793	0	1.42384e-15
	 	 	6	1.46159e-08	2.54506e+11	9.80761e+06	0.000743793	0	-3.1641e-16
	 	 	7	2.18702e-09	2.54506e+11	9.80761e+06	0.000743793	0	7.91025e-16
	 28	3.66249e-06	9.80761e+06	0.427251	0.904133	2.11616	0.000743793	-1.79787e-16	7.91025e-16
		 Mass/AM Itteration # 	 convergence 	 p_core 	 a 	 omega_rot 	 edge corot 	 AM error 
	 	 	1	1	2.54505e+11	9.80773e+06	0.000743792	0	-3.3223e-15
	 	 	2	3.32034e-06	2.54506e+11	9.80774e+06	0.000743792	0	6.3282e-16
	 	 	3	1.36149e-06	2.54506e+11	9.80774e+06	0.000743792	0	1.42384e-15
	 	 	4	3.7124e-07	2.54506e+11	9.80774e+06	0.000743792	0	4.74615e-16
	 	 	5	7.60764e-08	2.54506e+11	9.80774e+06	0.000743792	0	-2.21487e-15
	 	 	6	1.29536e-08	2.54506e+11	9.80774e+06	0.000743792	0	1.26564e-15
	 	 	7	1.93734e-09	2.54506e+11	9.80774e+06	0.000743792	0	1.89846e-15
	 29	3.2487e-06	9.80774e+06	0.427245	0.904136	2.1162	0.000743792	7.19148e-16	1.89846e-15
		 Mass/AM Itteration # 	 convergence 	 p_core 	 a 	 omega_rot 	 edge corot 	 AM error 
	 	 	1	1	2.54505e+11	9.80785e+06	0.000743791	0	2.84769e-15
	 	 	2	2.94503e-06	2.54506e+11	9.80785e+06	0.000743791	0	7.91025e-16
	 	 	3	1.20785e-06	2.54506e+11	9.80785e+06	0.000743791	0	-9.4923e-16
	 	 	4	3.2933e-07	2.54506e+11	9.80785e+06	0.000743791	0	-3.1641e-16
	 	 	5	6.74742e-08	2.54507e+11	9.80785e+06	0.000743791	0	2.37307e-15
	 	 	6	1.1485e-08	2.54507e+11	9.80785e+06	0.000743791	0	-1.42384e-15
	 	 	7	1.71695e-09	2.54507e+11	9.80785e+06	0.000743791	0	-1.10743e-15
	 30	2.88259e-06	9.80785e+06	0.42724	0.904138	2.11623	0.000743791	3.59574e-16	-1.10743e-15
		 Mass/AM Itteration # 	 convergence 	 p_core 	 a 	 omega_rot 	 edge corot 	 AM error 
	 	 	1	1	2.54506e+11	9.80795e+06	0.00074379	0	-1.58205e-15
	 	 	2	2.61296e-06	2.54507e+11	9.80796e+06	0.00074379	0	-3.63871e-15
	 	 	3	1.07186e-06	2.54507e+11	9.80796e+06	0.00074379	0	-1.89846e-15
	 	 	4	2.92238e-07	2.54507e+11	9.80796e+06	0.00074379	0	1.26564e-15
	 	 	5	5.98637e-08	2.54507e+11	9.80796e+06	0.00074379	0	-9.4923e-16
	 	 	6	1.01866e-08	2.54507e+11	9.80796e+06	0.00074379	0	-2.68948e-15
	 	 	7	1.52224e-09	2.54507e+11	9.80796e+06	0.00074379	0	1.74025e-15
	 31	2.55845e-06	9.80796e+06	0.427236	0.90414	2.11626	0.00074379	3.59574e-16	1.74025e-15
		 Mass/AM Itteration # 	 convergence 	 p_core 	 a 	 omega_rot 	 edge corot 	 AM error 
	 	 	1	1	2.54506e+11	9.80805e+06	0.000743789	0	3.1641e-15
	 	 	2	2.32029e-06	2.54507e+11	9.80805e+06	0.000743789	0	-3.1641e-16
	 	 	3	9.51756e-07	2.54507e+11	9.80805e+06	0.000743789	0	1.26564e-15
	 	 	4	2.59486e-07	2.54507e+11	9.80805e+06	0.000743789	0	-1.10743e-15
	 	 	5	5.3153e-08	2.54507e+11	9.80805e+06	0.000743789	0	-4.74615e-16
	 	 	6	9.04426e-09	2.54507e+11	9.80805e+06	0.000743789	0	-6.3282e-16
	 32	2.27166e-06	9.80805e+06	0.427232	0.904142	2.11628	0.000743789	5.39361e-16	-6.3282e-16
		 Mass/AM Itteration # 	 convergence 	 p_core 	 a 	 omega_rot 	 edge corot 	 AM error 
	 	 	1	1	2.54507e+11	9.80813e+06	0.000743789	0	3.1641e-16
	 	 	2	2.05646e-06	2.54507e+11	9.80813e+06	0.000743789	0	-7.91025e-16
	 	 	3	8.44173e-07	2.54508e+11	9.80813e+06	0.000743788	0	2.05666e-15
	 	 	4	2.30135e-07	2.54508e+11	9.80813e+06	0.000743788	0	-2.53128e-15
	 	 	5	4.71156e-08	2.54508e+11	9.80813e+06	0.000743788	0	1.58205e-16
	 	 	6	8.00988e-09	2.54508e+11	9.80813e+06	0.000743788	0	7.91025e-16
	 33	2.01626e-06	9.80813e+06	0.427228	0.904144	2.1163	0.000743788	-1.79787e-16	7.91025e-16
		 Mass/AM Itteration # 	 convergence 	 p_core 	 a 	 omega_rot 	 edge corot 	 AM error 
	 	 	1	1	2.54507e+11	9.8082e+06	0.000743788	0	1.58205e-16
	 	 	2	1.82898e-06	2.54508e+11	9.8082e+06	0.000743788	0	-4.74615e-16
	 	 	3	7.50453e-07	2.54508e+11	9.8082e+06	0.000743788	0	-1.58205e-16
	 	 	4	2.04585e-07	2.54508e+11	9.8082e+06	0.000743788	0	-1.58205e-15
	 	 	5	4.18936e-08	2.54508e+11	9.8082e+06	0.000743788	0	-1.10743e-15
	 	 	6	7.12465e-09	2.54508e+11	9.8082e+06	0.000743788	0	-1.10743e-15
	 34	1.79163e-06	9.8082e+06	0.427225	0.904145	2.11632	0.000743788	3.59574e-16	-1.10743e-15
		 Mass/AM Itteration # 	 convergence 	 p_core 	 a 	 omega_rot 	 edge corot 	 AM error 
	 	 	1	1	2.54508e+11	9.80826e+06	0.000743788	0	-1.10743e-15
	 	 	2	1.62376e-06	2.54508e+11	9.80826e+06	0.000743787	0	-1.58205e-16
	 	 	3	6.66412e-07	2.54508e+11	9.80826e+06	0.000743787	0	-3.1641e-16
	 	 	4	1.81668e-07	2.54508e+11	9.80826e+06	0.000743787	0	-9.4923e-16
	 	 	5	3.71938e-08	2.54508e+11	9.80826e+06	0.000743787	0	6.3282e-16
	 	 	6	6.32343e-09	2.54508e+11	9.80826e+06	0.000743787	0	-4.90435e-15
	 35	1.59135e-06	9.80826e+06	0.427222	0.904147	2.11634	0.000743787	5.39361e-16	-4.90435e-15
		 Mass/AM Itteration # 	 convergence 	 p_core 	 a 	 omega_rot 	 edge corot 	 AM error 
	 	 	1	1	2.54508e+11	9.80832e+06	0.000743787	0	1.26564e-15
	 	 	2	1.44221e-06	2.54508e+11	9.80832e+06	0.000743787	0	1.10743e-15
	 	 	3	5.91987e-07	2.54508e+11	9.80832e+06	0.000743787	0	-1.58205e-16
	 	 	4	1.61376e-07	2.54508e+11	9.80832e+06	0.000743787	0	3.3223e-15
	 	 	5	3.30353e-08	2.54508e+11	9.80832e+06	0.000743787	0	2.53128e-15
	 	 	6	5.61532e-09	2.54508e+11	9.80832e+06	0.000743787	0	1.42384e-15
	 36	1.4138e-06	9.80832e+06	0.42722	0.904148	2.11635	0.000743787	-1.79787e-16	1.42384e-15
		 Mass/AM Itteration # 	 convergence 	 p_core 	 a 	 omega_rot 	 edge corot 	 AM error 
	 	 	1	1	2.54508e+11	9.80837e+06	0.000743787	0	-1.58205e-16
	 	 	2	1.28206e-06	2.54508e+11	9.80837e+06	0.000743787	0	1.10743e-15
	 	 	3	5.26171e-07	2.54509e+11	9.80837e+06	0.000743787	0	7.91025e-16
	 	 	4	1.43433e-07	2.54509e+11	9.80837e+06	0.000743787	0	-3.1641e-16
	 	 	5	2.93636e-08	2.54509e+11	9.80837e+06	0.000743787	0	-2.53128e-15
	 	 	6	4.99161e-09	2.54509e+11	9.80837e+06	0.000743787	0	-9.4923e-16
	 37	1.25646e-06	9.80837e+06	0.427217	0.904149	2.11637	0.000743787	1.79787e-16	-9.4923e-16
		 Mass/AM Itteration # 	 convergence 	 p_core 	 a 	 omega_rot 	 edge corot 	 AM error 
	 	 	1	1	2.54508e+11	9.80842e+06	0.000743786	0	-6.3282e-16
	 	 	2	1.13711e-06	2.54509e+11	9.80842e+06	0.000743786	0	0
	 	 	3	4.67055e-07	2.54509e+11	9.80842e+06	0.000743786	0	9.4923e-16
	 	 	4	1.27311e-07	2.54509e+11	9.80842e+06	0.000743786	0	-1.42384e-15
	 	 	5	2.60505e-08	2.54509e+11	9.80842e+06	0.000743786	0	3.48051e-15
	 	 	6	4.42483e-09	2.54509e+11	9.80842e+06	0.000743786	0	1.58205e-16
	 38	1.11608e-06	9.80842e+06	0.427215	0.90415	2.11638	0.000743786	0	1.58205e-16
		 Mass/AM Itteration # 	 convergence 	 p_core 	 a 	 omega_rot 	 edge corot 	 AM error 
	 	 	1	1	2.54509e+11	9.80846e+06	0.000743786	0	-1.58205e-16
	 	 	2	1.01229e-06	2.54509e+11	9.80846e+06	0.000743786	0	-1.58205e-16
	 	 	3	4.15551e-07	2.54509e+11	9.80846e+06	0.000743786	0	3.1641e-16
	 	 	4	1.13273e-07	2.54509e+11	9.80846e+06	0.000743786	0	-1.58205e-16
	 	 	5	2.31846e-08	2.54509e+11	9.80846e+06	0.000743786	0	3.00589e-15
	 	 	6	3.93994e-09	2.54509e+11	9.80846e+06	0.000743786	0	7.91025e-16
	 39	9.92467e-07	9.80846e+06	0.427214	0.904151	2.11639	0.000743786	3.59574e-16	7.91025e-16
		 Mass/AM Itteration # 	 convergence 	 p_core 	 a 	 omega_rot 	 edge corot 	 AM error 
	 	 	1	1	2.54509e+11	9.80849e+06	0.000743786	0	0
	 	 	2	8.99292e-07	2.54509e+11	9.80849e+06	0.000743786	0	-4.74615e-16
	 	 	3	3.69248e-07	2.54509e+11	9.80849e+06	0.000743786	0	-3.1641e-16
	 	 	4	1.0065e-07	2.54509e+11	9.80849e+06	0.000743786	0	-3.1641e-16
	 	 	5	2.0598e-08	2.54509e+11	9.80849e+06	0.000743786	0	0
	 	 	6	3.49955e-09	2.54509e+11	9.80849e+06	0.000743786	0	6.3282e-16
	 40	8.82072e-07	9.80849e+06	0.427212	0.904151	2.1164	0.000743786	-3.59574e-16	6.3282e-16
		 Mass/AM Itteration # 	 convergence 	 p_core 	 a 	 omega_rot 	 edge corot 	 AM error 
	 	 	1	1	2.54509e+11	9.80852e+06	0.000743785	0	1.89846e-15
	 	 	2	7.99321e-07	2.54509e+11	9.80852e+06	0.000743785	0	-1.89846e-15
	 	 	3	3.28222e-07	2.54509e+11	9.80852e+06	0.000743785	0	3.3223e-15
	 	 	4	8.94652e-08	2.54509e+11	9.80852e+06	0.000743785	0	2.21487e-15
	 	 	5	1.83078e-08	2.54509e+11	9.80852e+06	0.000743785	0	4.74615e-15
	 	 	6	3.11009e-09	2.54509e+11	9.80852e+06	0.000743785	0	9.4923e-16
	 41	7.84112e-07	9.80852e+06	0.427211	0.904152	2.11641	0.000743785	0	9.4923e-16
		 Mass/AM Itteration # 	 convergence 	 p_core 	 a 	 omega_rot 	 edge corot 	 AM error 
	 	 	1	1	2.54509e+11	9.80855e+06	0.000743785	0	-2.84769e-15
	 	 	2	7.10526e-07	2.54509e+11	9.80855e+06	0.000743785	0	-2.21487e-15
	 	 	3	2.91781e-07	2.54509e+11	9.80855e+06	0.000743785	0	2.21487e-15
	 	 	4	7.95314e-08	2.54509e+11	9.80855e+06	0.000743785	0	0
	 	 	5	1.62741e-08	2.54509e+11	9.80855e+06	0.000743785	0	1.42384e-15
	 	 	6	2.76435e-09	2.54509e+11	9.80855e+06	0.000743785	0	-9.4923e-16
	 42	6.97097e-07	9.80855e+06	0.427209	0.904153	2.11642	0.000743785	3.59574e-16	-9.4923e-16
		 Mass/AM Itteration # 	 convergence 	 p_core 	 a 	 omega_rot 	 edge corot 	 AM error 
	 	 	1	1	2.54509e+11	9.80858e+06	0.000743785	0	-2.05666e-15
	 	 	2	6.31662e-07	2.54509e+11	9.80858e+06	0.000743785	0	-1.74025e-15
	 	 	3	2.59409e-07	2.54509e+11	9.80858e+06	0.000743785	0	0
	 	 	4	7.07073e-08	2.54509e+11	9.80858e+06	0.000743785	0	-6.3282e-16
	 	 	5	1.44678e-08	2.54509e+11	9.80858e+06	0.000743785	0	-3.1641e-16
	 	 	6	2.45734e-09	2.54509e+11	9.80858e+06	0.000743785	0	1.58205e-15
	 43	6.19787e-07	9.80858e+06	0.427208	0.904153	2.11642	0.000743785	1.79787e-16	1.58205e-15
		 Mass/AM Itteration # 	 convergence 	 p_core 	 a 	 omega_rot 	 edge corot 	 AM error 
	 	 	1	1	2.54509e+11	9.8086e+06	0.000743785	0	1.58205e-16
	 	 	2	5.61599e-07	2.54509e+11	9.8086e+06	0.000743785	0	3.1641e-16
	 	 	3	2.30646e-07	2.54509e+11	9.8086e+06	0.000743785	0	-4.74615e-15
	 	 	4	6.28666e-08	2.54509e+11	9.8086e+06	0.000743785	0	-1.58205e-15
	 	 	5	1.28629e-08	2.54509e+11	9.8086e+06	0.000743785	0	-3.1641e-15
	 	 	6	2.18461e-09	2.54509e+11	9.8086e+06	0.000743785	0	-1.74025e-15
	 44	5.51084e-07	9.8086e+06	0.427207	0.904154	2.11643	0.000743785	3.59574e-16	-1.74025e-15
		 Mass/AM Itteration # 	 convergence 	 p_core 	 a 	 omega_rot 	 edge corot 	 AM error 
	 	 	1	1	2.54509e+11	9.80862e+06	0.000743785	0	1.26564e-15
	 	 	2	4.99362e-07	2.5451e+11	9.80862e+06	0.000743785	0	1.10743e-15
	 	 	3	2.05089e-07	2.5451e+11	9.80862e+06	0.000743785	0	-1.74025e-15
	 	 	4	5.58998e-08	2.5451e+11	9.80862e+06	0.000743785	0	4.74615e-16
	 	 	5	1.14371e-08	2.5451e+11	9.80862e+06	0.000743785	0	-6.3282e-16
	 	 	6	1.94235e-09	2.5451e+11	9.80862e+06	0.000743785	0	7.91025e-16
	 45	4.90027e-07	9.80862e+06	0.427206	0.904154	2.11643	0.000743785	3.59574e-16	7.91025e-16
		 Mass/AM Itteration # 	 convergence 	 p_core 	 a 	 omega_rot 	 edge corot 	 AM error 
	 	 	1	1	2.54509e+11	9.80864e+06	0.000743785	0	3.1641e-16
	 	 	2	4.44e-07	2.5451e+11	9.80864e+06	0.000743785	0	-6.3282e-16
	 	 	3	1.82364e-07	2.5451e+11	9.80864e+06	0.000743785	0	1.26564e-15
	 	 	4	4.97058e-08	2.5451e+11	9.80864e+06	0.000743785	0	-6.3282e-16
	 	 	5	1.01694e-08	2.5451e+11	9.80864e+06	0.000743784	0	3.1641e-16
	 	 	6	1.72696e-09	2.5451e+11	9.80864e+06	0.000743784	0	-1.42384e-15
	 46	4.35757e-07	9.80864e+06	0.427206	0.904154	2.11644	0.000743784	1.79787e-16	-1.42384e-15
		 Mass/AM Itteration # 	 convergence 	 p_core 	 a 	 omega_rot 	 edge corot 	 AM error 
	 	 	1	1	2.5451e+11	9.80865e+06	0.000743784	0	1.58205e-16
	 	 	2	3.94856e-07	2.5451e+11	9.80865e+06	0.000743784	0	9.4923e-16
	 	 	3	1.62176e-07	2.5451e+11	9.80865e+06	0.000743784	0	-2.05666e-15
	 	 	4	4.42027e-08	2.5451e+11	9.80865e+06	0.000743784	0	9.4923e-16
	 	 	5	9.04334e-09	2.5451e+11	9.80865e+06	0.000743784	0	2.53128e-15
	 47	3.87506e-07	9.80865e+06	0.427205	0.904155	2.11644	0.000743784	-1.79787e-16	2.53128e-15
		 Mass/AM Itteration # 	 convergence 	 p_core 	 a 	 omega_rot 	 edge corot 	 AM error 
	 	 	1	1	2.5451e+11	9.80867e+06	0.000743784	0	7.91025e-16
	 	 	2	3.51301e-07	2.5451e+11	9.80867e+06	0.000743784	0	-7.91025e-16
	 	 	3	1.44244e-07	2.5451e+11	9.80867e+06	0.000743784	0	2.05666e-15
	 	 	4	3.93114e-08	2.5451e+11	9.80867e+06	0.000743784	0	1.74025e-15
	 	 	5	8.04214e-09	2.5451e+11	9.80867e+06	0.000743784	0	-1.42384e-15
	 48	3.44619e-07	9.80867e+06	0.427204	0.904155	2.11645	0.000743784	1.79787e-16	-1.42384e-15
		 Mass/AM Itteration # 	 convergence 	 p_core 	 a 	 omega_rot 	 edge corot 	 AM error 
	 	 	1	1	2.5451e+11	9.80868e+06	0.000743784	0	-2.05666e-15
	 	 	2	3.12445e-07	2.5451e+11	9.80868e+06	0.000743784	0	0
	 	 	3	1.28286e-07	2.5451e+11	9.80868e+06	0.000743784	0	3.63871e-15
	 	 	4	3.49615e-08	2.5451e+11	9.80868e+06	0.000743784	0	1.58205e-15
	 	 	5	7.15208e-09	2.5451e+11	9.80868e+06	0.000743784	0	-2.05666e-15
	 49	3.06486e-07	9.80868e+06	0.427204	0.904155	2.11645	0.000743784	1.79787e-16	-2.05666e-15
		 Mass/AM Itteration # 	 convergence 	 p_core 	 a 	 omega_rot 	 edge corot 	 AM error 
	 	 	1	1	2.5451e+11	9.80869e+06	0.000743784	0	1.26564e-15
	 	 	2	2.78533e-07	2.5451e+11	9.80869e+06	0.000743784	0	0
	 	 	3	1.14255e-07	2.5451e+11	9.80869e+06	0.000743784	0	3.00589e-15
	 	 	4	3.114e-08	2.5451e+11	9.80869e+06	0.000743784	0	-1.74025e-15
	 	 	5	6.37409e-09	2.5451e+11	9.80869e+06	0.000743784	0	6.3282e-16
	 50	2.7275e-07	9.80869e+06	0.427203	0.904156	2.11645	0.000743784	-1.79787e-16	6.3282e-16
		 Mass/AM Itteration # 	 convergence 	 p_core 	 a 	 omega_rot 	 edge corot 	 AM error 
	 	 	1	1	2.5451e+11	9.8087e+06	0.000743784	0	-1.10743e-15
	 	 	2	2.46799e-07	2.5451e+11	9.8087e+06	0.000743784	0	9.4923e-16
	 	 	3	1.01375e-07	2.5451e+11	9.8087e+06	0.000743784	0	-6.3282e-16
	 	 	4	2.76272e-08	2.5451e+11	9.8087e+06	0.000743784	0	6.3282e-16
	 	 	5	5.6504e-09	2.5451e+11	9.8087e+06	0.000743784	0	-3.00589e-15
	 51	2.42313e-07	9.8087e+06	0.427203	0.904156	2.11646	0.000743784	1.79787e-16	-3.00589e-15
		 Mass/AM Itteration # 	 convergence 	 p_core 	 a 	 omega_rot 	 edge corot 	 AM error 
	 	 	1	1	2.5451e+11	9.80871e+06	0.000743784	0	9.4923e-16
	 	 	2	2.185e-07	2.5451e+11	9.80871e+06	0.000743784	0	-1.74025e-15
	 	 	3	8.99293e-08	2.5451e+11	9.80871e+06	0.000743784	0	4.58794e-15
	 	 	4	2.45054e-08	2.5451e+11	9.80871e+06	0.000743784	0	-2.37307e-15
	 	 	5	5.00612e-09	2.5451e+11	9.80871e+06	0.000743784	0	-9.4923e-16
	 52	2.15303e-07	9.80871e+06	0.427203	0.904156	2.11646	0.000743784	3.59574e-16	-9.4923e-16
		 Mass/AM Itteration # 	 convergence 	 p_core 	 a 	 omega_rot 	 edge corot 	 AM error 
	 	 	1	1	2.5451e+11	9.80872e+06	0.000743784	0	-3.3223e-15
	 	 	2	1.96963e-07	2.5451e+11	9.80872e+06	0.000743784	0	-3.1641e-16
	 	 	3	8.06521e-08	2.5451e+11	9.80872e+06	0.000743784	0	1.42384e-15
	 	 	4	2.1983e-08	2.5451e+11	9.80872e+06	0.000743784	0	-9.4923e-16
	 	 	5	4.5041e-09	2.5451e+11	9.80872e+06	0.000743784	0	2.21487e-15
	 53	1.92204e-07	9.80872e+06	0.427202	0.904156	2.11646	0.000743784	0	2.21487e-15
		 Mass/AM Itteration # 	 convergence 	 p_core 	 a 	 omega_rot 	 edge corot 	 AM error 
	 	 	1	1	2.5451e+11	9.80872e+06	0.000743784	0	3.1641e-16
	 	 	2	1.73677e-07	2.5451e+11	9.80872e+06	0.000743784	0	6.3282e-16
	 	 	3	7.13354e-08	2.5451e+11	9.80872e+06	0.000743784	0	3.1641e-16
	 	 	4	1.94408e-08	2.5451e+11	9.80872e+06	0.000743784	0	6.3282e-16
	 	 	5	3.97628e-09	2.5451e+11	9.80872e+06	0.000743784	0	-1.26564e-15
	 54	1.70508e-07	9.80872e+06	0.427202	0.904156	2.11646	0.000743784	-3.59574e-16	-1.26564e-15
		 Mass/AM Itteration # 	 convergence 	 p_core 	 a 	 omega_rot 	 edge corot 	 AM error 
	 	 	1	1	2.5451e+11	9.80873e+06	0.000743784	0	1.42384e-15
	 	 	2	1.53257e-07	2.5451e+11	9.80873e+06	0.000743784	0	1.58205e-16
	 	 	3	6.31573e-08	2.5451e+11	9.80873e+06	0.000743784	0	3.1641e-16
	 	 	4	1.72086e-08	2.5451e+11	9.80873e+06	0.000743784	0	7.91025e-16
	 	 	5	3.51269e-09	2.5451e+11	9.80873e+06	0.000743784	0	-1.26564e-15
	 55	1.51377e-07	9.80873e+06	0.427202	0.904156	2.11646	0.000743784	-3.59574e-16	-1.26564e-15
		 Mass/AM Itteration # 	 convergence 	 p_core 	 a 	 omega_rot 	 edge corot 	 AM error 
	 	 	1	1	2.5451e+11	9.80873e+06	0.000743784	0	3.00589e-15
	 	 	2	1.38338e-07	2.5451e+11	9.80873e+06	0.000743784	0	-9.4923e-16
	 	 	3	5.67013e-08	2.5451e+11	9.80873e+06	0.000743784	0	-6.3282e-16
	 	 	4	1.54538e-08	2.5451e+11	9.80873e+06	0.000743784	0	1.26564e-15
	 	 	5	3.16443e-09	2.5451e+11	9.80873e+06	0.000743784	0	9.4923e-16
	 56	1.35221e-07	9.80873e+06	0.427201	0.904156	2.11646	0.000743784	-3.59574e-16	9.4923e-16
		 Mass/AM Itteration # 	 convergence 	 p_core 	 a 	 omega_rot 	 edge corot 	 AM error 
	 	 	1	1	2.5451e+11	9.80874e+06	0.000743784	0	-3.63871e-15
	 	 	2	1.23273e-07	2.5451e+11	9.80874e+06	0.000743784	0	4.74615e-16
	 	 	3	5.04714e-08	2.5451e+11	9.80874e+06	0.000743784	0	0
	 	 	4	1.37567e-08	2.5451e+11	9.80874e+06	0.000743784	0	-9.4923e-16
	 	 	5	2.81878e-09	2.5451e+11	9.80874e+06	0.000743784	0	1.42384e-15
	 57	1.20284e-07	9.80874e+06	0.427201	0.904157	2.11647	0.000743784	-1.79787e-16	1.42384e-15
		 Mass/AM Itteration # 	 convergence 	 p_core 	 a 	 omega_rot 	 edge corot 	 AM error 
	 	 	1	1	2.5451e+11	9.80874e+06	0.000743784	0	1.42384e-15
	 	 	2	1.07495e-07	2.5451e+11	9.80513e+06	0.00074514	0	-9.4923e-16
	 	 	3	0.00210964	2.53974e+11	9.81161e+06	0.000743289	0	-4.74615e-16
	 	 	4	0.00155028	2.54369e+11	9.80898e+06	0.000743707	0	9.4923e-16
	 	 	5	0.000404972	2.54472e+11	9.80875e+06	0.000743771	0	1.26564e-15
	 	 	6	0.000117787	2.54502e+11	9.80877e+06	0.000743775	0	2.53128e-15
	 	 	7	3.33136e-05	2.5451e+11	9.80878e+06	0.000743774	0	1.58205e-16
	 	 	8	8.24211e-06	2.54512e+11	9.80879e+06	0.000743773	0	4.74615e-16
	 	 	9	1.72965e-06	2.54513e+11	9.80879e+06	0.000743773	0	1.58205e-15
	 	 	10	3.0744e-07	2.54513e+11	9.80879e+06	0.000743773	0	7.91025e-16
	 	 	11	4.64006e-08	2.54513e+11	9.80879e+06	0.000743773	0	-1.42384e-15
	 	 	12	5.94047e-09	2.54513e+11	9.80879e+06	0.000743773	0	-7.91025e-16
	 58	4.11971e-05	9.80879e+06	0.427201	0.904157	2.11647	0.000743773	-1.79787e-16	-7.91025e-16
		 Mass/AM Itteration # 	 convergence 	 p_core 	 a 	 omega_rot 	 edge corot 	 AM error 
	 	 	1	1	2.54516e+11	9.8087e+06	0.000743789	0	4.74615e-16
	 	 	2	1.72614e-05	2.54511e+11	9.80872e+06	0.000743785	0	-2.05666e-15
	 	 	3	4.72839e-06	2.5451e+11	9.80873e+06	0.000743785	0	4.74615e-16
	 	 	4	1.36182e-06	2.5451e+11	9.80872e+06	0.000743785	0	9.4923e-16
	 	 	5	3.70941e-07	2.5451e+11	9.80872e+06	0.000743785	0	1.58205e-16
	 	 	6	8.87315e-08	2.5451e+11	9.80872e+06	0.000743785	0	6.3282e-16
	 	 	7	1.81767e-08	2.5451e+11	9.80872e+06	0.000743785	0	1.58205e-15
	 	 	8	3.17784e-09	2.5451e+11	9.80872e+06	0.000743785	0	1.26564e-15
	 59	7.14087e-06	9.80872e+06	0.427202	0.904156	2.11646	0.000743785	0	1.26564e-15
		 Mass/AM Itteration # 	 convergence 	 p_core 	 a 	 omega_rot 	 edge corot 	 AM error 
	 	 	1	1	2.5451e+11	9.80874e+06	0.000743784	0	-2.37307e-15
	 	 	2	1.10592e-06	2.5451e+11	9.80874e+06	0.000743784	0	1.10743e-15
	 	 	3	3.52584e-07	2.5451e+11	9.80874e+06	0.000743784	0	-9.4923e-16
	 	 	4	1.04312e-07	2.5451e+11	9.80874e+06	0.000743784	0	1.42384e-15
	 	 	5	2.73435e-08	2.5451e+11	9.80874e+06	0.000743784	0	1.58205e-15
	 	 	6	6.2724e-09	2.5451e+11	9.80874e+06	0.000743784	0	2.53128e-15
	 60	5.37744e-07	9.80874e+06	0.427201	0.904157	2.11647	0.000743784	0	2.53128e-15
		 Mass/AM Itteration # 	 convergence 	 p_core 	 a 	 omega_rot 	 edge corot 	 AM error 
	 	 	1	1	2.5451e+11	9.80874e+06	0.000743784	0	1.10743e-15
	 	 	2	9.88806e-08	2.5451e+11	9.80874e+06	0.000743784	0	-1.58205e-16
	 	 	3	5.35071e-08	2.5451e+11	9.80874e+06	0.000743784	0	0
	 	 	4	1.71129e-08	2.5451e+11	9.80874e+06	0.000743784	0	1.58205e-15
	 	 	5	4.16798e-09	2.5451e+11	9.80874e+06	0.000743784	0	7.91025e-16
	 61	1.68623e-07	9.80874e+06	0.427201	0.904157	2.11647	0.000743784	5.39361e-16	7.91025e-16
		 Mass/AM Itteration # 	 convergence 	 p_core 	 a 	 omega_rot 	 edge corot 	 AM error 
	 	 	1	1	2.5451e+11	9.80874e+06	0.000743784	0	1.74025e-15
	 	 	2	4.4427e-08	2.5451e+11	9.80874e+06	0.000743784	0	2.53128e-15
	 	 	3	6.78521e-09	2.5451e+11	9.80874e+06	0.000743784	0	6.3282e-16
	 62	8.0968e-08	9.80874e+06	0.427201	0.904157	2.11647	0.000743784	5.39361e-16	6.3282e-16
		 Mass/AM Itteration # 	 convergence 	 p_core 	 a 	 omega_rot 	 edge corot 	 AM error 
	 	 	1	1	2.5451e+11	9.80875e+06	0.000743784	0	-1.58205e-15
	 	 	2	1.42787e-09	2.5451e+11	9.80875e+06	0.000743784	0	1.74025e-15
	 63	7.41944e-08	9.80875e+06	0.427201	0.904157	2.11647	0.000743784	0	1.74025e-15
		 Mass/AM Itteration # 	 convergence 	 p_core 	 a 	 omega_rot 	 edge corot 	 AM error 
	 	 	1	1	2.5451e+11	9.80875e+06	0.000743784	0	1.58205e-16
	 	 	2	5.0215e-08	2.5451e+11	9.80875e+06	0.000743784	0	7.91025e-16
	 	 	3	2.62697e-08	2.5451e+11	9.80875e+06	0.000743784	0	3.00589e-15
	 	 	4	7.13123e-09	2.5451e+11	9.80875e+06	0.000743784	0	-2.53128e-15
	 64	8.12651e-08	9.80875e+06	0.427201	0.904157	2.11647	0.000743784	-5.39361e-16	-2.53128e-15
		 Mass/AM Itteration # 	 convergence 	 p_core 	 a 	 omega_rot 	 edge corot 	 AM error 
	 	 	1	1	2.5451e+11	9.80875e+06	0.000743784	0	-4.74615e-16
	 	 	2	5.60053e-08	2.5451e+11	9.80875e+06	0.000743784	0	6.3282e-16
	 	 	3	2.68061e-08	2.5451e+11	9.80875e+06	0.000743784	0	3.1641e-15
	 	 	4	7.36461e-09	2.5451e+11	9.80875e+06	0.000743784	0	1.74025e-15
	 65	7.35728e-08	9.80875e+06	0.427201	0.904157	2.11647	0.000743784	0	1.74025e-15
		 Mass/AM Itteration # 	 convergence 	 p_core 	 a 	 omega_rot 	 edge corot 	 AM error 
	 	 	1	1	2.5451e+11	9.80876e+06	0.000743784	0	2.68948e-15
	 	 	2	6.25021e-08	2.5451e+11	9.80876e+06	0.000743784	0	-1.42384e-15
	 	 	3	2.71126e-08	2.5451e+11	9.80876e+06	0.000743784	0	6.3282e-16
	 	 	4	7.41488e-09	2.5451e+11	9.80876e+06	0.000743784	0	3.1641e-16
	 66	6.85167e-08	9.80876e+06	0.4272	0.904157	2.11647	0.000743784	-1.79787e-16	3.1641e-16
		 Mass/AM Itteration # 	 convergence 	 p_core 	 a 	 omega_rot 	 edge corot 	 AM error 
	 	 	1	1	2.5451e+11	9.80876e+06	0.000743784	0	-2.53128e-15
	 	 	2	5.99322e-08	2.5451e+11	9.80876e+06	0.000743784	0	-1.26564e-15
	 	 	3	2.52199e-08	2.5451e+11	9.80876e+06	0.000743784	0	2.21487e-15
	 	 	4	6.88188e-09	2.5451e+11	9.80876e+06	0.000743784	0	1.42384e-15
	 67	6.19154e-08	9.80876e+06	0.4272	0.904157	2.11647	0.000743784	0	1.42384e-15
		 Mass/AM Itteration # 	 convergence 	 p_core 	 a 	 omega_rot 	 edge corot 	 AM error 
	 	 	1	1	2.5451e+11	9.80876e+06	0.000743784	0	-4.42974e-15
	 	 	2	5.3544e-08	2.5451e+11	9.80876e+06	0.000743784	0	4.74615e-16
	 	 	3	2.25091e-08	2.5451e+11	9.80876e+06	0.000743784	0	4.74615e-16
	 	 	4	6.13035e-09	2.5451e+11	9.80876e+06	0.000743784	0	-1.10743e-15
	 68	5.5084e-08	9.80876e+06	0.4272	0.904157	2.11647	0.000743784	-1.79787e-16	-1.10743e-15
		 Mass/AM Itteration # 	 convergence 	 p_core 	 a 	 omega_rot 	 edge corot 	 AM error 
	 	 	1	1	2.5451e+11	9.80876e+06	0.000743784	0	1.89846e-15
	 	 	2	5.17375e-08	2.5451e+11	9.80876e+06	0.000743784	0	-1.74025e-15
	 	 	3	2.10727e-08	2.5451e+11	9.80876e+06	0.000743784	0	-3.1641e-16
	 	 	4	5.74411e-09	2.5451e+11	9.80876e+06	0.000743784	0	1.58205e-16
	 69	5.00831e-08	9.80876e+06	0.4272	0.904157	2.11647	0.000743784	3.59574e-16	1.58205e-16
		 Mass/AM Itteration # 	 convergence 	 p_core 	 a 	 omega_rot 	 edge corot 	 AM error 
	 	 	1	1	2.5451e+11	9.80876e+06	0.000743784	0	1.58205e-16
	 	 	2	4.45667e-08	2.5451e+11	9.80876e+06	0.000743784	0	-1.89846e-15
	 	 	3	1.83556e-08	2.5451e+11	9.80876e+06	0.000743784	0	-4.74615e-16
	 	 	4	4.99834e-09	2.5451e+11	9.80876e+06	0.000743784	0	7.91025e-16
	 70	4.40891e-08	9.80876e+06	0.4272	0.904157	2.11647	0.000743784	-3.59574e-16	7.91025e-16
		 Mass/AM Itteration # 	 convergence 	 p_core 	 a 	 omega_rot 	 edge corot 	 AM error 
	 	 	1	1	2.5451e+11	9.80877e+06	0.000743784	0	1.58205e-16
	 	 	2	3.89961e-08	2.5451e+11	9.80877e+06	0.000743784	0	1.26564e-15
	 	 	3	1.6181e-08	2.5451e+11	9.80877e+06	0.000743784	0	1.58205e-16
	 	 	4	4.40354e-09	2.5451e+11	9.80877e+06	0.000743784	0	4.74615e-16
	 71	3.90824e-08	9.80877e+06	0.4272	0.904157	2.11647	0.000743784	1.79787e-16	4.74615e-16
		 Mass/AM Itteration # 	 convergence 	 p_core 	 a 	 omega_rot 	 edge corot 	 AM error 
	 	 	1	1	2.5451e+11	9.80877e+06	0.000743784	0	6.3282e-16
	 	 	2	3.57031e-08	2.5451e+11	9.80877e+06	0.000743784	0	1.10743e-15
	 	 	3	1.46659e-08	2.5451e+11	9.80877e+06	0.000743784	0	-4.11333e-15
	 	 	4	3.99215e-09	2.5451e+11	9.80877e+06	0.000743784	0	-1.58205e-15
	 72	3.50718e-08	9.80877e+06	0.4272	0.904157	2.11647	0.000743784	0	-1.58205e-15
		 Mass/AM Itteration # 	 convergence 	 p_core 	 a 	 omega_rot 	 edge corot 	 AM error 
	 	 	1	1	2.5451e+11	9.80877e+06	0.000743783	0	-1.89846e-15
	 	 	2	3.31894e-08	2.5451e+11	9.80877e+06	0.000743783	0	-1.74025e-15
	 	 	3	1.33969e-08	2.5451e+11	9.80877e+06	0.000743783	0	7.91025e-16
	 	 	4	3.65031e-09	2.5451e+11	9.80877e+06	0.000743783	0	3.00589e-15
	 73	3.15487e-08	9.80877e+06	0.4272	0.904157	2.11647	0.000743783	1.79787e-16	3.00589e-15
		 Mass/AM Itteration # 	 convergence 	 p_core 	 a 	 omega_rot 	 edge corot 	 AM error 
	 	 	1	1	2.5451e+11	9.80877e+06	0.000743783	0	-3.1641e-16
	 	 	2	2.70822e-08	2.5451e+11	9.80877e+06	0.000743783	0	0
	 	 	3	1.12943e-08	2.5451e+11	9.80877e+06	0.000743783	0	-2.05666e-15
	 	 	4	3.07188e-09	2.5451e+11	9.80877e+06	0.000743783	0	4.74615e-16
	 74	2.74009e-08	9.80877e+06	0.4272	0.904157	2.11647	0.000743783	1.79787e-16	4.74615e-16
		 Mass/AM Itteration # 	 convergence 	 p_core 	 a 	 omega_rot 	 edge corot 	 AM error 
	 	 	1	1	2.5451e+11	9.80877e+06	0.000743783	0	3.1641e-16
	 	 	2	2.64068e-08	2.5451e+11	9.80877e+06	0.000743783	0	3.1641e-16
	 	 	3	1.06381e-08	2.5451e+11	9.80877e+06	0.000743783	0	1.10743e-15
	 	 	4	2.89863e-09	2.5451e+11	9.80877e+06	0.000743783	0	1.58205e-16
	 75	2.50014e-08	9.80877e+06	0.4272	0.904157	2.11647	0.000743783	7.19148e-16	1.58205e-16
		 Mass/AM Itteration # 	 convergence 	 p_core 	 a 	 omega_rot 	 edge corot 	 AM error 
	 	 	1	1	2.5451e+11	9.80877e+06	0.000743783	0	-6.3282e-16
	 	 	2	2.18751e-08	2.5451e+11	9.80877e+06	0.000743783	0	1.74025e-15
	 	 	3	9.04457e-09	2.5451e+11	9.80877e+06	0.000743783	0	1.58205e-15
	 76	2.17484e-08	9.80877e+06	0.4272	0.904157	2.11647	0.000743783	-1.79787e-16	1.58205e-15
		 Mass/AM Itteration # 	 convergence 	 p_core 	 a 	 omega_rot 	 edge corot 	 AM error 
	 	 	1	1	2.5451e+11	9.80877e+06	0.000743783	0	9.4923e-16
	 	 	2	2.06511e-08	2.5451e+11	9.80877e+06	0.000743783	0	1.89846e-15
	 	 	3	8.31791e-09	2.5451e+11	9.80877e+06	0.000743783	0	-1.58205e-16
	 77	1.95954e-08	9.80877e+06	0.4272	0.904157	2.11647	0.000743783	7.19148e-16	-1.58205e-16
		 Mass/AM Itteration # 	 convergence 	 p_core 	 a 	 omega_rot 	 edge corot 	 AM error 
	 	 	1	1	2.5451e+11	9.80877e+06	0.000743783	0	-4.74615e-16
	 	 	2	1.7781e-08	2.5451e+11	9.80877e+06	0.000743783	0	3.1641e-16
	 	 	3	7.25241e-09	2.5451e+11	9.80877e+06	0.000743783	0	-1.26564e-15
	 78	1.7275e-08	9.80877e+06	0.4272	0.904157	2.11647	0.000743783	-3.59574e-16	-1.26564e-15
		 Mass/AM Itteration # 	 convergence 	 p_core 	 a 	 omega_rot 	 edge corot 	 AM error 
	 	 	1	1	2.5451e+11	9.80877e+06	0.000743783	0	2.53128e-15
	 	 	2	1.65034e-08	2.5451e+11	9.80877e+06	0.000743783	0	6.3282e-16
	 	 	3	6.62659e-09	2.5451e+11	9.80877e+06	0.000743783	0	-1.10743e-15
	 79	1.55589e-08	9.80877e+06	0.4272	0.904157	2.11647	0.000743783	-5.39361e-16	-1.10743e-15
		 Mass/AM Itteration # 	 convergence 	 p_core 	 a 	 omega_rot 	 edge corot 	 AM error 
	 	 	1	1	2.5451e+11	9.80877e+06	0.000743783	0	-2.21487e-15
	 	 	2	1.49068e-08	2.5451e+11	9.80877e+06	0.000743783	0	2.05666e-15
	 	 	3	5.94371e-09	2.5451e+11	9.80877e+06	0.000743783	0	1.58205e-16
	 80	1.38774e-08	9.80877e+06	0.4272	0.904157	2.11647	0.000743783	0	1.58205e-16
		 Mass/AM Itteration # 	 convergence 	 p_core 	 a 	 omega_rot 	 edge corot 	 AM error 
	 	 	1	1	2.5451e+11	9.80877e+06	0.000743783	0	-9.4923e-16
	 	 	2	1.14827e-08	2.5451e+11	9.80877e+06	0.000743783	0	-2.05666e-15
	 	 	3	4.84179e-09	2.5451e+11	9.80877e+06	0.000743783	0	-4.74615e-16
	 81	1.18794e-08	9.80877e+06	0.4272	0.904157	2.11648	0.000743783	-3.59574e-16	-4.74615e-16
		 Mass/AM Itteration # 	 convergence 	 p_core 	 a 	 omega_rot 	 edge corot 	 AM error 
	 	 	1	1	2.5451e+11	9.80878e+06	0.000743783	0	-1.74025e-15
	 	 	2	1.2453e-08	2.5451e+11	9.80878e+06	0.000743783	0	1.26564e-15
	 	 	3	4.88226e-09	2.5451e+11	9.80878e+06	0.000743783	0	6.3282e-16
	 82	1.11989e-08	9.80878e+06	0.4272	0.904157	2.11648	0.000743783	1.79787e-16	6.3282e-16
		 Mass/AM Itteration # 	 convergence 	 p_core 	 a 	 omega_rot 	 edge corot 	 AM error 
	 	 	1	1	2.5451e+11	9.80878e+06	0.000743783	0	-1.58205e-16
	 	 	2	9.57725e-09	2.5451e+11	9.80878e+06	0.000743783	0	-2.05666e-15
	 83	9.40509e-09	9.80878e+06	0.4272	0.904157	2.11648	0.000743783	1.79787e-16	-2.05666e-15
Back to main
run time (s) 58011.8
