HERCULES is running
Intialising 
	 Reading input file 
	 Run name: Earth_correct_params_S3.20c_L2.2_N100_Nm1000_k6_f121_p10_l1_0_1.5
	 Input file read successful
	 Initialisation by reading start file ../../Earth_correct_params_S3.20c/Earth_correct_params_S3.20c_AM2.1/Output/Earth_correct_params_S3.20c_L2.1_N100_Nm1000_k6_f121_p10_l1_0_1.5_final
	 Initialisation complete
Itterating
	 Main Itteration # 	 convergence 	 a 	 aspect 	 ellipticity 	 l 	 omega_rot 	 Mass error 	 AM error 
		 Mass/AM Itteration # 	 convergence 	 p_core 	 a 	 omega_rot 	 edge corot 	 AM error 
	 	 	1	1	3.17287e+11	7.65143e+06	0.000704366	0	2.01902e-15
	 	 	2	0.0244594	3.09712e+11	7.67202e+06	0.000700006	0	3.56298e-16
	 	 	3	0.00776731	3.07324e+11	7.67594e+06	0.000698958	0	3.56298e-16
	 	 	4	0.00242226	3.06582e+11	7.67667e+06	0.000698727	0	-4.75064e-16
	 	 	5	0.000706551	3.06365e+11	7.67676e+06	0.000698689	0	-9.50128e-16
	 	 	6	0.000185278	3.06309e+11	7.67677e+06	0.000698683	0	4.75064e-16
	 	 	7	4.36198e-05	3.06295e+11	7.67677e+06	0.000698682	0	-4.75064e-16
	 	 	8	9.34321e-06	3.06292e+11	7.67677e+06	0.000698682	0	1.78149e-15
	 	 	9	1.8494e-06	3.06292e+11	7.67677e+06	0.000698682	0	-1.18766e-15
	 	 	10	3.41825e-07	3.06292e+11	7.67677e+06	0.000698682	0	9.50128e-16
	 	 	11	5.91898e-08	3.06292e+11	7.67677e+06	0.000698682	0	-1.18766e-16
	 	 	12	9.55718e-09	3.06292e+11	7.67677e+06	0.000698682	0	2.96915e-15
	 1	0.00395771	7.67677e+06	0.659207	0.751962	1.14071	0.000698682	3.59574e-16	2.96915e-15
		 Mass/AM Itteration # 	 convergence 	 p_core 	 a 	 omega_rot 	 edge corot 	 AM error 
	 	 	1	1	3.03248e+11	7.75134e+06	0.000687345	0	7.12596e-16
	 	 	2	0.0142163	3.07621e+11	7.74155e+06	0.000689422	0	0
	 	 	3	0.00457911	3.09037e+11	7.73947e+06	0.000689982	0	-4.75064e-16
	 	 	4	0.00139935	3.0947e+11	7.73918e+06	0.000690079	0	2.37532e-15
	 	 	5	0.000383484	3.09588e+11	7.73915e+06	0.000690095	0	-3.56298e-16
	 	 	6	9.41347e-05	3.09617e+11	7.73914e+06	0.000690097	0	-5.9383e-16
	 	 	7	2.09732e-05	3.09624e+11	7.73914e+06	0.000690098	0	4.75064e-16
	 	 	8	4.30929e-06	3.09625e+11	7.73914e+06	0.000690098	0	1.30643e-15
	 	 	9	8.27434e-07	3.09626e+11	7.73914e+06	0.000690098	0	4.75064e-16
	 	 	10	1.49418e-07	3.09626e+11	7.73914e+06	0.000690098	0	-5.9383e-16
	 	 	11	2.54007e-08	3.09626e+11	7.73914e+06	0.000690098	0	-1.90026e-15
	 	 	12	4.04217e-09	3.09626e+11	7.73914e+06	0.000690098	0	-4.75064e-16
	 2	0.00414866	7.73914e+06	0.644032	0.764998	1.18783	0.000690098	1.79787e-16	-4.75064e-16
		 Mass/AM Itteration # 	 convergence 	 p_core 	 a 	 omega_rot 	 edge corot 	 AM error 
	 	 	1	1	3.08356e+11	7.76127e+06	0.000686473	0	9.50128e-16
	 	 	2	0.00518291	3.09962e+11	7.7578e+06	0.000687214	0	-2.37532e-16
	 	 	3	0.00157947	3.10452e+11	7.75723e+06	0.000687367	0	-2.25656e-15
	 	 	4	0.000451524	3.10593e+11	7.75715e+06	0.000687395	0	9.50128e-16
	 	 	5	0.000118054	3.10629e+11	7.75714e+06	0.000687399	0	-2.85039e-15
	 	 	6	2.81781e-05	3.10638e+11	7.75714e+06	0.0006874	0	2.37532e-16
	 	 	7	6.19232e-06	3.1064e+11	7.75714e+06	0.0006874	0	4.75064e-16
	 	 	8	1.26542e-06	3.1064e+11	7.75714e+06	0.0006874	0	2.49409e-15
	 	 	9	2.42355e-07	3.1064e+11	7.75714e+06	0.0006874	0	0
	 	 	10	4.36881e-08	3.10641e+11	7.75714e+06	0.0006874	0	9.50128e-16
	 	 	11	7.41007e-09	3.10641e+11	7.75714e+06	0.0006874	0	3.56298e-16
	 3	0.00134077	7.75714e+06	0.640031	0.768349	1.20049	0.0006874	0	3.56298e-16
		 Mass/AM Itteration # 	 convergence 	 p_core 	 a 	 omega_rot 	 edge corot 	 AM error 
	 	 	1	1	3.10147e+11	7.76322e+06	0.000686316	0	-1.30643e-15
	 	 	2	0.00187719	3.10731e+11	7.76216e+06	0.000686538	0	-2.13779e-15
	 	 	3	0.000524934	3.10894e+11	7.76199e+06	0.000686585	0	1.18766e-15
	 	 	4	0.000142354	3.10938e+11	7.76196e+06	0.000686594	0	-3.56298e-16
	 	 	5	3.64645e-05	3.1095e+11	7.76196e+06	0.000686595	0	-1.42519e-15
	 	 	6	8.67023e-06	3.10952e+11	7.76196e+06	0.000686596	0	5.9383e-16
	 	 	7	1.9096e-06	3.10953e+11	7.76196e+06	0.000686596	0	-4.75064e-16
	 	 	8	3.91726e-07	3.10953e+11	7.76196e+06	0.000686596	0	-9.50128e-16
	 	 	9	7.53223e-08	3.10953e+11	7.76196e+06	0.000686596	0	-7.12596e-16
	 	 	10	1.36298e-08	3.10953e+11	7.76196e+06	0.000686596	0	1.42519e-15
	 	 	11	2.32054e-09	3.10953e+11	7.76196e+06	0.000686596	0	-1.66272e-15
	 4	0.000385812	7.76196e+06	0.638907	0.769284	1.20406	0.000686596	-3.59574e-16	-1.66272e-15
		 Mass/AM Itteration # 	 convergence 	 p_core 	 a 	 omega_rot 	 edge corot 	 AM error 
	 	 	1	1	3.10766e+11	7.76361e+06	0.000686258	0	-2.96915e-15
	 	 	2	0.000670727	3.10975e+11	7.76326e+06	0.000686333	0	4.75064e-16
	 	 	3	0.000178347	3.1103e+11	7.7632e+06	0.000686348	0	-1.18766e-16
	 	 	4	4.70558e-05	3.11045e+11	7.76319e+06	0.000686351	0	-1.30643e-15
	 	 	5	1.19409e-05	3.11048e+11	7.76319e+06	0.000686351	0	1.30643e-15
	 	 	6	2.83216e-06	3.11049e+11	7.76319e+06	0.000686352	0	-1.18766e-15
	 	 	7	6.23012e-07	3.11049e+11	7.76319e+06	0.000686352	0	-8.31362e-16
	 	 	8	1.27597e-07	3.11049e+11	7.76319e+06	0.000686352	0	9.50128e-16
	 	 	9	2.44785e-08	3.11049e+11	7.76319e+06	0.000686352	0	-1.06889e-15
	 	 	10	4.41585e-09	3.11049e+11	7.76319e+06	0.000686352	0	-2.01902e-15
	 5	0.00010944	7.76319e+06	0.638579	0.769556	1.20511	0.000686352	0	-2.01902e-15
		 Mass/AM Itteration # 	 convergence 	 p_core 	 a 	 omega_rot 	 edge corot 	 AM error 
	 	 	1	1	3.10979e+11	7.76362e+06	0.000686245	0	1.42519e-15
	 	 	2	0.000239916	3.11054e+11	7.7635e+06	0.00068627	0	-1.06889e-15
	 	 	3	6.09934e-05	3.11073e+11	7.76348e+06	0.000686275	0	-8.31362e-16
	 	 	4	1.56532e-05	3.11078e+11	7.76348e+06	0.000686276	0	-1.30643e-15
	 	 	5	3.94698e-06	3.11079e+11	7.76348e+06	0.000686276	0	4.51311e-15
	 	 	6	9.37097e-07	3.11079e+11	7.76348e+06	0.000686276	0	-2.37532e-16
	 	 	7	2.06488e-07	3.11079e+11	7.76348e+06	0.000686276	0	-1.18766e-16
	 	 	8	4.23355e-08	3.11079e+11	7.76348e+06	0.000686276	0	3.80051e-15
	 	 	9	8.12595e-09	3.11079e+11	7.76348e+06	0.000686276	0	-2.61285e-15
	 6	3.07123e-05	7.76348e+06	0.63848	0.769638	1.20542	0.000686276	0	-2.61285e-15
		 Mass/AM Itteration # 	 convergence 	 p_core 	 a 	 omega_rot 	 edge corot 	 AM error 
	 	 	1	1	3.11053e+11	7.76358e+06	0.000686242	0	2.25656e-15
	 	 	2	8.60175e-05	3.1108e+11	7.76354e+06	0.00068625	0	9.50128e-16
	 	 	3	2.09753e-05	3.11086e+11	7.76354e+06	0.000686252	0	7.12596e-16
	 	 	4	5.26091e-06	3.11088e+11	7.76354e+06	0.000686253	0	-1.54396e-15
	 	 	5	1.32143e-06	3.11088e+11	7.76354e+06	0.000686253	0	1.06889e-15
	 	 	6	3.14239e-07	3.11088e+11	7.76354e+06	0.000686253	0	2.37532e-16
	 	 	7	6.93885e-08	3.11088e+11	7.76354e+06	0.000686253	0	9.50128e-16
	 	 	8	1.42496e-08	3.11088e+11	7.76354e+06	0.000686253	0	1.42519e-15
	 	 	9	2.73839e-09	3.11088e+11	7.76354e+06	0.000686253	0	1.90026e-15
	 7	8.43373e-06	7.76354e+06	0.63845	0.769663	1.20552	0.000686253	0	1.90026e-15
		 Mass/AM Itteration # 	 convergence 	 p_core 	 a 	 omega_rot 	 edge corot 	 AM error 
	 	 	1	1	3.11079e+11	7.76356e+06	0.000686241	0	0
	 	 	2	3.09969e-05	3.11088e+11	7.76355e+06	0.000686244	0	-7.12596e-16
	 	 	3	7.30931e-06	3.11091e+11	7.76354e+06	0.000686245	0	-1.30643e-15
	 	 	4	1.7965e-06	3.11091e+11	7.76354e+06	0.000686245	0	1.18766e-15
	 	 	5	4.4906e-07	3.11091e+11	7.76354e+06	0.000686245	0	-2.37532e-16
	 	 	6	1.06878e-07	3.11091e+11	7.76354e+06	0.000686245	0	4.75064e-16
	 	 	7	2.36377e-08	3.11091e+11	7.76354e+06	0.000686245	0	2.37532e-16
	 	 	8	4.86033e-09	3.11091e+11	7.76354e+06	0.000686245	0	1.18766e-16
	 8	2.27592e-06	7.76354e+06	0.638441	0.769671	1.20555	0.000686245	0	1.18766e-16
		 Mass/AM Itteration # 	 convergence 	 p_core 	 a 	 omega_rot 	 edge corot 	 AM error 
	 	 	1	1	3.11088e+11	7.76355e+06	0.000686241	0	2.25656e-15
	 	 	2	1.12359e-05	3.11091e+11	7.76354e+06	0.000686242	0	8.31362e-16
	 	 	3	2.57589e-06	3.11092e+11	7.76354e+06	0.000686243	0	-2.13779e-15
	 	 	4	6.2215e-07	3.11092e+11	7.76354e+06	0.000686243	0	-8.31362e-16
	 	 	5	1.55093e-07	3.11092e+11	7.76354e+06	0.000686243	0	2.37532e-16
	 	 	6	3.70004e-08	3.11092e+11	7.76354e+06	0.000686243	0	-9.50128e-16
	 	 	7	8.20522e-09	3.11092e+11	7.76354e+06	0.000686243	0	-5.9383e-16
	 9	5.92609e-07	7.76354e+06	0.638438	0.769673	1.20556	0.000686243	0	-5.9383e-16
		 Mass/AM Itteration # 	 convergence 	 p_core 	 a 	 omega_rot 	 edge corot 	 AM error 
	 	 	1	1	3.11091e+11	7.76354e+06	0.000686241	0	-7.12596e-16
	 	 	2	4.04721e-06	3.11092e+11	7.76354e+06	0.000686242	0	-1.18766e-16
	 	 	3	8.98137e-07	3.11092e+11	7.76354e+06	0.000686242	0	-2.25656e-15
	 	 	4	2.12743e-07	3.11092e+11	7.76354e+06	0.000686242	0	-1.30643e-15
	 	 	5	5.2982e-08	3.11093e+11	7.76354e+06	0.000686242	0	5.9383e-16
	 	 	6	1.2702e-08	3.11093e+11	7.76354e+06	0.000686242	0	-1.18766e-15
	 	 	7	2.83023e-09	3.11093e+11	7.76354e+06	0.000686242	0	0
	 10	1.2023e-07	7.76354e+06	0.638437	0.769674	1.20556	0.000686242	1.79787e-16	0
		 Mass/AM Itteration # 	 convergence 	 p_core 	 a 	 omega_rot 	 edge corot 	 AM error 
	 	 	1	1	3.11092e+11	7.76354e+06	0.000686241	0	-5.9383e-16
	 	 	2	1.4328e-06	3.11092e+11	7.76354e+06	0.000686241	0	-7.12596e-16
	 	 	3	3.03193e-07	3.11093e+11	7.76354e+06	0.000686241	0	-2.37532e-16
	 	 	4	6.97643e-08	3.11093e+11	7.76354e+06	0.000686241	0	5.9383e-16
	 	 	5	1.73792e-08	3.11093e+11	7.76354e+06	0.000686241	0	-1.66272e-15
	 	 	6	4.20549e-09	3.11093e+11	7.76354e+06	0.000686241	0	0
	 11	3.37454e-09	7.76354e+06	0.638437	0.769674	1.20556	0.000686241	1.79787e-16	0
Back to main
run time (s) 2667.92
